
[t=00:08] 🔴 HIGH QRM — 50%+ confusion — multiple stations or heavy interference
          SNR: 99.0dB
          freq: 570Hz
          dot: 100ms
          dash: 115ms
          ratio: 1.14x
          confusion: 100.0%

[t=00:10] 🔴 HIGH QRM — 50%+ confusion — multiple stations or heavy interference
          SNR: 99.0dB
          freq: 570Hz
          dot: 100ms
          dash: 115ms
          ratio: 1.15x
          confusion: 100.0%

[t=00:11] 🔴 HIGH QRM — 50%+ confusion — multiple stations or heavy interference
          SNR: 99.0dB
          freq: 570Hz
          dot: 100ms
          dash: 115ms
          ratio: 1.15x
          confusion: 100.0%

[t=00:12] 🔴 HIGH QRM — 50%+ confusion — multiple stations or heavy interference
          SNR: 99.0dB
          freq: 570Hz
          dot: 100ms
          dash: 115ms
          ratio: 1.15x
          confusion: 100.0%

[t=00:13] 🔴 HIGH QRM — 50%+ confusion — multiple stations or heavy interference
          SNR: 99.0dB
          freq: 570Hz
          dot: 83ms
          dash: 115ms
          ratio: 1.38x
          confusion: 100.0%

[t=00:14] 🔴 HIGH QRM — 50%+ confusion — multiple stations or heavy interference
          SNR: 99.0dB
          freq: 570Hz
          dot: 100ms
          dash: 115ms
          ratio: 1.15x
          confusion: 100.0%

[t=00:15] 🔴 HIGH QRM — 50%+ confusion — multiple stations or heavy interference
          SNR: 99.0dB
          freq: 570Hz
          dot: 100ms
          dash: 115ms
          ratio: 1.15x
          confusion: 100.0%

[t=00:16] 🔴 HIGH QRM — 50%+ confusion — multiple stations or heavy interference
          SNR: 99.0dB
          freq: 570Hz
          dot: 97ms
          dash: 115ms
          ratio: 1.19x
          confusion: 100.0%

[t=00:17] 🔴 HIGH QRM — 50%+ confusion — multiple stations or heavy interference
          SNR: 99.0dB
          freq: 570Hz
          dot: 78ms
          dash: 115ms
          ratio: 1.46x
          confusion: 100.0%

[t=00:18] 🔴 HIGH QRM — 50%+ confusion — multiple stations or heavy interference
          SNR: 99.0dB
          freq: 570Hz
          dot: 85ms
          dash: 115ms
          ratio: 1.35x
          confusion: 100.0%

[t=00:19] 🔴 HIGH QRM — 50%+ confusion — multiple stations or heavy interference
          SNR: 99.0dB
          freq: 570Hz
          dot: 55ms
          dash: 115ms
          ratio: 2.09x
          confusion: 100.0%

[t=00:20] 🔴 HIGH QRM — 50%+ confusion — multiple stations or heavy interference
          SNR: 99.0dB
          freq: 570Hz
          dot: 100ms
          dash: 115ms
          ratio: 1.14x
          confusion: 100.0%

[t=00:21] 🔴 HIGH QRM — 50%+ confusion — multiple stations or heavy interference
          SNR: 99.0dB
          freq: 570Hz
          dot: 100ms
          dash: 115ms
          ratio: 1.15x
          confusion: 100.0%

[t=00:22] 🔴 HIGH QRM — 50%+ confusion — multiple stations or heavy interference
          SNR: 99.0dB
          freq: 570Hz
          dot: 100ms
          dash: 115ms
          ratio: 1.15x
          confusion: 100.0%

[t=00:23] 🔴 HIGH QRM — 50%+ confusion — multiple stations or heavy interference
          SNR: 99.0dB
          freq: 570Hz
          dot: 100ms
          dash: 115ms
          ratio: 1.15x
          confusion: 100.0%

[t=00:24] 🔴 HIGH QRM — 50%+ confusion — multiple stations or heavy interference
          SNR: 99.0dB
          freq: 570Hz
          dot: 100ms
          dash: 115ms
          ratio: 1.15x
          confusion: 100.0%

[t=00:25] 🔴 HIGH QRM — 50%+ confusion — multiple stations or heavy interference
          SNR: 99.0dB
          freq: 570Hz
          dot: 100ms
          dash: 115ms
          ratio: 1.15x
          confusion: 100.0%

[t=00:26] 🔴 HIGH QRM — 50%+ confusion — multiple stations or heavy interference
          SNR: 99.0dB
          freq: 570Hz
          dot: 100ms
          dash: 115ms
          ratio: 1.15x
          confusion: 100.0%

[t=00:27] 🔴 HIGH QRM — 50%+ confusion — multiple stations or heavy interference
          SNR: 99.0dB
          freq: 570Hz
          dot: 79ms
          dash: 115ms
          ratio: 1.46x
          confusion: 100.0%

[t=00:28] 🔴 HIGH QRM — 50%+ confusion — multiple stations or heavy interference
          SNR: 99.0dB
          freq: 570Hz
          dot: 100ms
          dash: 115ms
          ratio: 1.15x
          confusion: 100.0%

[t=00:30] 🔴 HIGH QRM — 50%+ confusion — multiple stations or heavy interference
          SNR: 99.0dB
          freq: 570Hz
          dot: 104ms
          dash: 115ms
          ratio: 1.11x
          confusion: 100.0%

[t=00:31] 🔴 HIGH QRM — 50%+ confusion — multiple stations or heavy interference
          SNR: 99.0dB
          freq: 570Hz
          dot: 79ms
          dash: 115ms
          ratio: 1.46x
          confusion: 100.0%

[t=00:32] 🔴 HIGH QRM — 50%+ confusion — multiple stations or heavy interference
          SNR: 99.0dB
          freq: 570Hz
          dot: 100ms
          dash: 115ms
          ratio: 1.15x
          confusion: 100.0%

[t=00:33] 🔴 HIGH QRM — 50%+ confusion — multiple stations or heavy interference
          SNR: 99.0dB
          freq: 570Hz
          dot: 100ms
          dash: 115ms
          ratio: 1.15x
          confusion: 100.0%

[t=00:34] 🔴 HIGH QRM — 50%+ confusion — multiple stations or heavy interference
          SNR: 99.0dB
          freq: 570Hz
          dot: 104ms
          dash: 115ms
          ratio: 1.11x
          confusion: 100.0%

[t=00:35] 🔴 HIGH QRM — 50%+ confusion — multiple stations or heavy interference
          SNR: 99.0dB
          freq: 570Hz
          dot: 100ms
          dash: 115ms
          ratio: 1.15x
          confusion: 100.0%

[t=00:36] 🔴 HIGH QRM — 50%+ confusion — multiple stations or heavy interference
          SNR: 99.0dB
          freq: 570Hz
          dot: 77ms
          dash: 115ms
          ratio: 1.48x
          confusion: 100.0%

[t=00:37] 🔴 HIGH QRM — 50%+ confusion — multiple stations or heavy interference
          SNR: 99.0dB
          freq: 570Hz
          dot: 100ms
          dash: 115ms
          ratio: 1.14x
          confusion: 100.0%

[t=00:38] 🔴 HIGH QRM — 50%+ confusion — multiple stations or heavy interference
          SNR: 99.0dB
          freq: 570Hz
          dot: 100ms
          dash: 115ms
          ratio: 1.15x
          confusion: 100.0%

[t=00:39] 🔴 HIGH QRM — 50%+ confusion — multiple stations or heavy interference
          SNR: 99.0dB
          freq: 570Hz
          dot: 97ms
          dash: 115ms
          ratio: 1.19x
          confusion: 100.0%

[t=00:40] 🔴 HIGH QRM — 50%+ confusion — multiple stations or heavy interference
          SNR: 99.0dB
          freq: 570Hz
          dot: 30ms
          dash: 115ms
          ratio: 3.83x
          confusion: 100.0%

[t=00:41] 🔴 HIGH QRM — 50%+ confusion — multiple stations or heavy interference
          SNR: 99.0dB
          freq: 570Hz
          dot: 80ms
          dash: 115ms
          ratio: 1.43x
          confusion: 100.0%

[t=00:42] 🔴 HIGH QRM — 50%+ confusion — multiple stations or heavy interference
          SNR: 99.0dB
          freq: 570Hz
          dot: 100ms
          dash: 115ms
          ratio: 1.15x
          confusion: 100.0%

[t=00:43] 🔴 HIGH QRM — 50%+ confusion — multiple stations or heavy interference
          SNR: 99.0dB
          freq: 570Hz
          dot: 100ms
          dash: 115ms
          ratio: 1.15x
          confusion: 100.0%

[t=00:44] 🔴 HIGH QRM — 50%+ confusion — multiple stations or heavy interference
          SNR: 99.0dB
          freq: 570Hz
          dot: 100ms
          dash: 115ms
          ratio: 1.15x
          confusion: 100.0%

[t=00:45] 🔴 HIGH QRM — 50%+ confusion — multiple stations or heavy interference
          SNR: 99.0dB
          freq: 570Hz
          dot: 83ms
          dash: 115ms
          ratio: 1.38x
          confusion: 100.0%

[t=00:46] 🔴 HIGH QRM — 50%+ confusion — multiple stations or heavy interference
          SNR: 99.0dB
          freq: 570Hz
          dot: 100ms
          dash: 115ms
          ratio: 1.15x
          confusion: 100.0%

[t=00:47] 🔴 HIGH QRM — 50%+ confusion — multiple stations or heavy interference
          SNR: 99.0dB
          freq: 570Hz
          dot: 100ms
          dash: 115ms
          ratio: 1.15x
          confusion: 100.0%

[t=00:48] 🔴 HIGH QRM — 50%+ confusion — multiple stations or heavy interference
          SNR: 99.0dB
          freq: 570Hz
          dot: 97ms
          dash: 115ms
          ratio: 1.19x
          confusion: 100.0%

[t=00:49] 🔴 HIGH QRM — 50%+ confusion — multiple stations or heavy interference
          SNR: 99.0dB
          freq: 570Hz
          dot: 78ms
          dash: 115ms
          ratio: 1.46x
          confusion: 100.0%

[t=00:50] 🔴 HIGH QRM — 50%+ confusion — multiple stations or heavy interference
          SNR: 99.0dB
          freq: 570Hz
          dot: 85ms
          dash: 115ms
          ratio: 1.35x
          confusion: 100.0%

[t=00:52] 🔴 HIGH QRM — 50%+ confusion — multiple stations or heavy interference
          SNR: 99.0dB
          freq: 570Hz
          dot: 55ms
          dash: 115ms
          ratio: 2.09x
          confusion: 100.0%

[t=00:53] 🔴 HIGH QRM — 50%+ confusion — multiple stations or heavy interference
          SNR: 99.0dB
          freq: 570Hz
          dot: 100ms
          dash: 115ms
          ratio: 1.14x
          confusion: 100.0%

[t=00:54] 🔴 HIGH QRM — 50%+ confusion — multiple stations or heavy interference
          SNR: 99.0dB
          freq: 570Hz
          dot: 100ms
          dash: 115ms
          ratio: 1.15x
          confusion: 100.0%

[t=00:55] 🔴 HIGH QRM — 50%+ confusion — multiple stations or heavy interference
          SNR: 99.0dB
          freq: 570Hz
          dot: 100ms
          dash: 115ms
          ratio: 1.15x
          confusion: 100.0%

[t=00:56] 🔴 HIGH QRM — 50%+ confusion — multiple stations or heavy interference
          SNR: 99.0dB
          freq: 570Hz
          dot: 100ms
          dash: 115ms
          ratio: 1.15x
          confusion: 100.0%

[t=00:57] 🔴 HIGH QRM — 50%+ confusion — multiple stations or heavy interference
          SNR: 99.0dB
          freq: 570Hz
          dot: 100ms
          dash: 115ms
          ratio: 1.15x
          confusion: 100.0%

[t=00:58] 🔴 HIGH QRM — 50%+ confusion — multiple stations or heavy interference
          SNR: 99.0dB
          freq: 570Hz
          dot: 100ms
          dash: 115ms
          ratio: 1.15x
          confusion: 100.0%

[t=00:59] 🔴 HIGH QRM — 50%+ confusion — multiple stations or heavy interference
          SNR: 99.0dB
          freq: 570Hz
          dot: 79ms
          dash: 115ms
          ratio: 1.46x
          confusion: 100.0%

[t=01:00] 🔴 HIGH QRM — 50%+ confusion — multiple stations or heavy interference
          SNR: 99.0dB
          freq: 570Hz
          dot: 100ms
          dash: 115ms
          ratio: 1.15x
          confusion: 100.0%

[t=01:01] 🔴 HIGH QRM — 50%+ confusion — multiple stations or heavy interference
          SNR: 99.0dB
          freq: 570Hz
          dot: 104ms
          dash: 115ms
          ratio: 1.11x
          confusion: 100.0%

[t=01:02] 🔴 HIGH QRM — 50%+ confusion — multiple stations or heavy interference
          SNR: 99.0dB
          freq: 570Hz
          dot: 79ms
          dash: 115ms
          ratio: 1.46x
          confusion: 100.0%

[t=01:03] 🔴 HIGH QRM — 50%+ confusion — multiple stations or heavy interference
          SNR: 99.0dB
          freq: 570Hz
          dot: 100ms
          dash: 115ms
          ratio: 1.15x
          confusion: 100.0%

[t=01:04] 🔴 HIGH QRM — 50%+ confusion — multiple stations or heavy interference
          SNR: 99.0dB
          freq: 570Hz
          dot: 100ms
          dash: 115ms
          ratio: 1.15x
          confusion: 100.0%

[t=01:05] 🔴 HIGH QRM — 50%+ confusion — multiple stations or heavy interference
          SNR: 99.0dB
          freq: 570Hz
          dot: 100ms
          dash: 115ms
          ratio: 1.15x
          confusion: 100.0%

[t=01:06] 🔴 HIGH QRM — 50%+ confusion — multiple stations or heavy interference
          SNR: 99.0dB
          freq: 570Hz
          dot: 104ms
          dash: 115ms
          ratio: 1.11x
          confusion: 100.0%

[t=01:07] 🔴 HIGH QRM — 50%+ confusion — multiple stations or heavy interference
          SNR: 99.0dB
          freq: 570Hz
          dot: 100ms
          dash: 115ms
          ratio: 1.15x
          confusion: 100.0%

[t=01:08] 🔴 HIGH QRM — 50%+ confusion — multiple stations or heavy interference
          SNR: 99.0dB
          freq: 570Hz
          dot: 77ms
          dash: 115ms
          ratio: 1.48x
          confusion: 100.0%

[t=01:09] 🔴 HIGH QRM — 50%+ confusion — multiple stations or heavy interference
          SNR: 99.0dB
          freq: 570Hz
          dot: 100ms
          dash: 115ms
          ratio: 1.14x
          confusion: 100.0%

[t=01:10] 🔴 HIGH QRM — 50%+ confusion — multiple stations or heavy interference
          SNR: 99.0dB
          freq: 570Hz
          dot: 100ms
          dash: 115ms
          ratio: 1.15x
          confusion: 100.0%

[t=01:11] 🔴 HIGH QRM — 50%+ confusion — multiple stations or heavy interference
          SNR: 99.0dB
          freq: 570Hz
          dot: 97ms
          dash: 115ms
          ratio: 1.19x
          confusion: 100.0%

[t=01:12] 🔴 HIGH QRM — 50%+ confusion — multiple stations or heavy interference
          SNR: 99.0dB
          freq: 570Hz
          dot: 30ms
          dash: 115ms
          ratio: 3.83x
          confusion: 100.0%

[t=01:14] 🔴 HIGH QRM — 50%+ confusion — multiple stations or heavy interference
          SNR: 99.0dB
          freq: 570Hz
          dot: 80ms
          dash: 115ms
          ratio: 1.43x
          confusion: 100.0%

[t=01:15] 🔴 HIGH QRM — 50%+ confusion — multiple stations or heavy interference
          SNR: 99.0dB
          freq: 570Hz
          dot: 100ms
          dash: 115ms
          ratio: 1.15x
          confusion: 100.0%

[t=01:16] 🔴 HIGH QRM — 50%+ confusion — multiple stations or heavy interference
          SNR: 99.0dB
          freq: 570Hz
          dot: 100ms
          dash: 115ms
          ratio: 1.15x
          confusion: 100.0%

[t=01:17] 🔴 HIGH QRM — 50%+ confusion — multiple stations or heavy interference
          SNR: 99.0dB
          freq: 570Hz
          dot: 83ms
          dash: 115ms
          ratio: 1.38x
          confusion: 100.0%

[t=01:18] 🔴 HIGH QRM — 50%+ confusion — multiple stations or heavy interference
          SNR: 99.0dB
          freq: 570Hz
          dot: 100ms
          dash: 115ms
          ratio: 1.15x
          confusion: 100.0%

[t=01:19] 🔴 HIGH QRM — 50%+ confusion — multiple stations or heavy interference
          SNR: 99.0dB
          freq: 570Hz
          dot: 100ms
          dash: 115ms
          ratio: 1.15x
          confusion: 100.0%

[t=01:20] 🔴 HIGH QRM — 50%+ confusion — multiple stations or heavy interference
          SNR: 99.0dB
          freq: 570Hz
          dot: 97ms
          dash: 115ms
          ratio: 1.19x
          confusion: 100.0%

[t=01:21] 🔴 HIGH QRM — 50%+ confusion — multiple stations or heavy interference
          SNR: 99.0dB
          freq: 570Hz
          dot: 78ms
          dash: 115ms
          ratio: 1.46x
          confusion: 100.0%

[t=01:22] 🔴 HIGH QRM — 50%+ confusion — multiple stations or heavy interference
          SNR: 99.0dB
          freq: 570Hz
          dot: 85ms
          dash: 115ms
          ratio: 1.35x
          confusion: 100.0%

[t=01:23] 🔴 HIGH QRM — 50%+ confusion — multiple stations or heavy interference
          SNR: 99.0dB
          freq: 570Hz
          dot: 55ms
          dash: 115ms
          ratio: 2.09x
          confusion: 100.0%

[t=01:24] 🔴 HIGH QRM — 50%+ confusion — multiple stations or heavy interference
          SNR: 99.0dB
          freq: 570Hz
          dot: 100ms
          dash: 115ms
          ratio: 1.14x
          confusion: 100.0%

[t=01:25] 🔴 HIGH QRM — 50%+ confusion — multiple stations or heavy interference
          SNR: 99.0dB
          freq: 570Hz
          dot: 100ms
          dash: 115ms
          ratio: 1.15x
          confusion: 100.0%

[t=01:26] 🔴 HIGH QRM — 50%+ confusion — multiple stations or heavy interference
          SNR: 99.0dB
          freq: 570Hz
          dot: 100ms
          dash: 115ms
          ratio: 1.15x
          confusion: 100.0%

[t=01:27] 🔴 HIGH QRM — 50%+ confusion — multiple stations or heavy interference
          SNR: 99.0dB
          freq: 570Hz
          dot: 100ms
          dash: 115ms
          ratio: 1.15x
          confusion: 100.0%

[t=01:28] 🔴 HIGH QRM — 50%+ confusion — multiple stations or heavy interference
          SNR: 99.0dB
          freq: 570Hz
          dot: 100ms
          dash: 115ms
          ratio: 1.15x
          confusion: 100.0%

[t=01:29] 🔴 HIGH QRM — 50%+ confusion — multiple stations or heavy interference
          SNR: 99.0dB
          freq: 570Hz
          dot: 100ms
          dash: 115ms
          ratio: 1.15x
          confusion: 100.0%

[t=01:30] 🔴 HIGH QRM — 50%+ confusion — multiple stations or heavy interference
          SNR: 99.0dB
          freq: 570Hz
          dot: 100ms
          dash: 115ms
          ratio: 1.15x
          confusion: 100.0%

[t=01:31] 🔴 HIGH QRM — 50%+ confusion — multiple stations or heavy interference
          SNR: 99.0dB
          freq: 570Hz
          dot: 79ms
          dash: 115ms
          ratio: 1.46x
          confusion: 100.0%

[t=01:32] 🔴 HIGH QRM — 50%+ confusion — multiple stations or heavy interference
          SNR: 99.0dB
          freq: 570Hz
          dot: 100ms
          dash: 115ms
          ratio: 1.15x
          confusion: 100.0%

[t=01:33] 🔴 HIGH QRM — 50%+ confusion — multiple stations or heavy interference
          SNR: 99.0dB
          freq: 570Hz
          dot: 104ms
          dash: 115ms
          ratio: 1.11x
          confusion: 100.0%

[t=01:34] 🔴 HIGH QRM — 50%+ confusion — multiple stations or heavy interference
          SNR: 99.0dB
          freq: 570Hz
          dot: 79ms
          dash: 115ms
          ratio: 1.46x
          confusion: 100.0%

[t=01:35] 🔴 HIGH QRM — 50%+ confusion — multiple stations or heavy interference
          SNR: 99.0dB
          freq: 570Hz
          dot: 100ms
          dash: 115ms
          ratio: 1.15x
          confusion: 100.0%

[t=01:37] 🔴 HIGH QRM — 50%+ confusion — multiple stations or heavy interference
          SNR: 99.0dB
          freq: 570Hz
          dot: 100ms
          dash: 115ms
          ratio: 1.15x
          confusion: 100.0%

[t=01:38] 🔴 HIGH QRM — 50%+ confusion — multiple stations or heavy interference
          SNR: 99.0dB
          freq: 570Hz
          dot: 100ms
          dash: 115ms
          ratio: 1.15x
          confusion: 100.0%

[t=01:39] 🔴 HIGH QRM — 50%+ confusion — multiple stations or heavy interference
          SNR: 99.0dB
          freq: 570Hz
          dot: 100ms
          dash: 115ms
          ratio: 1.15x
          confusion: 100.0%

[t=01:40] 🔴 HIGH QRM — 50%+ confusion — multiple stations or heavy interference
          SNR: 99.0dB
          freq: 570Hz
          dot: 77ms
          dash: 115ms
          ratio: 1.48x
          confusion: 100.0%

[t=01:41] 🔴 HIGH QRM — 50%+ confusion — multiple stations or heavy interference
          SNR: 99.0dB
          freq: 570Hz
          dot: 100ms
          dash: 115ms
          ratio: 1.14x
          confusion: 100.0%

[t=01:42] 🔴 HIGH QRM — 50%+ confusion — multiple stations or heavy interference
          SNR: 99.0dB
          freq: 570Hz
          dot: 100ms
          dash: 115ms
          ratio: 1.15x
          confusion: 100.0%

[t=01:43] 🔴 HIGH QRM — 50%+ confusion — multiple stations or heavy interference
          SNR: 99.0dB
          freq: 570Hz
          dot: 97ms
          dash: 115ms
          ratio: 1.19x
          confusion: 100.0%

[t=01:44] 🔴 HIGH QRM — 50%+ confusion — multiple stations or heavy interference
          SNR: 99.0dB
          freq: 570Hz
          dot: 30ms
          dash: 115ms
          ratio: 3.83x
          confusion: 100.0%

[t=01:45] 🔴 HIGH QRM — 50%+ confusion — multiple stations or heavy interference
          SNR: 99.0dB
          freq: 570Hz
          dot: 80ms
          dash: 115ms
          ratio: 1.43x
          confusion: 100.0%

[t=01:46] 🔴 HIGH QRM — 50%+ confusion — multiple stations or heavy interference
          SNR: 99.0dB
          freq: 570Hz
          dot: 100ms
          dash: 115ms
          ratio: 1.15x
          confusion: 100.0%

[t=01:47] 🔴 HIGH QRM — 50%+ confusion — multiple stations or heavy interference
          SNR: 99.0dB
          freq: 570Hz
          dot: 100ms
          dash: 115ms
          ratio: 1.15x
          confusion: 100.0%

[t=01:48] 🔴 HIGH QRM — 50%+ confusion — multiple stations or heavy interference
          SNR: 99.0dB
          freq: 570Hz
          dot: 100ms
          dash: 115ms
          ratio: 1.15x
          confusion: 100.0%

[t=01:49] 🔴 HIGH QRM — 50%+ confusion — multiple stations or heavy interference
          SNR: 99.0dB
          freq: 570Hz
          dot: 83ms
          dash: 115ms
          ratio: 1.38x
          confusion: 100.0%

[t=01:50] 🔴 HIGH QRM — 50%+ confusion — multiple stations or heavy interference
          SNR: 99.0dB
          freq: 570Hz
          dot: 100ms
          dash: 115ms
          ratio: 1.15x
          confusion: 100.0%

[t=01:51] 🔴 HIGH QRM — 50%+ confusion — multiple stations or heavy interference
          SNR: 99.0dB
          freq: 570Hz
          dot: 100ms
          dash: 115ms
          ratio: 1.15x
          confusion: 100.0%

[t=01:52] 🔴 HIGH QRM — 50%+ confusion — multiple stations or heavy interference
          SNR: 99.0dB
          freq: 570Hz
          dot: 97ms
          dash: 115ms
          ratio: 1.19x
          confusion: 100.0%

[t=01:53] 🔴 HIGH QRM — 50%+ confusion — multiple stations or heavy interference
          SNR: 99.0dB
          freq: 570Hz
          dot: 78ms
          dash: 115ms
          ratio: 1.46x
          confusion: 100.0%

[t=01:54] 🔴 HIGH QRM — 50%+ confusion — multiple stations or heavy interference
          SNR: 99.0dB
          freq: 570Hz
          dot: 85ms
          dash: 115ms
          ratio: 1.35x
          confusion: 100.0%

[t=01:55] 🔴 HIGH QRM — 50%+ confusion — multiple stations or heavy interference
          SNR: 99.0dB
          freq: 570Hz
          dot: 55ms
          dash: 115ms
          ratio: 2.09x
          confusion: 100.0%

[t=01:56] 🔴 HIGH QRM — 50%+ confusion — multiple stations or heavy interference
          SNR: 99.0dB
          freq: 570Hz
          dot: 100ms
          dash: 115ms
          ratio: 1.14x
          confusion: 100.0%

[t=01:57] 🔴 HIGH QRM — 50%+ confusion — multiple stations or heavy interference
          SNR: 99.0dB
          freq: 570Hz
          dot: 100ms
          dash: 115ms
          ratio: 1.15x
          confusion: 100.0%

[t=01:59] 🔴 HIGH QRM — 50%+ confusion — multiple stations or heavy interference
          SNR: 99.0dB
          freq: 570Hz
          dot: 100ms
          dash: 115ms
          ratio: 1.15x
          confusion: 100.0%

[t=02:00] 🔴 HIGH QRM — 50%+ confusion — multiple stations or heavy interference
          SNR: 99.0dB
          freq: 570Hz
          dot: 100ms
          dash: 115ms
          ratio: 1.15x
          confusion: 100.0%

[t=02:01] 🔴 HIGH QRM — 50%+ confusion — multiple stations or heavy interference
          SNR: 99.0dB
          freq: 570Hz
          dot: 100ms
          dash: 115ms
          ratio: 1.15x
          confusion: 100.0%

[t=02:02] 🔴 HIGH QRM — 50%+ confusion — multiple stations or heavy interference
          SNR: 99.0dB
          freq: 570Hz
          dot: 100ms
          dash: 115ms
          ratio: 1.15x
          confusion: 100.0%

[t=02:03] 🔴 HIGH QRM — 50%+ confusion — multiple stations or heavy interference
          SNR: 99.0dB
          freq: 570Hz
          dot: 79ms
          dash: 115ms
          ratio: 1.46x
          confusion: 100.0%

[t=02:04] 🔴 HIGH QRM — 50%+ confusion — multiple stations or heavy interference
          SNR: 99.0dB
          freq: 570Hz
          dot: 100ms
          dash: 115ms
          ratio: 1.15x
          confusion: 100.0%

[t=02:05] 🔴 HIGH QRM — 50%+ confusion — multiple stations or heavy interference
          SNR: 99.0dB
          freq: 570Hz
          dot: 104ms
          dash: 115ms
          ratio: 1.11x
          confusion: 100.0%

[t=02:06] 🔴 HIGH QRM — 50%+ confusion — multiple stations or heavy interference
          SNR: 99.0dB
          freq: 570Hz
          dot: 79ms
          dash: 115ms
          ratio: 1.46x
          confusion: 100.0%

[t=02:07] 🔴 HIGH QRM — 50%+ confusion — multiple stations or heavy interference
          SNR: 99.0dB
          freq: 570Hz
          dot: 100ms
          dash: 115ms
          ratio: 1.15x
          confusion: 100.0%

[t=02:08] 🔴 HIGH QRM — 50%+ confusion — multiple stations or heavy interference
          SNR: 99.0dB
          freq: 570Hz
          dot: 100ms
          dash: 115ms
          ratio: 1.15x
          confusion: 100.0%

[t=02:09] 🔴 HIGH QRM — 50%+ confusion — multiple stations or heavy interference
          SNR: 99.0dB
          freq: 570Hz
          dot: 100ms
          dash: 115ms
          ratio: 1.15x
          confusion: 100.0%

[t=02:10] 🔴 HIGH QRM — 50%+ confusion — multiple stations or heavy interference
          SNR: 99.0dB
          freq: 570Hz
          dot: 104ms
          dash: 115ms
          ratio: 1.11x
          confusion: 100.0%

[t=02:11] 🔴 HIGH QRM — 50%+ confusion — multiple stations or heavy interference
          SNR: 99.0dB
          freq: 570Hz
          dot: 100ms
          dash: 115ms
          ratio: 1.15x
          confusion: 100.0%

[t=02:12] 🔴 HIGH QRM — 50%+ confusion — multiple stations or heavy interference
          SNR: 99.0dB
          freq: 570Hz
          dot: 77ms
          dash: 115ms
          ratio: 1.48x
          confusion: 100.0%

[t=02:13] 🔴 HIGH QRM — 50%+ confusion — multiple stations or heavy interference
          SNR: 99.0dB
          freq: 570Hz
          dot: 100ms
          dash: 115ms
          ratio: 1.14x
          confusion: 100.0%

[t=02:14] 🔴 HIGH QRM — 50%+ confusion — multiple stations or heavy interference
          SNR: 99.0dB
          freq: 570Hz
          dot: 100ms
          dash: 115ms
          ratio: 1.15x
          confusion: 100.0%

[t=02:15] 🔴 HIGH QRM — 50%+ confusion — multiple stations or heavy interference
          SNR: 99.0dB
          freq: 570Hz
          dot: 97ms
          dash: 115ms
          ratio: 1.19x
          confusion: 100.0%

[t=02:16] 🔴 HIGH QRM — 50%+ confusion — multiple stations or heavy interference
          SNR: 99.0dB
          freq: 570Hz
          dot: 30ms
          dash: 115ms
          ratio: 3.83x
          confusion: 100.0%

[t=02:18] 🔴 HIGH QRM — 50%+ confusion — multiple stations or heavy interference
          SNR: 99.0dB
          freq: 570Hz
          dot: 80ms
          dash: 115ms
          ratio: 1.43x
          confusion: 100.0%

[t=02:19] 🔴 HIGH QRM — 50%+ confusion — multiple stations or heavy interference
          SNR: 99.0dB
          freq: 570Hz
          dot: 100ms
          dash: 115ms
          ratio: 1.15x
          confusion: 100.0%

[t=02:20] 🔴 HIGH QRM — 50%+ confusion — multiple stations or heavy interference
          SNR: 99.0dB
          freq: 570Hz
          dot: 100ms
          dash: 115ms
          ratio: 1.15x
          confusion: 100.0%

[t=02:21] 🔴 HIGH QRM — 50%+ confusion — multiple stations or heavy interference
          SNR: 99.0dB
          freq: 570Hz
          dot: 83ms
          dash: 115ms
          ratio: 1.38x
          confusion: 100.0%

[t=02:22] 🔴 HIGH QRM — 50%+ confusion — multiple stations or heavy interference
          SNR: 99.0dB
          freq: 570Hz
          dot: 100ms
          dash: 115ms
          ratio: 1.15x
          confusion: 100.0%

[t=02:23] 🔴 HIGH QRM — 50%+ confusion — multiple stations or heavy interference
          SNR: 99.0dB
          freq: 570Hz
          dot: 100ms
          dash: 115ms
          ratio: 1.15x
          confusion: 100.0%

[t=02:24] 🔴 HIGH QRM — 50%+ confusion — multiple stations or heavy interference
          SNR: 99.0dB
          freq: 570Hz
          dot: 97ms
          dash: 115ms
          ratio: 1.19x
          confusion: 100.0%

[t=02:25] 🔴 HIGH QRM — 50%+ confusion — multiple stations or heavy interference
          SNR: 99.0dB
          freq: 570Hz
          dot: 78ms
          dash: 115ms
          ratio: 1.46x
          confusion: 100.0%

[t=02:26] 🔴 HIGH QRM — 50%+ confusion — multiple stations or heavy interference
          SNR: 99.0dB
          freq: 570Hz
          dot: 85ms
          dash: 115ms
          ratio: 1.35x
          confusion: 100.0%

[t=02:27] 🔴 HIGH QRM — 50%+ confusion — multiple stations or heavy interference
          SNR: 99.0dB
          freq: 570Hz
          dot: 55ms
          dash: 115ms
          ratio: 2.09x
          confusion: 100.0%

[t=02:28] 🔴 HIGH QRM — 50%+ confusion — multiple stations or heavy interference
          SNR: 99.0dB
          freq: 570Hz
          dot: 100ms
          dash: 115ms
          ratio: 1.14x
          confusion: 100.0%

[t=02:29] 🔴 HIGH QRM — 50%+ confusion — multiple stations or heavy interference
          SNR: 99.0dB
          freq: 570Hz
          dot: 100ms
          dash: 115ms
          ratio: 1.15x
          confusion: 100.0%
