
[t=00:11] 🔴 HIGH QRM — 50%+ confusion — multiple stations or heavy interference
          SNR: 99.0dB
          freq: 570Hz
          dot: 100ms
          dash: 115ms
          ratio: 1.14x
          confusion: 100.0%

[t=00:13] 🔴 HIGH QRM — 50%+ confusion — multiple stations or heavy interference
          SNR: 99.0dB
          freq: 570Hz
          dot: 83ms
          dash: 115ms
          ratio: 1.38x
          confusion: 100.0%

[t=00:20] 🔴 HIGH QRM — 50%+ confusion — multiple stations or heavy interference
          SNR: 99.0dB
          freq: 570Hz
          dot: 100ms
          dash: 115ms
          ratio: 1.14x
          confusion: 100.0%

[t=00:21] 🔴 HIGH QRM — 50%+ confusion — multiple stations or heavy interference
          SNR: 99.0dB
          freq: 570Hz
          dot: 100ms
          dash: 115ms
          ratio: 1.15x
          confusion: 100.0%

[t=00:22] 🔴 HIGH QRM — 50%+ confusion — multiple stations or heavy interference
          SNR: 99.0dB
          freq: 570Hz
          dot: 100ms
          dash: 115ms
          ratio: 1.15x
          confusion: 100.0%

[t=00:23] 🔴 HIGH QRM — 50%+ confusion — multiple stations or heavy interference
          SNR: 99.0dB
          freq: 570Hz
          dot: 100ms
          dash: 115ms
          ratio: 1.15x
          confusion: 100.0%

[t=00:24] 🔴 HIGH QRM — 50%+ confusion — multiple stations or heavy interference
          SNR: 99.0dB
          freq: 570Hz
          dot: 100ms
          dash: 115ms
          ratio: 1.15x
          confusion: 100.0%

[t=00:25] 🔴 HIGH QRM — 50%+ confusion — multiple stations or heavy interference
          SNR: 99.0dB
          freq: 570Hz
          dot: 100ms
          dash: 115ms
          ratio: 1.15x
          confusion: 100.0%

[t=00:26] 🔴 HIGH QRM — 50%+ confusion — multiple stations or heavy interference
          SNR: 99.0dB
          freq: 570Hz
          dot: 100ms
          dash: 115ms
          ratio: 1.15x
          confusion: 100.0%

[t=00:27] 🔴 HIGH QRM — 50%+ confusion — multiple stations or heavy interference
          SNR: 99.0dB
          freq: 570Hz
          dot: 79ms
          dash: 115ms
          ratio: 1.46x
          confusion: 100.0%

[t=00:28] 🔴 HIGH QRM — 50%+ confusion — multiple stations or heavy interference
          SNR: 99.0dB
          freq: 570Hz
          dot: 100ms
          dash: 115ms
          ratio: 1.15x
          confusion: 100.0%

[t=00:29] 🔴 HIGH QRM — 50%+ confusion — multiple stations or heavy interference
          SNR: 99.0dB
          freq: 570Hz
          dot: 104ms
          dash: 115ms
          ratio: 1.11x
          confusion: 100.0%

[t=00:30] 🔴 HIGH QRM — 50%+ confusion — multiple stations or heavy interference
          SNR: 99.0dB
          freq: 570Hz
          dot: 79ms
          dash: 115ms
          ratio: 1.46x
          confusion: 100.0%

[t=00:31] 🔴 HIGH QRM — 50%+ confusion — multiple stations or heavy interference
          SNR: 99.0dB
          freq: 570Hz
          dot: 100ms
          dash: 115ms
          ratio: 1.15x
          confusion: 100.0%

[t=00:33] 🔴 HIGH QRM — 50%+ confusion — multiple stations or heavy interference
          SNR: 99.0dB
          freq: 570Hz
          dot: 100ms
          dash: 115ms
          ratio: 1.15x
          confusion: 100.0%

[t=00:35] 🔴 HIGH QRM — 50%+ confusion — multiple stations or heavy interference
          SNR: 99.0dB
          freq: 570Hz
          dot: 104ms
          dash: 115ms
          ratio: 1.11x
          confusion: 100.0%

[t=00:36] 🔴 HIGH QRM — 50%+ confusion — multiple stations or heavy interference
          SNR: 99.0dB
          freq: 570Hz
          dot: 77ms
          dash: 115ms
          ratio: 1.48x
          confusion: 100.0%

[t=00:37] 🔴 HIGH QRM — 50%+ confusion — multiple stations or heavy interference
          SNR: 99.0dB
          freq: 570Hz
          dot: 100ms
          dash: 115ms
          ratio: 1.14x
          confusion: 100.0%

[t=00:40] 🔴 HIGH QRM — 50%+ confusion — multiple stations or heavy interference
          SNR: 99.0dB
          freq: 570Hz
          dot: 100ms
          dash: 115ms
          ratio: 1.15x
          confusion: 100.0%

[t=00:41] 🔴 HIGH QRM — 50%+ confusion — multiple stations or heavy interference
          SNR: 99.0dB
          freq: 570Hz
          dot: 80ms
          dash: 115ms
          ratio: 1.43x
          confusion: 100.0%

[t=00:42] 🔴 HIGH QRM — 50%+ confusion — multiple stations or heavy interference
          SNR: 99.0dB
          freq: 570Hz
          dot: 100ms
          dash: 115ms
          ratio: 1.15x
          confusion: 100.0%

[t=00:43] 🔴 HIGH QRM — 50%+ confusion — multiple stations or heavy interference
          SNR: 99.0dB
          freq: 570Hz
          dot: 100ms
          dash: 115ms
          ratio: 1.15x
          confusion: 100.0%

[t=00:45] 🔴 HIGH QRM — 50%+ confusion — multiple stations or heavy interference
          SNR: 99.0dB
          freq: 570Hz
          dot: 100ms
          dash: 115ms
          ratio: 1.15x
          confusion: 100.0%

[t=00:46] 🔴 HIGH QRM — 50%+ confusion — multiple stations or heavy interference
          SNR: 99.0dB
          freq: 570Hz
          dot: 83ms
          dash: 115ms
          ratio: 1.38x
          confusion: 100.0%

[t=00:47] 🔴 HIGH QRM — 50%+ confusion — multiple stations or heavy interference
          SNR: 99.0dB
          freq: 570Hz
          dot: 100ms
          dash: 115ms
          ratio: 1.15x
          confusion: 100.0%

[t=00:48] 🔴 HIGH QRM — 50%+ confusion — multiple stations or heavy interference
          SNR: 99.0dB
          freq: 570Hz
          dot: 97ms
          dash: 115ms
          ratio: 1.19x
          confusion: 100.0%

[t=00:49] 🔴 HIGH QRM — 50%+ confusion — multiple stations or heavy interference
          SNR: 99.0dB
          freq: 570Hz
          dot: 78ms
          dash: 115ms
          ratio: 1.46x
          confusion: 100.0%

[t=00:51] 🔴 HIGH QRM — 50%+ confusion — multiple stations or heavy interference
          SNR: 99.0dB
          freq: 570Hz
          dot: 85ms
          dash: 115ms
          ratio: 1.35x
          confusion: 100.0%

[t=00:52] 🔴 HIGH QRM — 50%+ confusion — multiple stations or heavy interference
          SNR: 99.0dB
          freq: 570Hz
          dot: 55ms
          dash: 115ms
          ratio: 2.09x
          confusion: 100.0%

[t=00:53] 🔴 HIGH QRM — 50%+ confusion — multiple stations or heavy interference
          SNR: 99.0dB
          freq: 570Hz
          dot: 100ms
          dash: 115ms
          ratio: 1.15x
          confusion: 100.0%

[t=00:54] 🔴 HIGH QRM — 50%+ confusion — multiple stations or heavy interference
          SNR: 99.0dB
          freq: 570Hz
          dot: 100ms
          dash: 115ms
          ratio: 1.15x
          confusion: 100.0%

[t=00:55] 🔴 HIGH QRM — 50%+ confusion — multiple stations or heavy interference
          SNR: 99.0dB
          freq: 570Hz
          dot: 100ms
          dash: 115ms
          ratio: 1.15x
          confusion: 100.0%

[t=00:56] 🔴 HIGH QRM — 50%+ confusion — multiple stations or heavy interference
          SNR: 99.0dB
          freq: 570Hz
          dot: 100ms
          dash: 115ms
          ratio: 1.15x
          confusion: 100.0%

[t=00:57] 🔴 HIGH QRM — 50%+ confusion — multiple stations or heavy interference
          SNR: 99.0dB
          freq: 570Hz
          dot: 100ms
          dash: 115ms
          ratio: 1.15x
          confusion: 100.0%

[t=00:58] 🔴 HIGH QRM — 50%+ confusion — multiple stations or heavy interference
          SNR: 99.0dB
          freq: 570Hz
          dot: 100ms
          dash: 115ms
          ratio: 1.15x
          confusion: 100.0%

[t=00:59] 🔴 HIGH QRM — 50%+ confusion — multiple stations or heavy interference
          SNR: 99.0dB
          freq: 570Hz
          dot: 79ms
          dash: 115ms
          ratio: 1.46x
          confusion: 100.0%

[t=01:00] 🔴 HIGH QRM — 50%+ confusion — multiple stations or heavy interference
          SNR: 99.0dB
          freq: 570Hz
          dot: 100ms
          dash: 115ms
          ratio: 1.15x
          confusion: 100.0%

[t=01:01] 🔴 HIGH QRM — 50%+ confusion — multiple stations or heavy interference
          SNR: 99.0dB
          freq: 570Hz
          dot: 104ms
          dash: 115ms
          ratio: 1.11x
          confusion: 100.0%

[t=01:02] 🔴 HIGH QRM — 50%+ confusion — multiple stations or heavy interference
          SNR: 99.0dB
          freq: 570Hz
          dot: 79ms
          dash: 115ms
          ratio: 1.46x
          confusion: 100.0%

[t=01:03] 🔴 HIGH QRM — 50%+ confusion — multiple stations or heavy interference
          SNR: 99.0dB
          freq: 570Hz
          dot: 100ms
          dash: 115ms
          ratio: 1.15x
          confusion: 100.0%

[t=01:07] ⚠️  TIMING UNSTABLE — ratio=1.77x outside normal range 2.0-4.0x
          SNR: 99.0dB
          freq: 293Hz
          dot: 106ms
          dash: 188ms
          ratio: 1.77x
          confusion: 0.0%

[t=01:07] ⚠️  FREQUENCY DRIFT — 570Hz → 293Hz
          SNR: 99.0dB
          freq: 293Hz
          dot: 106ms
          dash: 188ms
          ratio: 1.77x
          confusion: 0.0%

[t=01:10] 🔴 HIGH QRM — 50%+ confusion — multiple stations or heavy interference
          SNR: 99.0dB
          freq: 570Hz
          dot: 100ms
          dash: 115ms
          ratio: 1.15x
          confusion: 100.0%

[t=01:10] ⚠️  FREQUENCY DRIFT — 293Hz → 570Hz
          SNR: 99.0dB
          freq: 570Hz
          dot: 100ms
          dash: 115ms
          ratio: 1.15x
          confusion: 100.0%

[t=01:11] 🔴 HIGH QRM — 50%+ confusion — multiple stations or heavy interference
          SNR: 99.0dB
          freq: 570Hz
          dot: 97ms
          dash: 115ms
          ratio: 1.19x
          confusion: 100.0%

[t=01:12] 🔴 HIGH QRM — 50%+ confusion — multiple stations or heavy interference
          SNR: 99.0dB
          freq: 570Hz
          dot: 30ms
          dash: 115ms
          ratio: 3.83x
          confusion: 100.0%

[t=01:13] 🔴 HIGH QRM — 50%+ confusion — multiple stations or heavy interference
          SNR: 99.0dB
          freq: 570Hz
          dot: 80ms
          dash: 115ms
          ratio: 1.43x
          confusion: 100.0%

[t=01:14] 🔴 HIGH QRM — 50%+ confusion — multiple stations or heavy interference
          SNR: 99.0dB
          freq: 570Hz
          dot: 100ms
          dash: 115ms
          ratio: 1.15x
          confusion: 100.0%

[t=01:15] 🔴 HIGH QRM — 50%+ confusion — multiple stations or heavy interference
          SNR: 99.0dB
          freq: 570Hz
          dot: 100ms
          dash: 115ms
          ratio: 1.15x
          confusion: 100.0%

[t=01:16] 🔴 HIGH QRM — 50%+ confusion — multiple stations or heavy interference
          SNR: 99.0dB
          freq: 570Hz
          dot: 100ms
          dash: 115ms
          ratio: 1.15x
          confusion: 100.0%

[t=01:17] 🔴 HIGH QRM — 50%+ confusion — multiple stations or heavy interference
          SNR: 99.0dB
          freq: 570Hz
          dot: 83ms
          dash: 115ms
          ratio: 1.38x
          confusion: 100.0%

[t=01:18] 🔴 HIGH QRM — 50%+ confusion — multiple stations or heavy interference
          SNR: 99.0dB
          freq: 570Hz
          dot: 100ms
          dash: 115ms
          ratio: 1.15x
          confusion: 100.0%

[t=01:19] 🔴 HIGH QRM — 50%+ confusion — multiple stations or heavy interference
          SNR: 99.0dB
          freq: 570Hz
          dot: 100ms
          dash: 115ms
          ratio: 1.15x
          confusion: 100.0%

[t=01:20] 🔴 HIGH QRM — 50%+ confusion — multiple stations or heavy interference
          SNR: 99.0dB
          freq: 570Hz
          dot: 97ms
          dash: 115ms
          ratio: 1.19x
          confusion: 100.0%

[t=01:21] 🔴 HIGH QRM — 50%+ confusion — multiple stations or heavy interference
          SNR: 99.0dB
          freq: 570Hz
          dot: 78ms
          dash: 115ms
          ratio: 1.46x
          confusion: 100.0%

[t=01:23] 🔴 HIGH QRM — 50%+ confusion — multiple stations or heavy interference
          SNR: 99.0dB
          freq: 570Hz
          dot: 85ms
          dash: 115ms
          ratio: 1.35x
          confusion: 100.0%

[t=01:24] 🔴 HIGH QRM — 50%+ confusion — multiple stations or heavy interference
          SNR: 99.0dB
          freq: 570Hz
          dot: 55ms
          dash: 115ms
          ratio: 2.09x
          confusion: 100.0%

[t=01:25] 🔴 HIGH QRM — 50%+ confusion — multiple stations or heavy interference
          SNR: 99.0dB
          freq: 570Hz
          dot: 100ms
          dash: 115ms
          ratio: 1.15x
          confusion: 100.0%

[t=01:26] 🔴 HIGH QRM — 50%+ confusion — multiple stations or heavy interference
          SNR: 99.0dB
          freq: 570Hz
          dot: 100ms
          dash: 115ms
          ratio: 1.15x
          confusion: 100.0%

[t=01:27] 🔴 HIGH QRM — 50%+ confusion — multiple stations or heavy interference
          SNR: 99.0dB
          freq: 570Hz
          dot: 100ms
          dash: 115ms
          ratio: 1.15x
          confusion: 100.0%

[t=01:28] 🔴 HIGH QRM — 50%+ confusion — multiple stations or heavy interference
          SNR: 99.0dB
          freq: 570Hz
          dot: 100ms
          dash: 115ms
          ratio: 1.15x
          confusion: 100.0%

[t=01:29] 🔴 HIGH QRM — 50%+ confusion — multiple stations or heavy interference
          SNR: 99.0dB
          freq: 570Hz
          dot: 100ms
          dash: 115ms
          ratio: 1.15x
          confusion: 100.0%

[t=01:30] 🔴 HIGH QRM — 50%+ confusion — multiple stations or heavy interference
          SNR: 99.0dB
          freq: 570Hz
          dot: 100ms
          dash: 115ms
          ratio: 1.15x
          confusion: 100.0%

[t=01:31] 🔴 HIGH QRM — 50%+ confusion — multiple stations or heavy interference
          SNR: 99.0dB
          freq: 570Hz
          dot: 79ms
          dash: 115ms
          ratio: 1.46x
          confusion: 100.0%

[t=01:32] 🔴 HIGH QRM — 50%+ confusion — multiple stations or heavy interference
          SNR: 99.0dB
          freq: 570Hz
          dot: 100ms
          dash: 115ms
          ratio: 1.15x
          confusion: 100.0%

[t=01:33] 🔴 HIGH QRM — 50%+ confusion — multiple stations or heavy interference
          SNR: 99.0dB
          freq: 570Hz
          dot: 104ms
          dash: 115ms
          ratio: 1.11x
          confusion: 100.0%

[t=01:34] 🔴 HIGH QRM — 50%+ confusion — multiple stations or heavy interference
          SNR: 99.0dB
          freq: 570Hz
          dot: 79ms
          dash: 115ms
          ratio: 1.46x
          confusion: 100.0%

[t=01:35] 🔴 HIGH QRM — 50%+ confusion — multiple stations or heavy interference
          SNR: 99.0dB
          freq: 570Hz
          dot: 100ms
          dash: 115ms
          ratio: 1.15x
          confusion: 100.0%

[t=01:36] 🔴 HIGH QRM — 50%+ confusion — multiple stations or heavy interference
          SNR: 99.0dB
          freq: 570Hz
          dot: 100ms
          dash: 115ms
          ratio: 1.15x
          confusion: 100.0%

[t=01:37] 🔴 HIGH QRM — 50%+ confusion — multiple stations or heavy interference
          SNR: 99.0dB
          freq: 570Hz
          dot: 100ms
          dash: 115ms
          ratio: 1.15x
          confusion: 100.0%

[t=01:38] 🔴 HIGH QRM — 50%+ confusion — multiple stations or heavy interference
          SNR: 99.0dB
          freq: 570Hz
          dot: 104ms
          dash: 115ms
          ratio: 1.11x
          confusion: 100.0%

[t=01:39] 🔴 HIGH QRM — 50%+ confusion — multiple stations or heavy interference
          SNR: 99.0dB
          freq: 570Hz
          dot: 100ms
          dash: 115ms
          ratio: 1.15x
          confusion: 100.0%

[t=01:40] 🔴 HIGH QRM — 50%+ confusion — multiple stations or heavy interference
          SNR: 99.0dB
          freq: 570Hz
          dot: 77ms
          dash: 115ms
          ratio: 1.48x
          confusion: 100.0%

[t=01:41] 🔴 HIGH QRM — 50%+ confusion — multiple stations or heavy interference
          SNR: 99.0dB
          freq: 570Hz
          dot: 100ms
          dash: 115ms
          ratio: 1.14x
          confusion: 100.0%

[t=01:43] 🔴 HIGH QRM — 50%+ confusion — multiple stations or heavy interference
          SNR: 99.0dB
          freq: 570Hz
          dot: 100ms
          dash: 115ms
          ratio: 1.15x
          confusion: 100.0%

[t=01:44] 🔴 HIGH QRM — 50%+ confusion — multiple stations or heavy interference
          SNR: 99.0dB
          freq: 570Hz
          dot: 97ms
          dash: 115ms
          ratio: 1.19x
          confusion: 100.0%

[t=01:45] 🔴 HIGH QRM — 50%+ confusion — multiple stations or heavy interference
          SNR: 99.0dB
          freq: 570Hz
          dot: 30ms
          dash: 115ms
          ratio: 3.83x
          confusion: 100.0%

[t=01:46] 🔴 HIGH QRM — 50%+ confusion — multiple stations or heavy interference
          SNR: 99.0dB
          freq: 570Hz
          dot: 100ms
          dash: 115ms
          ratio: 1.15x
          confusion: 100.0%

[t=01:47] 🔴 HIGH QRM — 50%+ confusion — multiple stations or heavy interference
          SNR: 99.0dB
          freq: 570Hz
          dot: 100ms
          dash: 115ms
          ratio: 1.15x
          confusion: 100.0%

[t=01:48] 🔴 HIGH QRM — 50%+ confusion — multiple stations or heavy interference
          SNR: 99.0dB
          freq: 570Hz
          dot: 100ms
          dash: 115ms
          ratio: 1.15x
          confusion: 100.0%

[t=01:49] 🔴 HIGH QRM — 50%+ confusion — multiple stations or heavy interference
          SNR: 99.0dB
          freq: 570Hz
          dot: 83ms
          dash: 115ms
          ratio: 1.38x
          confusion: 100.0%

[t=01:50] 🔴 HIGH QRM — 50%+ confusion — multiple stations or heavy interference
          SNR: 99.0dB
          freq: 570Hz
          dot: 100ms
          dash: 115ms
          ratio: 1.15x
          confusion: 100.0%

[t=01:51] 🔴 HIGH QRM — 50%+ confusion — multiple stations or heavy interference
          SNR: 99.0dB
          freq: 570Hz
          dot: 100ms
          dash: 115ms
          ratio: 1.15x
          confusion: 100.0%

[t=01:52] 🔴 HIGH QRM — 50%+ confusion — multiple stations or heavy interference
          SNR: 99.0dB
          freq: 285Hz
          dot: 25ms
          dash: 50ms
          ratio: 2.00x
          confusion: 100.0%

[t=01:52] ⚠️  FREQUENCY DRIFT — 570Hz → 285Hz
          SNR: 99.0dB
          freq: 285Hz
          dot: 25ms
          dash: 50ms
          ratio: 2.00x
          confusion: 100.0%

[t=01:53] 🔴 HIGH QRM — 50%+ confusion — multiple stations or heavy interference
          SNR: 99.0dB
          freq: 285Hz
          dot: 25ms
          dash: 50ms
          ratio: 2.00x
          confusion: 100.0%

[t=01:54] 🔴 HIGH QRM — 50%+ confusion — multiple stations or heavy interference
          SNR: 99.0dB
          freq: 570Hz
          dot: 100ms
          dash: 115ms
          ratio: 1.15x
          confusion: 100.0%

[t=01:54] ⚠️  FREQUENCY DRIFT — 285Hz → 570Hz
          SNR: 99.0dB
          freq: 570Hz
          dot: 100ms
          dash: 115ms
          ratio: 1.15x
          confusion: 100.0%

[t=01:55] 🔴 HIGH QRM — 50%+ confusion — multiple stations or heavy interference
          SNR: 99.0dB
          freq: 570Hz
          dot: 77ms
          dash: 115ms
          ratio: 1.48x
          confusion: 100.0%

[t=01:56] 🔴 HIGH QRM — 50%+ confusion — multiple stations or heavy interference
          SNR: 99.0dB
          freq: 570Hz
          dot: 100ms
          dash: 115ms
          ratio: 1.14x
          confusion: 100.0%

[t=01:57] 🔴 HIGH QRM — 50%+ confusion — multiple stations or heavy interference
          SNR: 99.0dB
          freq: 570Hz
          dot: 100ms
          dash: 115ms
          ratio: 1.15x
          confusion: 100.0%

[t=01:58] 🔴 HIGH QRM — 50%+ confusion — multiple stations or heavy interference
          SNR: 99.0dB
          freq: 570Hz
          dot: 97ms
          dash: 115ms
          ratio: 1.19x
          confusion: 100.0%

[t=01:59] 🔴 HIGH QRM — 50%+ confusion — multiple stations or heavy interference
          SNR: 99.0dB
          freq: 570Hz
          dot: 30ms
          dash: 115ms
          ratio: 3.83x
          confusion: 100.0%

[t=02:00] 🔴 HIGH QRM — 50%+ confusion — multiple stations or heavy interference
          SNR: 99.0dB
          freq: 570Hz
          dot: 80ms
          dash: 115ms
          ratio: 1.43x
          confusion: 100.0%

[t=02:02] 🔴 HIGH QRM — 50%+ confusion — multiple stations or heavy interference
          SNR: 99.0dB
          freq: 570Hz
          dot: 100ms
          dash: 115ms
          ratio: 1.15x
          confusion: 100.0%

[t=02:03] 🔴 HIGH QRM — 50%+ confusion — multiple stations or heavy interference
          SNR: 99.0dB
          freq: 570Hz
          dot: 100ms
          dash: 115ms
          ratio: 1.15x
          confusion: 100.0%

[t=02:04] 🔴 HIGH QRM — 50%+ confusion — multiple stations or heavy interference
          SNR: 99.0dB
          freq: 570Hz
          dot: 100ms
          dash: 115ms
          ratio: 1.15x
          confusion: 100.0%

[t=02:05] 🔴 HIGH QRM — 50%+ confusion — multiple stations or heavy interference
          SNR: 99.0dB
          freq: 570Hz
          dot: 100ms
          dash: 115ms
          ratio: 1.15x
          confusion: 100.0%

[t=02:06] 🔴 HIGH QRM — 50%+ confusion — multiple stations or heavy interference
          SNR: 99.0dB
          freq: 570Hz
          dot: 100ms
          dash: 115ms
          ratio: 1.15x
          confusion: 100.0%

[t=02:07] 🔴 HIGH QRM — 50%+ confusion — multiple stations or heavy interference
          SNR: 99.0dB
          freq: 570Hz
          dot: 97ms
          dash: 115ms
          ratio: 1.19x
          confusion: 100.0%

[t=02:10] ⚠️  FREQUENCY DRIFT — 570Hz → 293Hz
          SNR: 99.0dB
          freq: 293Hz
          dot: 110ms
          dash: 272ms
          ratio: 2.47x
          confusion: 0.0%

[t=02:14] 🔴 HIGH QRM — 50%+ confusion — multiple stations or heavy interference
          SNR: 99.0dB
          freq: 570Hz
          dot: 100ms
          dash: 115ms
          ratio: 1.15x
          confusion: 100.0%

[t=02:14] ⚠️  FREQUENCY DRIFT — 293Hz → 570Hz
          SNR: 99.0dB
          freq: 570Hz
          dot: 100ms
          dash: 115ms
          ratio: 1.15x
          confusion: 100.0%

[t=02:15] 🔴 HIGH QRM — 50%+ confusion — multiple stations or heavy interference
          SNR: 99.0dB
          freq: 570Hz
          dot: 100ms
          dash: 115ms
          ratio: 1.15x
          confusion: 100.0%

[t=02:16] 🔴 HIGH QRM — 50%+ confusion — multiple stations or heavy interference
          SNR: 99.0dB
          freq: 570Hz
          dot: 100ms
          dash: 115ms
          ratio: 1.15x
          confusion: 100.0%

[t=02:17] 🔴 HIGH QRM — 50%+ confusion — multiple stations or heavy interference
          SNR: 99.0dB
          freq: 570Hz
          dot: 100ms
          dash: 115ms
          ratio: 1.15x
          confusion: 100.0%

[t=02:19] 🔴 HIGH QRM — 50%+ confusion — multiple stations or heavy interference
          SNR: 99.0dB
          freq: 570Hz
          dot: 79ms
          dash: 115ms
          ratio: 1.46x
          confusion: 100.0%

[t=02:20] 🔴 HIGH QRM — 50%+ confusion — multiple stations or heavy interference
          SNR: 99.0dB
          freq: 570Hz
          dot: 100ms
          dash: 115ms
          ratio: 1.15x
          confusion: 100.0%

[t=02:21] 🔴 HIGH QRM — 50%+ confusion — multiple stations or heavy interference
          SNR: 99.0dB
          freq: 570Hz
          dot: 104ms
          dash: 115ms
          ratio: 1.11x
          confusion: 100.0%

[t=02:22] 🔴 HIGH QRM — 50%+ confusion — multiple stations or heavy interference
          SNR: 99.0dB
          freq: 570Hz
          dot: 100ms
          dash: 115ms
          ratio: 1.15x
          confusion: 100.0%

[t=02:23] 🔴 HIGH QRM — 50%+ confusion — multiple stations or heavy interference
          SNR: 99.0dB
          freq: 570Hz
          dot: 100ms
          dash: 115ms
          ratio: 1.15x
          confusion: 100.0%

[t=02:24] 🔴 HIGH QRM — 50%+ confusion — multiple stations or heavy interference
          SNR: 99.0dB
          freq: 570Hz
          dot: 100ms
          dash: 115ms
          ratio: 1.15x
          confusion: 100.0%

[t=02:25] 🔴 HIGH QRM — 50%+ confusion — multiple stations or heavy interference
          SNR: 99.0dB
          freq: 570Hz
          dot: 104ms
          dash: 115ms
          ratio: 1.11x
          confusion: 100.0%

[t=02:26] 🔴 HIGH QRM — 50%+ confusion — multiple stations or heavy interference
          SNR: 99.0dB
          freq: 570Hz
          dot: 100ms
          dash: 115ms
          ratio: 1.15x
          confusion: 100.0%

[t=02:27] 🔴 HIGH QRM — 50%+ confusion — multiple stations or heavy interference
          SNR: 99.0dB
          freq: 570Hz
          dot: 77ms
          dash: 115ms
          ratio: 1.48x
          confusion: 100.0%

[t=02:28] 🔴 HIGH QRM — 50%+ confusion — multiple stations or heavy interference
          SNR: 99.0dB
          freq: 570Hz
          dot: 100ms
          dash: 115ms
          ratio: 1.14x
          confusion: 100.0%

[t=02:29] 🔴 HIGH QRM — 50%+ confusion — multiple stations or heavy interference
          SNR: 99.0dB
          freq: 570Hz
          dot: 100ms
          dash: 115ms
          ratio: 1.15x
          confusion: 100.0%

[t=02:30] 🔴 HIGH QRM — 50%+ confusion — multiple stations or heavy interference
          SNR: 99.0dB
          freq: 570Hz
          dot: 97ms
          dash: 115ms
          ratio: 1.19x
          confusion: 100.0%

[t=02:31] 🔴 HIGH QRM — 50%+ confusion — multiple stations or heavy interference
          SNR: 99.0dB
          freq: 570Hz
          dot: 30ms
          dash: 115ms
          ratio: 3.83x
          confusion: 100.0%

[t=02:32] 🔴 HIGH QRM — 50%+ confusion — multiple stations or heavy interference
          SNR: 99.0dB
          freq: 570Hz
          dot: 80ms
          dash: 115ms
          ratio: 1.43x
          confusion: 100.0%

[t=02:34] 🔴 HIGH QRM — 50%+ confusion — multiple stations or heavy interference
          SNR: 99.0dB
          freq: 570Hz
          dot: 100ms
          dash: 115ms
          ratio: 1.15x
          confusion: 100.0%

[t=02:35] 🔴 HIGH QRM — 50%+ confusion — multiple stations or heavy interference
          SNR: 99.0dB
          freq: 570Hz
          dot: 100ms
          dash: 115ms
          ratio: 1.15x
          confusion: 100.0%

[t=02:36] 🔴 HIGH QRM — 50%+ confusion — multiple stations or heavy interference
          SNR: 99.0dB
          freq: 570Hz
          dot: 100ms
          dash: 115ms
          ratio: 1.15x
          confusion: 100.0%

[t=02:37] 🔴 HIGH QRM — 50%+ confusion — multiple stations or heavy interference
          SNR: 99.0dB
          freq: 570Hz
          dot: 83ms
          dash: 115ms
          ratio: 1.38x
          confusion: 100.0%

[t=02:38] 🔴 HIGH QRM — 50%+ confusion — multiple stations or heavy interference
          SNR: 99.0dB
          freq: 737Hz
          dot: 15ms
          dash: 38ms
          ratio: 2.57x
          confusion: 100.0%

[t=02:38] ⚠️  FREQUENCY DRIFT — 570Hz → 737Hz
          SNR: 99.0dB
          freq: 737Hz
          dot: 15ms
          dash: 38ms
          ratio: 2.57x
          confusion: 100.0%

[t=02:39] ⚠️  HIGH CONFUSION — 25%+ unrecognized — weak signal or timing errors
          SNR: 99.0dB
          freq: 737Hz
          dot: 40ms
          dash: 50ms
          ratio: 1.25x
          confusion: 50.0%

[t=02:40] ⚠️  HIGH CONFUSION — 25%+ unrecognized — weak signal or timing errors
          SNR: 99.0dB
          freq: 736Hz
          dot: 45ms
          dash: 47ms
          ratio: 1.04x
          confusion: 50.0%

[t=02:41] 🔴 HIGH QRM — 50%+ confusion — multiple stations or heavy interference
          SNR: 28.5dB
          freq: 737Hz
          dot: 45ms
          dash: 117ms
          ratio: 2.60x
          confusion: 100.0%

[t=02:42] 🔴 HIGH QRM — 50%+ confusion — multiple stations or heavy interference
          SNR: 41.7dB
          freq: 736Hz
          dot: 35ms
          dash: 63ms
          ratio: 1.80x
          confusion: 100.0%

[t=02:43] 🔴 HIGH QRM — 50%+ confusion — multiple stations or heavy interference
          SNR: 99.0dB
          freq: 736Hz
          dot: 23ms
          dash: 59ms
          ratio: 2.57x
          confusion: 100.0%

[t=02:45] 🔴 HIGH QRM — 50%+ confusion — multiple stations or heavy interference
          SNR: 99.0dB
          freq: 570Hz
          dot: 100ms
          dash: 115ms
          ratio: 1.15x
          confusion: 100.0%

[t=02:45] ⚠️  FREQUENCY DRIFT — 777Hz → 570Hz
          SNR: 99.0dB
          freq: 570Hz
          dot: 100ms
          dash: 115ms
          ratio: 1.15x
          confusion: 100.0%

[t=02:46] 🔴 HIGH QRM — 50%+ confusion — multiple stations or heavy interference
          SNR: 99.0dB
          freq: 570Hz
          dot: 100ms
          dash: 115ms
          ratio: 1.15x
          confusion: 100.0%

[t=02:47] 🔴 HIGH QRM — 50%+ confusion — multiple stations or heavy interference
          SNR: 99.0dB
          freq: 570Hz
          dot: 100ms
          dash: 115ms
          ratio: 1.15x
          confusion: 100.0%

[t=02:49] 🔴 HIGH QRM — 50%+ confusion — multiple stations or heavy interference
          SNR: 99.0dB
          freq: 570Hz
          dot: 100ms
          dash: 115ms
          ratio: 1.15x
          confusion: 100.0%

[t=02:50] 🔴 HIGH QRM — 50%+ confusion — multiple stations or heavy interference
          SNR: 99.0dB
          freq: 570Hz
          dot: 100ms
          dash: 115ms
          ratio: 1.15x
          confusion: 100.0%

[t=02:51] 🔴 HIGH QRM — 50%+ confusion — multiple stations or heavy interference
          SNR: 99.0dB
          freq: 570Hz
          dot: 79ms
          dash: 115ms
          ratio: 1.46x
          confusion: 100.0%

[t=02:52] 🔴 HIGH QRM — 50%+ confusion — multiple stations or heavy interference
          SNR: 99.0dB
          freq: 570Hz
          dot: 104ms
          dash: 115ms
          ratio: 1.11x
          confusion: 100.0%

[t=02:58] 🔴 HIGH QRM — 50%+ confusion — multiple stations or heavy interference
          SNR: 99.0dB
          freq: 570Hz
          dot: 100ms
          dash: 115ms
          ratio: 1.15x
          confusion: 100.0%

[t=02:59] 🔴 HIGH QRM — 50%+ confusion — multiple stations or heavy interference
          SNR: 99.0dB
          freq: 570Hz
          dot: 77ms
          dash: 115ms
          ratio: 1.48x
          confusion: 100.0%

[t=03:00] 🔴 HIGH QRM — 50%+ confusion — multiple stations or heavy interference
          SNR: 99.0dB
          freq: 570Hz
          dot: 100ms
          dash: 115ms
          ratio: 1.14x
          confusion: 100.0%

[t=03:01] 🔴 HIGH QRM — 50%+ confusion — multiple stations or heavy interference
          SNR: 99.0dB
          freq: 570Hz
          dot: 100ms
          dash: 115ms
          ratio: 1.15x
          confusion: 100.0%

[t=03:02] 🔴 HIGH QRM — 50%+ confusion — multiple stations or heavy interference
          SNR: 99.0dB
          freq: 570Hz
          dot: 97ms
          dash: 115ms
          ratio: 1.19x
          confusion: 100.0%

[t=03:03] 🔴 HIGH QRM — 50%+ confusion — multiple stations or heavy interference
          SNR: 99.0dB
          freq: 570Hz
          dot: 30ms
          dash: 115ms
          ratio: 3.83x
          confusion: 100.0%

[t=03:04] 🔴 HIGH QRM — 50%+ confusion — multiple stations or heavy interference
          SNR: 99.0dB
          freq: 570Hz
          dot: 80ms
          dash: 115ms
          ratio: 1.43x
          confusion: 100.0%

[t=03:05] 🔴 HIGH QRM — 50%+ confusion — multiple stations or heavy interference
          SNR: 99.0dB
          freq: 570Hz
          dot: 100ms
          dash: 115ms
          ratio: 1.15x
          confusion: 100.0%

[t=03:06] 🔴 HIGH QRM — 50%+ confusion — multiple stations or heavy interference
          SNR: 99.0dB
          freq: 570Hz
          dot: 100ms
          dash: 115ms
          ratio: 1.15x
          confusion: 100.0%

[t=03:07] 🔴 HIGH QRM — 50%+ confusion — multiple stations or heavy interference
          SNR: 99.0dB
          freq: 570Hz
          dot: 100ms
          dash: 115ms
          ratio: 1.15x
          confusion: 100.0%

[t=03:08] 🔴 HIGH QRM — 50%+ confusion — multiple stations or heavy interference
          SNR: 99.0dB
          freq: 570Hz
          dot: 83ms
          dash: 115ms
          ratio: 1.38x
          confusion: 100.0%

[t=03:09] 🔴 HIGH QRM — 50%+ confusion — multiple stations or heavy interference
          SNR: 99.0dB
          freq: 570Hz
          dot: 100ms
          dash: 115ms
          ratio: 1.15x
          confusion: 100.0%

[t=03:11] 🔴 HIGH QRM — 50%+ confusion — multiple stations or heavy interference
          SNR: 99.0dB
          freq: 570Hz
          dot: 100ms
          dash: 115ms
          ratio: 1.15x
          confusion: 100.0%

[t=03:12] 🔴 HIGH QRM — 50%+ confusion — multiple stations or heavy interference
          SNR: 99.0dB
          freq: 570Hz
          dot: 97ms
          dash: 115ms
          ratio: 1.19x
          confusion: 100.0%

[t=03:13] 🔴 HIGH QRM — 50%+ confusion — multiple stations or heavy interference
          SNR: 99.0dB
          freq: 570Hz
          dot: 78ms
          dash: 115ms
          ratio: 1.46x
          confusion: 100.0%

[t=03:14] 🔴 HIGH QRM — 50%+ confusion — multiple stations or heavy interference
          SNR: 99.0dB
          freq: 570Hz
          dot: 55ms
          dash: 115ms
          ratio: 2.09x
          confusion: 100.0%

[t=03:15] 🔴 HIGH QRM — 50%+ confusion — multiple stations or heavy interference
          SNR: 99.0dB
          freq: 570Hz
          dot: 100ms
          dash: 115ms
          ratio: 1.14x
          confusion: 100.0%

[t=03:16] 🔴 HIGH QRM — 50%+ confusion — multiple stations or heavy interference
          SNR: 99.0dB
          freq: 570Hz
          dot: 100ms
          dash: 115ms
          ratio: 1.15x
          confusion: 100.0%

[t=03:17] 🔴 HIGH QRM — 50%+ confusion — multiple stations or heavy interference
          SNR: 99.0dB
          freq: 570Hz
          dot: 100ms
          dash: 115ms
          ratio: 1.15x
          confusion: 100.0%

[t=03:18] 🔴 HIGH QRM — 50%+ confusion — multiple stations or heavy interference
          SNR: 99.0dB
          freq: 570Hz
          dot: 100ms
          dash: 115ms
          ratio: 1.15x
          confusion: 100.0%

[t=03:19] 🔴 HIGH QRM — 50%+ confusion — multiple stations or heavy interference
          SNR: 99.0dB
          freq: 570Hz
          dot: 100ms
          dash: 115ms
          ratio: 1.15x
          confusion: 100.0%

[t=03:20] 🔴 HIGH QRM — 50%+ confusion — multiple stations or heavy interference
          SNR: 99.0dB
          freq: 570Hz
          dot: 100ms
          dash: 115ms
          ratio: 1.15x
          confusion: 100.0%

[t=03:21] 🔴 HIGH QRM — 50%+ confusion — multiple stations or heavy interference
          SNR: 99.0dB
          freq: 570Hz
          dot: 100ms
          dash: 115ms
          ratio: 1.15x
          confusion: 100.0%

[t=03:22] 🔴 HIGH QRM — 50%+ confusion — multiple stations or heavy interference
          SNR: 99.0dB
          freq: 570Hz
          dot: 79ms
          dash: 115ms
          ratio: 1.46x
          confusion: 100.0%

[t=03:23] 🔴 HIGH QRM — 50%+ confusion — multiple stations or heavy interference
          SNR: 99.0dB
          freq: 570Hz
          dot: 100ms
          dash: 115ms
          ratio: 1.15x
          confusion: 100.0%

[t=03:24] 🔴 HIGH QRM — 50%+ confusion — multiple stations or heavy interference
          SNR: 99.0dB
          freq: 570Hz
          dot: 104ms
          dash: 115ms
          ratio: 1.11x
          confusion: 100.0%

[t=03:25] 🔴 HIGH QRM — 50%+ confusion — multiple stations or heavy interference
          SNR: 99.0dB
          freq: 570Hz
          dot: 79ms
          dash: 115ms
          ratio: 1.46x
          confusion: 100.0%

[t=03:26] 🔴 HIGH QRM — 50%+ confusion — multiple stations or heavy interference
          SNR: 99.0dB
          freq: 570Hz
          dot: 100ms
          dash: 115ms
          ratio: 1.15x
          confusion: 100.0%

[t=03:28] 🔴 HIGH QRM — 50%+ confusion — multiple stations or heavy interference
          SNR: 99.0dB
          freq: 570Hz
          dot: 100ms
          dash: 115ms
          ratio: 1.15x
          confusion: 100.0%

[t=03:29] 🔴 HIGH QRM — 50%+ confusion — multiple stations or heavy interference
          SNR: 99.0dB
          freq: 570Hz
          dot: 100ms
          dash: 115ms
          ratio: 1.15x
          confusion: 100.0%

[t=03:30] 🔴 HIGH QRM — 50%+ confusion — multiple stations or heavy interference
          SNR: 99.0dB
          freq: 570Hz
          dot: 104ms
          dash: 115ms
          ratio: 1.11x
          confusion: 100.0%

[t=03:31] 🔴 HIGH QRM — 50%+ confusion — multiple stations or heavy interference
          SNR: 99.0dB
          freq: 570Hz
          dot: 77ms
          dash: 115ms
          ratio: 1.48x
          confusion: 100.0%

[t=03:32] 🔴 HIGH QRM — 50%+ confusion — multiple stations or heavy interference
          SNR: 99.0dB
          freq: 570Hz
          dot: 100ms
          dash: 115ms
          ratio: 1.14x
          confusion: 100.0%

[t=03:33] 🔴 HIGH QRM — 50%+ confusion — multiple stations or heavy interference
          SNR: 99.0dB
          freq: 570Hz
          dot: 100ms
          dash: 115ms
          ratio: 1.15x
          confusion: 100.0%

[t=03:34] 🔴 HIGH QRM — 50%+ confusion — multiple stations or heavy interference
          SNR: 99.0dB
          freq: 570Hz
          dot: 97ms
          dash: 115ms
          ratio: 1.19x
          confusion: 100.0%

[t=03:35] 🔴 HIGH QRM — 50%+ confusion — multiple stations or heavy interference
          SNR: 99.0dB
          freq: 570Hz
          dot: 30ms
          dash: 115ms
          ratio: 3.83x
          confusion: 100.0%

[t=03:36] 🔴 HIGH QRM — 50%+ confusion — multiple stations or heavy interference
          SNR: 99.0dB
          freq: 570Hz
          dot: 80ms
          dash: 115ms
          ratio: 1.43x
          confusion: 100.0%

[t=03:37] 🔴 HIGH QRM — 50%+ confusion — multiple stations or heavy interference
          SNR: 99.0dB
          freq: 570Hz
          dot: 100ms
          dash: 115ms
          ratio: 1.15x
          confusion: 100.0%

[t=03:38] 🔴 HIGH QRM — 50%+ confusion — multiple stations or heavy interference
          SNR: 99.0dB
          freq: 570Hz
          dot: 100ms
          dash: 115ms
          ratio: 1.15x
          confusion: 100.0%

[t=03:39] 🔴 HIGH QRM — 50%+ confusion — multiple stations or heavy interference
          SNR: 99.0dB
          freq: 570Hz
          dot: 100ms
          dash: 115ms
          ratio: 1.15x
          confusion: 100.0%

[t=03:40] 🔴 HIGH QRM — 50%+ confusion — multiple stations or heavy interference
          SNR: 99.0dB
          freq: 570Hz
          dot: 83ms
          dash: 115ms
          ratio: 1.38x
          confusion: 100.0%

[t=03:41] 🔴 HIGH QRM — 50%+ confusion — multiple stations or heavy interference
          SNR: 99.0dB
          freq: 570Hz
          dot: 100ms
          dash: 115ms
          ratio: 1.15x
          confusion: 100.0%

[t=03:42] 🔴 HIGH QRM — 50%+ confusion — multiple stations or heavy interference
          SNR: 99.0dB
          freq: 570Hz
          dot: 100ms
          dash: 115ms
          ratio: 1.15x
          confusion: 100.0%

[t=03:43] 🔴 HIGH QRM — 50%+ confusion — multiple stations or heavy interference
          SNR: 99.0dB
          freq: 570Hz
          dot: 97ms
          dash: 115ms
          ratio: 1.19x
          confusion: 100.0%

[t=03:44] 🔴 HIGH QRM — 50%+ confusion — multiple stations or heavy interference
          SNR: 99.0dB
          freq: 570Hz
          dot: 78ms
          dash: 115ms
          ratio: 1.46x
          confusion: 100.0%

[t=03:46] 🔴 HIGH QRM — 50%+ confusion — multiple stations or heavy interference
          SNR: 99.0dB
          freq: 570Hz
          dot: 85ms
          dash: 115ms
          ratio: 1.35x
          confusion: 100.0%

[t=03:47] 🔴 HIGH QRM — 50%+ confusion — multiple stations or heavy interference
          SNR: 99.0dB
          freq: 570Hz
          dot: 55ms
          dash: 115ms
          ratio: 2.09x
          confusion: 100.0%

[t=03:48] 🔴 HIGH QRM — 50%+ confusion — multiple stations or heavy interference
          SNR: 99.0dB
          freq: 570Hz
          dot: 100ms
          dash: 115ms
          ratio: 1.14x
          confusion: 100.0%

[t=03:49] 🔴 HIGH QRM — 50%+ confusion — multiple stations or heavy interference
          SNR: 99.0dB
          freq: 570Hz
          dot: 100ms
          dash: 115ms
          ratio: 1.15x
          confusion: 100.0%

[t=03:50] 🔴 HIGH QRM — 50%+ confusion — multiple stations or heavy interference
          SNR: 99.0dB
          freq: 570Hz
          dot: 100ms
          dash: 115ms
          ratio: 1.15x
          confusion: 100.0%

[t=03:51] 🔴 HIGH QRM — 50%+ confusion — multiple stations or heavy interference
          SNR: 99.0dB
          freq: 570Hz
          dot: 100ms
          dash: 115ms
          ratio: 1.15x
          confusion: 100.0%

[t=03:52] 🔴 HIGH QRM — 50%+ confusion — multiple stations or heavy interference
          SNR: 99.0dB
          freq: 570Hz
          dot: 100ms
          dash: 115ms
          ratio: 1.15x
          confusion: 100.0%

[t=03:53] 🔴 HIGH QRM — 50%+ confusion — multiple stations or heavy interference
          SNR: 99.0dB
          freq: 570Hz
          dot: 100ms
          dash: 115ms
          ratio: 1.15x
          confusion: 100.0%

[t=03:54] 🔴 HIGH QRM — 50%+ confusion — multiple stations or heavy interference
          SNR: 99.0dB
          freq: 570Hz
          dot: 79ms
          dash: 115ms
          ratio: 1.46x
          confusion: 100.0%

[t=03:55] 🔴 HIGH QRM — 50%+ confusion — multiple stations or heavy interference
          SNR: 99.0dB
          freq: 570Hz
          dot: 100ms
          dash: 115ms
          ratio: 1.15x
          confusion: 100.0%

[t=03:56] 🔴 HIGH QRM — 50%+ confusion — multiple stations or heavy interference
          SNR: 99.0dB
          freq: 570Hz
          dot: 104ms
          dash: 115ms
          ratio: 1.11x
          confusion: 100.0%

[t=03:57] 🔴 HIGH QRM — 50%+ confusion — multiple stations or heavy interference
          SNR: 99.0dB
          freq: 570Hz
          dot: 79ms
          dash: 115ms
          ratio: 1.46x
          confusion: 100.0%

[t=03:58] 🔴 HIGH QRM — 50%+ confusion — multiple stations or heavy interference
          SNR: 99.0dB
          freq: 570Hz
          dot: 100ms
          dash: 115ms
          ratio: 1.15x
          confusion: 100.0%

[t=03:59] 🔴 HIGH QRM — 50%+ confusion — multiple stations or heavy interference
          SNR: 99.0dB
          freq: 570Hz
          dot: 100ms
          dash: 115ms
          ratio: 1.15x
          confusion: 100.0%

[t=04:00] 🔴 HIGH QRM — 50%+ confusion — multiple stations or heavy interference
          SNR: 99.0dB
          freq: 570Hz
          dot: 100ms
          dash: 115ms
          ratio: 1.15x
          confusion: 100.0%

[t=04:01] 🔴 HIGH QRM — 50%+ confusion — multiple stations or heavy interference
          SNR: 99.0dB
          freq: 570Hz
          dot: 104ms
          dash: 115ms
          ratio: 1.11x
          confusion: 100.0%

[t=04:02] 🔴 HIGH QRM — 50%+ confusion — multiple stations or heavy interference
          SNR: 99.0dB
          freq: 570Hz
          dot: 100ms
          dash: 115ms
          ratio: 1.15x
          confusion: 100.0%

[t=04:03] 🔴 HIGH QRM — 50%+ confusion — multiple stations or heavy interference
          SNR: 99.0dB
          freq: 570Hz
          dot: 77ms
          dash: 115ms
          ratio: 1.48x
          confusion: 100.0%

[t=04:04] 🔴 HIGH QRM — 50%+ confusion — multiple stations or heavy interference
          SNR: 99.0dB
          freq: 570Hz
          dot: 100ms
          dash: 115ms
          ratio: 1.14x
          confusion: 100.0%

[t=04:06] 🔴 HIGH QRM — 50%+ confusion — multiple stations or heavy interference
          SNR: 99.0dB
          freq: 570Hz
          dot: 100ms
          dash: 115ms
          ratio: 1.15x
          confusion: 100.0%

[t=04:07] 🔴 HIGH QRM — 50%+ confusion — multiple stations or heavy interference
          SNR: 99.0dB
          freq: 570Hz
          dot: 97ms
          dash: 115ms
          ratio: 1.19x
          confusion: 100.0%

[t=04:08] 🔴 HIGH QRM — 50%+ confusion — multiple stations or heavy interference
          SNR: 99.0dB
          freq: 570Hz
          dot: 30ms
          dash: 115ms
          ratio: 3.83x
          confusion: 100.0%

[t=04:09] 🔴 HIGH QRM — 50%+ confusion — multiple stations or heavy interference
          SNR: 99.0dB
          freq: 570Hz
          dot: 100ms
          dash: 115ms
          ratio: 1.15x
          confusion: 100.0%

[t=04:10] 🔴 HIGH QRM — 50%+ confusion — multiple stations or heavy interference
          SNR: 99.0dB
          freq: 570Hz
          dot: 100ms
          dash: 115ms
          ratio: 1.15x
          confusion: 100.0%

[t=04:11] 🔴 HIGH QRM — 50%+ confusion — multiple stations or heavy interference
          SNR: 99.0dB
          freq: 570Hz
          dot: 100ms
          dash: 115ms
          ratio: 1.15x
          confusion: 100.0%

[t=04:12] 🔴 HIGH QRM — 50%+ confusion — multiple stations or heavy interference
          SNR: 99.0dB
          freq: 570Hz
          dot: 83ms
          dash: 115ms
          ratio: 1.38x
          confusion: 100.0%

[t=04:13] 🔴 HIGH QRM — 50%+ confusion — multiple stations or heavy interference
          SNR: 99.0dB
          freq: 570Hz
          dot: 100ms
          dash: 115ms
          ratio: 1.15x
          confusion: 100.0%

[t=04:14] 🔴 HIGH QRM — 50%+ confusion — multiple stations or heavy interference
          SNR: 99.0dB
          freq: 570Hz
          dot: 100ms
          dash: 115ms
          ratio: 1.15x
          confusion: 100.0%

[t=04:15] 🔴 HIGH QRM — 50%+ confusion — multiple stations or heavy interference
          SNR: 99.0dB
          freq: 570Hz
          dot: 97ms
          dash: 115ms
          ratio: 1.19x
          confusion: 100.0%

[t=04:16] 🔴 HIGH QRM — 50%+ confusion — multiple stations or heavy interference
          SNR: 99.0dB
          freq: 570Hz
          dot: 78ms
          dash: 115ms
          ratio: 1.46x
          confusion: 100.0%

[t=04:17] 🔴 HIGH QRM — 50%+ confusion — multiple stations or heavy interference
          SNR: 99.0dB
          freq: 570Hz
          dot: 85ms
          dash: 115ms
          ratio: 1.35x
          confusion: 100.0%

[t=04:18] 🔴 HIGH QRM — 50%+ confusion — multiple stations or heavy interference
          SNR: 99.0dB
          freq: 570Hz
          dot: 55ms
          dash: 115ms
          ratio: 2.09x
          confusion: 100.0%

[t=04:19] 🔴 HIGH QRM — 50%+ confusion — multiple stations or heavy interference
          SNR: 99.0dB
          freq: 570Hz
          dot: 100ms
          dash: 115ms
          ratio: 1.14x
          confusion: 100.0%

[t=04:20] 🔴 HIGH QRM — 50%+ confusion — multiple stations or heavy interference
          SNR: 99.0dB
          freq: 570Hz
          dot: 100ms
          dash: 115ms
          ratio: 1.15x
          confusion: 100.0%

[t=04:21] 🔴 HIGH QRM — 50%+ confusion — multiple stations or heavy interference
          SNR: 99.0dB
          freq: 570Hz
          dot: 100ms
          dash: 115ms
          ratio: 1.15x
          confusion: 100.0%

[t=04:22] 🔴 HIGH QRM — 50%+ confusion — multiple stations or heavy interference
          SNR: 99.0dB
          freq: 570Hz
          dot: 100ms
          dash: 115ms
          ratio: 1.15x
          confusion: 100.0%

[t=04:24] 🔴 HIGH QRM — 50%+ confusion — multiple stations or heavy interference
          SNR: 99.0dB
          freq: 570Hz
          dot: 100ms
          dash: 115ms
          ratio: 1.15x
          confusion: 100.0%

[t=04:25] 🔴 HIGH QRM — 50%+ confusion — multiple stations or heavy interference
          SNR: 99.0dB
          freq: 570Hz
          dot: 100ms
          dash: 115ms
          ratio: 1.15x
          confusion: 100.0%

[t=04:26] 🔴 HIGH QRM — 50%+ confusion — multiple stations or heavy interference
          SNR: 99.0dB
          freq: 570Hz
          dot: 79ms
          dash: 115ms
          ratio: 1.46x
          confusion: 100.0%

[t=04:27] 🔴 HIGH QRM — 50%+ confusion — multiple stations or heavy interference
          SNR: 99.0dB
          freq: 570Hz
          dot: 100ms
          dash: 115ms
          ratio: 1.15x
          confusion: 100.0%

[t=04:28] 🔴 HIGH QRM — 50%+ confusion — multiple stations or heavy interference
          SNR: 99.0dB
          freq: 570Hz
          dot: 104ms
          dash: 115ms
          ratio: 1.11x
          confusion: 100.0%

[t=04:29] 🔴 HIGH QRM — 50%+ confusion — multiple stations or heavy interference
          SNR: 99.0dB
          freq: 570Hz
          dot: 79ms
          dash: 115ms
          ratio: 1.46x
          confusion: 100.0%

[t=04:30] 🔴 HIGH QRM — 50%+ confusion — multiple stations or heavy interference
          SNR: 99.0dB
          freq: 570Hz
          dot: 100ms
          dash: 115ms
          ratio: 1.15x
          confusion: 100.0%

[t=04:31] 🔴 HIGH QRM — 50%+ confusion — multiple stations or heavy interference
          SNR: 99.0dB
          freq: 570Hz
          dot: 100ms
          dash: 115ms
          ratio: 1.15x
          confusion: 100.0%

[t=04:32] 🔴 HIGH QRM — 50%+ confusion — multiple stations or heavy interference
          SNR: 99.0dB
          freq: 570Hz
          dot: 100ms
          dash: 115ms
          ratio: 1.15x
          confusion: 100.0%

[t=04:33] 🔴 HIGH QRM — 50%+ confusion — multiple stations or heavy interference
          SNR: 99.0dB
          freq: 570Hz
          dot: 104ms
          dash: 115ms
          ratio: 1.11x
          confusion: 100.0%

[t=04:34] 🔴 HIGH QRM — 50%+ confusion — multiple stations or heavy interference
          SNR: 99.0dB
          freq: 570Hz
          dot: 100ms
          dash: 115ms
          ratio: 1.15x
          confusion: 100.0%

[t=04:35] 🔴 HIGH QRM — 50%+ confusion — multiple stations or heavy interference
          SNR: 99.0dB
          freq: 570Hz
          dot: 77ms
          dash: 115ms
          ratio: 1.48x
          confusion: 100.0%

[t=04:36] 🔴 HIGH QRM — 50%+ confusion — multiple stations or heavy interference
          SNR: 99.0dB
          freq: 570Hz
          dot: 100ms
          dash: 115ms
          ratio: 1.14x
          confusion: 100.0%

[t=04:37] 🔴 HIGH QRM — 50%+ confusion — multiple stations or heavy interference
          SNR: 99.0dB
          freq: 570Hz
          dot: 100ms
          dash: 115ms
          ratio: 1.15x
          confusion: 100.0%

[t=04:38] 🔴 HIGH QRM — 50%+ confusion — multiple stations or heavy interference
          SNR: 99.0dB
          freq: 570Hz
          dot: 97ms
          dash: 115ms
          ratio: 1.19x
          confusion: 100.0%

[t=04:39] 🔴 HIGH QRM — 50%+ confusion — multiple stations or heavy interference
          SNR: 99.0dB
          freq: 570Hz
          dot: 30ms
          dash: 115ms
          ratio: 3.83x
          confusion: 100.0%

[t=04:41] 🔴 HIGH QRM — 50%+ confusion — multiple stations or heavy interference
          SNR: 99.0dB
          freq: 570Hz
          dot: 80ms
          dash: 115ms
          ratio: 1.43x
          confusion: 100.0%

[t=04:42] 🔴 HIGH QRM — 50%+ confusion — multiple stations or heavy interference
          SNR: 99.0dB
          freq: 570Hz
          dot: 100ms
          dash: 115ms
          ratio: 1.15x
          confusion: 100.0%

[t=04:43] 🔴 HIGH QRM — 50%+ confusion — multiple stations or heavy interference
          SNR: 99.0dB
          freq: 570Hz
          dot: 100ms
          dash: 115ms
          ratio: 1.15x
          confusion: 100.0%

[t=04:44] 🔴 HIGH QRM — 50%+ confusion — multiple stations or heavy interference
          SNR: 99.0dB
          freq: 570Hz
          dot: 83ms
          dash: 115ms
          ratio: 1.38x
          confusion: 100.0%

[t=04:45] 🔴 HIGH QRM — 50%+ confusion — multiple stations or heavy interference
          SNR: 99.0dB
          freq: 570Hz
          dot: 100ms
          dash: 115ms
          ratio: 1.15x
          confusion: 100.0%

[t=04:46] 🔴 HIGH QRM — 50%+ confusion — multiple stations or heavy interference
          SNR: 99.0dB
          freq: 570Hz
          dot: 100ms
          dash: 115ms
          ratio: 1.15x
          confusion: 100.0%

[t=04:47] 🔴 HIGH QRM — 50%+ confusion — multiple stations or heavy interference
          SNR: 99.0dB
          freq: 570Hz
          dot: 97ms
          dash: 115ms
          ratio: 1.19x
          confusion: 100.0%

[t=04:48] 🔴 HIGH QRM — 50%+ confusion — multiple stations or heavy interference
          SNR: 99.0dB
          freq: 570Hz
          dot: 78ms
          dash: 115ms
          ratio: 1.46x
          confusion: 100.0%

[t=04:49] 🔴 HIGH QRM — 50%+ confusion — multiple stations or heavy interference
          SNR: 99.0dB
          freq: 570Hz
          dot: 85ms
          dash: 115ms
          ratio: 1.35x
          confusion: 100.0%

[t=04:50] 🔴 HIGH QRM — 50%+ confusion — multiple stations or heavy interference
          SNR: 99.0dB
          freq: 570Hz
          dot: 55ms
          dash: 115ms
          ratio: 2.09x
          confusion: 100.0%

[t=04:51] 🔴 HIGH QRM — 50%+ confusion — multiple stations or heavy interference
          SNR: 99.0dB
          freq: 570Hz
          dot: 100ms
          dash: 115ms
          ratio: 1.14x
          confusion: 100.0%

[t=04:52] 🔴 HIGH QRM — 50%+ confusion — multiple stations or heavy interference
          SNR: 99.0dB
          freq: 570Hz
          dot: 100ms
          dash: 115ms
          ratio: 1.15x
          confusion: 100.0%

[t=04:54] 🔴 HIGH QRM — 50%+ confusion — multiple stations or heavy interference
          SNR: 99.0dB
          freq: 570Hz
          dot: 100ms
          dash: 115ms
          ratio: 1.15x
          confusion: 100.0%

[t=04:55] 🔴 HIGH QRM — 50%+ confusion — multiple stations or heavy interference
          SNR: 99.0dB
          freq: 570Hz
          dot: 100ms
          dash: 115ms
          ratio: 1.15x
          confusion: 100.0%

[t=04:56] 🔴 HIGH QRM — 50%+ confusion — multiple stations or heavy interference
          SNR: 99.0dB
          freq: 570Hz
          dot: 100ms
          dash: 115ms
          ratio: 1.15x
          confusion: 100.0%

[t=04:57] 🔴 HIGH QRM — 50%+ confusion — multiple stations or heavy interference
          SNR: 99.0dB
          freq: 570Hz
          dot: 100ms
          dash: 115ms
          ratio: 1.15x
          confusion: 100.0%

[t=04:58] 🔴 HIGH QRM — 50%+ confusion — multiple stations or heavy interference
          SNR: 99.0dB
          freq: 570Hz
          dot: 79ms
          dash: 115ms
          ratio: 1.46x
          confusion: 100.0%

[t=04:59] 🔴 HIGH QRM — 50%+ confusion — multiple stations or heavy interference
          SNR: 99.0dB
          freq: 570Hz
          dot: 100ms
          dash: 115ms
          ratio: 1.15x
          confusion: 100.0%

[t=05:00] 🔴 HIGH QRM — 50%+ confusion — multiple stations or heavy interference
          SNR: 99.0dB
          freq: 570Hz
          dot: 104ms
          dash: 115ms
          ratio: 1.11x
          confusion: 100.0%

[t=05:01] 🔴 HIGH QRM — 50%+ confusion — multiple stations or heavy interference
          SNR: 99.0dB
          freq: 570Hz
          dot: 79ms
          dash: 115ms
          ratio: 1.46x
          confusion: 100.0%

[t=05:02] 🔴 HIGH QRM — 50%+ confusion — multiple stations or heavy interference
          SNR: 99.0dB
          freq: 570Hz
          dot: 100ms
          dash: 115ms
          ratio: 1.15x
          confusion: 100.0%

[t=05:03] 🔴 HIGH QRM — 50%+ confusion — multiple stations or heavy interference
          SNR: 99.0dB
          freq: 570Hz
          dot: 100ms
          dash: 115ms
          ratio: 1.15x
          confusion: 100.0%

[t=05:04] 🔴 HIGH QRM — 50%+ confusion — multiple stations or heavy interference
          SNR: 99.0dB
          freq: 570Hz
          dot: 100ms
          dash: 115ms
          ratio: 1.15x
          confusion: 100.0%

[t=05:05] 🔴 HIGH QRM — 50%+ confusion — multiple stations or heavy interference
          SNR: 99.0dB
          freq: 570Hz
          dot: 104ms
          dash: 115ms
          ratio: 1.11x
          confusion: 100.0%

[t=05:06] 🔴 HIGH QRM — 50%+ confusion — multiple stations or heavy interference
          SNR: 99.0dB
          freq: 570Hz
          dot: 100ms
          dash: 115ms
          ratio: 1.15x
          confusion: 100.0%

[t=05:07] 🔴 HIGH QRM — 50%+ confusion — multiple stations or heavy interference
          SNR: 99.0dB
          freq: 570Hz
          dot: 77ms
          dash: 115ms
          ratio: 1.48x
          confusion: 100.0%

[t=05:08] 🔴 HIGH QRM — 50%+ confusion — multiple stations or heavy interference
          SNR: 99.0dB
          freq: 570Hz
          dot: 100ms
          dash: 115ms
          ratio: 1.14x
          confusion: 100.0%

[t=05:09] 🔴 HIGH QRM — 50%+ confusion — multiple stations or heavy interference
          SNR: 99.0dB
          freq: 570Hz
          dot: 100ms
          dash: 115ms
          ratio: 1.15x
          confusion: 100.0%

[t=05:10] 🔴 HIGH QRM — 50%+ confusion — multiple stations or heavy interference
          SNR: 99.0dB
          freq: 570Hz
          dot: 97ms
          dash: 115ms
          ratio: 1.19x
          confusion: 100.0%

[t=05:11] 🔴 HIGH QRM — 50%+ confusion — multiple stations or heavy interference
          SNR: 99.0dB
          freq: 570Hz
          dot: 30ms
          dash: 115ms
          ratio: 3.83x
          confusion: 100.0%

[t=05:12] 🔴 HIGH QRM — 50%+ confusion — multiple stations or heavy interference
          SNR: 99.0dB
          freq: 570Hz
          dot: 80ms
          dash: 115ms
          ratio: 1.43x
          confusion: 100.0%

[t=05:13] 🔴 HIGH QRM — 50%+ confusion — multiple stations or heavy interference
          SNR: 99.0dB
          freq: 570Hz
          dot: 100ms
          dash: 115ms
          ratio: 1.15x
          confusion: 100.0%

[t=05:15] 🔴 HIGH QRM — 50%+ confusion — multiple stations or heavy interference
          SNR: 99.0dB
          freq: 570Hz
          dot: 100ms
          dash: 115ms
          ratio: 1.15x
          confusion: 100.0%

[t=05:16] 🔴 HIGH QRM — 50%+ confusion — multiple stations or heavy interference
          SNR: 99.0dB
          freq: 570Hz
          dot: 100ms
          dash: 115ms
          ratio: 1.15x
          confusion: 100.0%

[t=05:17] 🔴 HIGH QRM — 50%+ confusion — multiple stations or heavy interference
          SNR: 99.0dB
          freq: 570Hz
          dot: 83ms
          dash: 115ms
          ratio: 1.38x
          confusion: 100.0%

[t=05:18] 🔴 HIGH QRM — 50%+ confusion — multiple stations or heavy interference
          SNR: 99.0dB
          freq: 570Hz
          dot: 100ms
          dash: 115ms
          ratio: 1.15x
          confusion: 100.0%

[t=05:19] 🔴 HIGH QRM — 50%+ confusion — multiple stations or heavy interference
          SNR: 99.0dB
          freq: 570Hz
          dot: 97ms
          dash: 115ms
          ratio: 1.19x
          confusion: 100.0%

[t=05:20] 🔴 HIGH QRM — 50%+ confusion — multiple stations or heavy interference
          SNR: 99.0dB
          freq: 570Hz
          dot: 78ms
          dash: 115ms
          ratio: 1.46x
          confusion: 100.0%

[t=05:21] 🔴 HIGH QRM — 50%+ confusion — multiple stations or heavy interference
          SNR: 99.0dB
          freq: 570Hz
          dot: 85ms
          dash: 115ms
          ratio: 1.35x
          confusion: 100.0%

[t=05:22] 🔴 HIGH QRM — 50%+ confusion — multiple stations or heavy interference
          SNR: 99.0dB
          freq: 570Hz
          dot: 55ms
          dash: 115ms
          ratio: 2.09x
          confusion: 100.0%

[t=05:23] 🔴 HIGH QRM — 50%+ confusion — multiple stations or heavy interference
          SNR: 99.0dB
          freq: 570Hz
          dot: 100ms
          dash: 115ms
          ratio: 1.14x
          confusion: 100.0%

[t=05:24] 🔴 HIGH QRM — 50%+ confusion — multiple stations or heavy interference
          SNR: 99.0dB
          freq: 570Hz
          dot: 100ms
          dash: 115ms
          ratio: 1.15x
          confusion: 100.0%

[t=05:25] 🔴 HIGH QRM — 50%+ confusion — multiple stations or heavy interference
          SNR: 99.0dB
          freq: 570Hz
          dot: 100ms
          dash: 115ms
          ratio: 1.15x
          confusion: 100.0%

[t=05:26] 🔴 HIGH QRM — 50%+ confusion — multiple stations or heavy interference
          SNR: 99.0dB
          freq: 570Hz
          dot: 100ms
          dash: 115ms
          ratio: 1.15x
          confusion: 100.0%

[t=05:27] 🔴 HIGH QRM — 50%+ confusion — multiple stations or heavy interference
          SNR: 99.0dB
          freq: 570Hz
          dot: 100ms
          dash: 115ms
          ratio: 1.15x
          confusion: 100.0%

[t=05:28] 🔴 HIGH QRM — 50%+ confusion — multiple stations or heavy interference
          SNR: 99.0dB
          freq: 570Hz
          dot: 100ms
          dash: 115ms
          ratio: 1.15x
          confusion: 100.0%

[t=05:29] 🔴 HIGH QRM — 50%+ confusion — multiple stations or heavy interference
          SNR: 99.0dB
          freq: 570Hz
          dot: 100ms
          dash: 115ms
          ratio: 1.15x
          confusion: 100.0%

[t=05:30] 🔴 HIGH QRM — 50%+ confusion — multiple stations or heavy interference
          SNR: 99.0dB
          freq: 570Hz
          dot: 79ms
          dash: 115ms
          ratio: 1.46x
          confusion: 100.0%

[t=05:31] 🔴 HIGH QRM — 50%+ confusion — multiple stations or heavy interference
          SNR: 99.0dB
          freq: 570Hz
          dot: 100ms
          dash: 115ms
          ratio: 1.15x
          confusion: 100.0%

[t=05:32] 🔴 HIGH QRM — 50%+ confusion — multiple stations or heavy interference
          SNR: 99.0dB
          freq: 570Hz
          dot: 104ms
          dash: 115ms
          ratio: 1.11x
          confusion: 100.0%

[t=05:33] 🔴 HIGH QRM — 50%+ confusion — multiple stations or heavy interference
          SNR: 99.0dB
          freq: 570Hz
          dot: 79ms
          dash: 115ms
          ratio: 1.46x
          confusion: 100.0%

[t=05:35] 🔴 HIGH QRM — 50%+ confusion — multiple stations or heavy interference
          SNR: 99.0dB
          freq: 570Hz
          dot: 100ms
          dash: 115ms
          ratio: 1.15x
          confusion: 100.0%

[t=05:36] 🔴 HIGH QRM — 50%+ confusion — multiple stations or heavy interference
          SNR: 99.0dB
          freq: 570Hz
          dot: 100ms
          dash: 115ms
          ratio: 1.15x
          confusion: 100.0%

[t=05:37] 🔴 HIGH QRM — 50%+ confusion — multiple stations or heavy interference
          SNR: 99.0dB
          freq: 570Hz
          dot: 100ms
          dash: 115ms
          ratio: 1.15x
          confusion: 100.0%

[t=05:38] 🔴 HIGH QRM — 50%+ confusion — multiple stations or heavy interference
          SNR: 99.0dB
          freq: 570Hz
          dot: 104ms
          dash: 115ms
          ratio: 1.11x
          confusion: 100.0%

[t=05:39] 🔴 HIGH QRM — 50%+ confusion — multiple stations or heavy interference
          SNR: 99.0dB
          freq: 570Hz
          dot: 77ms
          dash: 115ms
          ratio: 1.48x
          confusion: 100.0%

[t=05:40] 🔴 HIGH QRM — 50%+ confusion — multiple stations or heavy interference
          SNR: 99.0dB
          freq: 570Hz
          dot: 100ms
          dash: 115ms
          ratio: 1.14x
          confusion: 100.0%

[t=05:41] 🔴 HIGH QRM — 50%+ confusion — multiple stations or heavy interference
          SNR: 99.0dB
          freq: 570Hz
          dot: 100ms
          dash: 115ms
          ratio: 1.15x
          confusion: 100.0%

[t=05:42] 🔴 HIGH QRM — 50%+ confusion — multiple stations or heavy interference
          SNR: 99.0dB
          freq: 570Hz
          dot: 97ms
          dash: 115ms
          ratio: 1.19x
          confusion: 100.0%

[t=05:43] 🔴 HIGH QRM — 50%+ confusion — multiple stations or heavy interference
          SNR: 99.0dB
          freq: 570Hz
          dot: 30ms
          dash: 115ms
          ratio: 3.83x
          confusion: 100.0%

[t=05:44] 🔴 HIGH QRM — 50%+ confusion — multiple stations or heavy interference
          SNR: 99.0dB
          freq: 570Hz
          dot: 80ms
          dash: 115ms
          ratio: 1.43x
          confusion: 100.0%

[t=05:45] 🔴 HIGH QRM — 50%+ confusion — multiple stations or heavy interference
          SNR: 99.0dB
          freq: 570Hz
          dot: 100ms
          dash: 115ms
          ratio: 1.15x
          confusion: 100.0%

[t=05:46] 🔴 HIGH QRM — 50%+ confusion — multiple stations or heavy interference
          SNR: 99.0dB
          freq: 570Hz
          dot: 100ms
          dash: 115ms
          ratio: 1.15x
          confusion: 100.0%

[t=05:47] 🔴 HIGH QRM — 50%+ confusion — multiple stations or heavy interference
          SNR: 99.0dB
          freq: 570Hz
          dot: 100ms
          dash: 115ms
          ratio: 1.15x
          confusion: 100.0%

[t=05:48] 🔴 HIGH QRM — 50%+ confusion — multiple stations or heavy interference
          SNR: 99.0dB
          freq: 570Hz
          dot: 83ms
          dash: 115ms
          ratio: 1.38x
          confusion: 100.0%

[t=05:49] 🔴 HIGH QRM — 50%+ confusion — multiple stations or heavy interference
          SNR: 99.0dB
          freq: 570Hz
          dot: 100ms
          dash: 115ms
          ratio: 1.15x
          confusion: 100.0%

[t=05:50] 🔴 HIGH QRM — 50%+ confusion — multiple stations or heavy interference
          SNR: 99.0dB
          freq: 570Hz
          dot: 100ms
          dash: 115ms
          ratio: 1.15x
          confusion: 100.0%

[t=05:51] 🔴 HIGH QRM — 50%+ confusion — multiple stations or heavy interference
          SNR: 99.0dB
          freq: 570Hz
          dot: 97ms
          dash: 115ms
          ratio: 1.19x
          confusion: 100.0%

[t=05:52] 🔴 HIGH QRM — 50%+ confusion — multiple stations or heavy interference
          SNR: 99.0dB
          freq: 570Hz
          dot: 78ms
          dash: 115ms
          ratio: 1.46x
          confusion: 100.0%

[t=05:53] 🔴 HIGH QRM — 50%+ confusion — multiple stations or heavy interference
          SNR: 99.0dB
          freq: 570Hz
          dot: 85ms
          dash: 115ms
          ratio: 1.35x
          confusion: 100.0%

[t=05:55] 🔴 HIGH QRM — 50%+ confusion — multiple stations or heavy interference
          SNR: 99.0dB
          freq: 570Hz
          dot: 55ms
          dash: 115ms
          ratio: 2.09x
          confusion: 100.0%

[t=05:56] 🔴 HIGH QRM — 50%+ confusion — multiple stations or heavy interference
          SNR: 99.0dB
          freq: 570Hz
          dot: 100ms
          dash: 115ms
          ratio: 1.14x
          confusion: 100.0%

[t=05:57] 🔴 HIGH QRM — 50%+ confusion — multiple stations or heavy interference
          SNR: 99.0dB
          freq: 570Hz
          dot: 100ms
          dash: 115ms
          ratio: 1.15x
          confusion: 100.0%

[t=05:58] 🔴 HIGH QRM — 50%+ confusion — multiple stations or heavy interference
          SNR: 99.0dB
          freq: 570Hz
          dot: 100ms
          dash: 115ms
          ratio: 1.15x
          confusion: 100.0%

[t=05:59] 🔴 HIGH QRM — 50%+ confusion — multiple stations or heavy interference
          SNR: 99.0dB
          freq: 570Hz
          dot: 100ms
          dash: 115ms
          ratio: 1.15x
          confusion: 100.0%

[t=06:00] 🔴 HIGH QRM — 50%+ confusion — multiple stations or heavy interference
          SNR: 99.0dB
          freq: 570Hz
          dot: 100ms
          dash: 115ms
          ratio: 1.15x
          confusion: 100.0%

[t=06:01] 🔴 HIGH QRM — 50%+ confusion — multiple stations or heavy interference
          SNR: 99.0dB
          freq: 570Hz
          dot: 100ms
          dash: 115ms
          ratio: 1.15x
          confusion: 100.0%

[t=06:02] 🔴 HIGH QRM — 50%+ confusion — multiple stations or heavy interference
          SNR: 99.0dB
          freq: 570Hz
          dot: 79ms
          dash: 115ms
          ratio: 1.46x
          confusion: 100.0%

[t=06:03] 🔴 HIGH QRM — 50%+ confusion — multiple stations or heavy interference
          SNR: 99.0dB
          freq: 570Hz
          dot: 100ms
          dash: 115ms
          ratio: 1.15x
          confusion: 100.0%

[t=06:04] 🔴 HIGH QRM — 50%+ confusion — multiple stations or heavy interference
          SNR: 99.0dB
          freq: 570Hz
          dot: 104ms
          dash: 115ms
          ratio: 1.11x
          confusion: 100.0%

[t=06:05] 🔴 HIGH QRM — 50%+ confusion — multiple stations or heavy interference
          SNR: 99.0dB
          freq: 570Hz
          dot: 79ms
          dash: 115ms
          ratio: 1.46x
          confusion: 100.0%

[t=06:06] 🔴 HIGH QRM — 50%+ confusion — multiple stations or heavy interference
          SNR: 99.0dB
          freq: 570Hz
          dot: 100ms
          dash: 115ms
          ratio: 1.15x
          confusion: 100.0%

[t=06:07] 🔴 HIGH QRM — 50%+ confusion — multiple stations or heavy interference
          SNR: 99.0dB
          freq: 570Hz
          dot: 100ms
          dash: 115ms
          ratio: 1.15x
          confusion: 100.0%

[t=06:08] 🔴 HIGH QRM — 50%+ confusion — multiple stations or heavy interference
          SNR: 99.0dB
          freq: 570Hz
          dot: 100ms
          dash: 115ms
          ratio: 1.15x
          confusion: 100.0%

[t=06:09] 🔴 HIGH QRM — 50%+ confusion — multiple stations or heavy interference
          SNR: 99.0dB
          freq: 570Hz
          dot: 104ms
          dash: 115ms
          ratio: 1.11x
          confusion: 100.0%

[t=06:10] 🔴 HIGH QRM — 50%+ confusion — multiple stations or heavy interference
          SNR: 99.0dB
          freq: 570Hz
          dot: 100ms
          dash: 115ms
          ratio: 1.15x
          confusion: 100.0%

[t=06:11] 🔴 HIGH QRM — 50%+ confusion — multiple stations or heavy interference
          SNR: 99.0dB
          freq: 570Hz
          dot: 77ms
          dash: 115ms
          ratio: 1.48x
          confusion: 100.0%

[t=06:12] 🔴 HIGH QRM — 50%+ confusion — multiple stations or heavy interference
          SNR: 99.0dB
          freq: 570Hz
          dot: 100ms
          dash: 115ms
          ratio: 1.14x
          confusion: 100.0%

[t=06:13] 🔴 HIGH QRM — 50%+ confusion — multiple stations or heavy interference
          SNR: 99.0dB
          freq: 570Hz
          dot: 100ms
          dash: 115ms
          ratio: 1.15x
          confusion: 100.0%

[t=06:15] 🔴 HIGH QRM — 50%+ confusion — multiple stations or heavy interference
          SNR: 99.0dB
          freq: 570Hz
          dot: 97ms
          dash: 115ms
          ratio: 1.19x
          confusion: 100.0%

[t=06:16] 🔴 HIGH QRM — 50%+ confusion — multiple stations or heavy interference
          SNR: 99.0dB
          freq: 570Hz
          dot: 30ms
          dash: 115ms
          ratio: 3.83x
          confusion: 100.0%

[t=06:17] 🔴 HIGH QRM — 50%+ confusion — multiple stations or heavy interference
          SNR: 99.0dB
          freq: 570Hz
          dot: 80ms
          dash: 115ms
          ratio: 1.43x
          confusion: 100.0%

[t=06:18] 🔴 HIGH QRM — 50%+ confusion — multiple stations or heavy interference
          SNR: 99.0dB
          freq: 570Hz
          dot: 100ms
          dash: 115ms
          ratio: 1.15x
          confusion: 100.0%

[t=06:19] 🔴 HIGH QRM — 50%+ confusion — multiple stations or heavy interference
          SNR: 99.0dB
          freq: 570Hz
          dot: 100ms
          dash: 115ms
          ratio: 1.15x
          confusion: 100.0%

[t=06:20] 🔴 HIGH QRM — 50%+ confusion — multiple stations or heavy interference
          SNR: 99.0dB
          freq: 570Hz
          dot: 83ms
          dash: 115ms
          ratio: 1.38x
          confusion: 100.0%

[t=06:21] 🔴 HIGH QRM — 50%+ confusion — multiple stations or heavy interference
          SNR: 99.0dB
          freq: 570Hz
          dot: 100ms
          dash: 115ms
          ratio: 1.15x
          confusion: 100.0%

[t=06:22] 🔴 HIGH QRM — 50%+ confusion — multiple stations or heavy interference
          SNR: 99.0dB
          freq: 570Hz
          dot: 100ms
          dash: 115ms
          ratio: 1.15x
          confusion: 100.0%

[t=06:23] 🔴 HIGH QRM — 50%+ confusion — multiple stations or heavy interference
          SNR: 99.0dB
          freq: 570Hz
          dot: 97ms
          dash: 115ms
          ratio: 1.19x
          confusion: 100.0%

[t=06:24] 🔴 HIGH QRM — 50%+ confusion — multiple stations or heavy interference
          SNR: 99.0dB
          freq: 570Hz
          dot: 78ms
          dash: 115ms
          ratio: 1.46x
          confusion: 100.0%

[t=06:25] 🔴 HIGH QRM — 50%+ confusion — multiple stations or heavy interference
          SNR: 99.0dB
          freq: 570Hz
          dot: 85ms
          dash: 115ms
          ratio: 1.35x
          confusion: 100.0%

[t=06:26] 🔴 HIGH QRM — 50%+ confusion — multiple stations or heavy interference
          SNR: 99.0dB
          freq: 570Hz
          dot: 55ms
          dash: 115ms
          ratio: 2.09x
          confusion: 100.0%

[t=06:27] 🔴 HIGH QRM — 50%+ confusion — multiple stations or heavy interference
          SNR: 99.0dB
          freq: 570Hz
          dot: 100ms
          dash: 115ms
          ratio: 1.14x
          confusion: 100.0%

[t=06:28] 🔴 HIGH QRM — 50%+ confusion — multiple stations or heavy interference
          SNR: 99.0dB
          freq: 570Hz
          dot: 100ms
          dash: 115ms
          ratio: 1.15x
          confusion: 100.0%

[t=06:29] 🔴 HIGH QRM — 50%+ confusion — multiple stations or heavy interference
          SNR: 99.0dB
          freq: 570Hz
          dot: 100ms
          dash: 115ms
          ratio: 1.15x
          confusion: 100.0%

[t=06:30] 🔴 HIGH QRM — 50%+ confusion — multiple stations or heavy interference
          SNR: 99.0dB
          freq: 570Hz
          dot: 100ms
          dash: 115ms
          ratio: 1.15x
          confusion: 100.0%

[t=06:31] 🔴 HIGH QRM — 50%+ confusion — multiple stations or heavy interference
          SNR: 99.0dB
          freq: 570Hz
          dot: 100ms
          dash: 115ms
          ratio: 1.15x
          confusion: 100.0%

[t=06:32] 🔴 HIGH QRM — 50%+ confusion — multiple stations or heavy interference
          SNR: 99.0dB
          freq: 570Hz
          dot: 100ms
          dash: 115ms
          ratio: 1.15x
          confusion: 100.0%

[t=06:33] 🔴 HIGH QRM — 50%+ confusion — multiple stations or heavy interference
          SNR: 99.0dB
          freq: 570Hz
          dot: 100ms
          dash: 115ms
          ratio: 1.15x
          confusion: 100.0%

[t=06:34] 🔴 HIGH QRM — 50%+ confusion — multiple stations or heavy interference
          SNR: 99.0dB
          freq: 570Hz
          dot: 79ms
          dash: 115ms
          ratio: 1.46x
          confusion: 100.0%

[t=06:35] 🔴 HIGH QRM — 50%+ confusion — multiple stations or heavy interference
          SNR: 99.0dB
          freq: 570Hz
          dot: 100ms
          dash: 115ms
          ratio: 1.15x
          confusion: 100.0%

[t=06:36] 🔴 HIGH QRM — 50%+ confusion — multiple stations or heavy interference
          SNR: 99.0dB
          freq: 570Hz
          dot: 104ms
          dash: 115ms
          ratio: 1.11x
          confusion: 100.0%

[t=06:38] 🔴 HIGH QRM — 50%+ confusion — multiple stations or heavy interference
          SNR: 99.0dB
          freq: 570Hz
          dot: 79ms
          dash: 115ms
          ratio: 1.46x
          confusion: 100.0%

[t=06:39] 🔴 HIGH QRM — 50%+ confusion — multiple stations or heavy interference
          SNR: 99.0dB
          freq: 570Hz
          dot: 100ms
          dash: 115ms
          ratio: 1.15x
          confusion: 100.0%

[t=06:40] 🔴 HIGH QRM — 50%+ confusion — multiple stations or heavy interference
          SNR: 99.0dB
          freq: 570Hz
          dot: 100ms
          dash: 115ms
          ratio: 1.15x
          confusion: 100.0%

[t=06:41] 🔴 HIGH QRM — 50%+ confusion — multiple stations or heavy interference
          SNR: 99.0dB
          freq: 570Hz
          dot: 104ms
          dash: 115ms
          ratio: 1.11x
          confusion: 100.0%

[t=06:42] 🔴 HIGH QRM — 50%+ confusion — multiple stations or heavy interference
          SNR: 99.0dB
          freq: 570Hz
          dot: 100ms
          dash: 115ms
          ratio: 1.15x
          confusion: 100.0%

[t=06:43] 🔴 HIGH QRM — 50%+ confusion — multiple stations or heavy interference
          SNR: 99.0dB
          freq: 570Hz
          dot: 77ms
          dash: 115ms
          ratio: 1.48x
          confusion: 100.0%

[t=06:44] 🔴 HIGH QRM — 50%+ confusion — multiple stations or heavy interference
          SNR: 99.0dB
          freq: 570Hz
          dot: 100ms
          dash: 115ms
          ratio: 1.14x
          confusion: 100.0%

[t=06:45] 🔴 HIGH QRM — 50%+ confusion — multiple stations or heavy interference
          SNR: 99.0dB
          freq: 570Hz
          dot: 100ms
          dash: 115ms
          ratio: 1.15x
          confusion: 100.0%

[t=06:46] 🔴 HIGH QRM — 50%+ confusion — multiple stations or heavy interference
          SNR: 99.0dB
          freq: 570Hz
          dot: 97ms
          dash: 115ms
          ratio: 1.19x
          confusion: 100.0%

[t=06:47] 🔴 HIGH QRM — 50%+ confusion — multiple stations or heavy interference
          SNR: 99.0dB
          freq: 570Hz
          dot: 30ms
          dash: 115ms
          ratio: 3.83x
          confusion: 100.0%

[t=06:48] 🔴 HIGH QRM — 50%+ confusion — multiple stations or heavy interference
          SNR: 99.0dB
          freq: 570Hz
          dot: 80ms
          dash: 115ms
          ratio: 1.43x
          confusion: 100.0%

[t=06:49] 🔴 HIGH QRM — 50%+ confusion — multiple stations or heavy interference
          SNR: 99.0dB
          freq: 570Hz
          dot: 100ms
          dash: 115ms
          ratio: 1.15x
          confusion: 100.0%

[t=06:50] 🔴 HIGH QRM — 50%+ confusion — multiple stations or heavy interference
          SNR: 99.0dB
          freq: 570Hz
          dot: 100ms
          dash: 115ms
          ratio: 1.15x
          confusion: 100.0%

[t=06:51] 🔴 HIGH QRM — 50%+ confusion — multiple stations or heavy interference
          SNR: 99.0dB
          freq: 570Hz
          dot: 100ms
          dash: 115ms
          ratio: 1.15x
          confusion: 100.0%

[t=06:52] 🔴 HIGH QRM — 50%+ confusion — multiple stations or heavy interference
          SNR: 99.0dB
          freq: 570Hz
          dot: 83ms
          dash: 115ms
          ratio: 1.38x
          confusion: 100.0%

[t=06:53] 🔴 HIGH QRM — 50%+ confusion — multiple stations or heavy interference
          SNR: 99.0dB
          freq: 570Hz
          dot: 100ms
          dash: 115ms
          ratio: 1.15x
          confusion: 100.0%

[t=06:54] 🔴 HIGH QRM — 50%+ confusion — multiple stations or heavy interference
          SNR: 99.0dB
          freq: 570Hz
          dot: 100ms
          dash: 115ms
          ratio: 1.15x
          confusion: 100.0%

[t=06:56] 🔴 HIGH QRM — 50%+ confusion — multiple stations or heavy interference
          SNR: 99.0dB
          freq: 570Hz
          dot: 97ms
          dash: 115ms
          ratio: 1.19x
          confusion: 100.0%

[t=06:57] 🔴 HIGH QRM — 50%+ confusion — multiple stations or heavy interference
          SNR: 99.0dB
          freq: 570Hz
          dot: 78ms
          dash: 115ms
          ratio: 1.46x
          confusion: 100.0%

[t=06:58] 🔴 HIGH QRM — 50%+ confusion — multiple stations or heavy interference
          SNR: 99.0dB
          freq: 570Hz
          dot: 85ms
          dash: 115ms
          ratio: 1.35x
          confusion: 100.0%

[t=06:59] 🔴 HIGH QRM — 50%+ confusion — multiple stations or heavy interference
          SNR: 99.0dB
          freq: 570Hz
          dot: 55ms
          dash: 115ms
          ratio: 2.09x
          confusion: 100.0%

[t=07:00] 🔴 HIGH QRM — 50%+ confusion — multiple stations or heavy interference
          SNR: 99.0dB
          freq: 570Hz
          dot: 100ms
          dash: 115ms
          ratio: 1.15x
          confusion: 100.0%

[t=07:01] 🔴 HIGH QRM — 50%+ confusion — multiple stations or heavy interference
          SNR: 99.0dB
          freq: 570Hz
          dot: 100ms
          dash: 115ms
          ratio: 1.15x
          confusion: 100.0%

[t=07:02] 🔴 HIGH QRM — 50%+ confusion — multiple stations or heavy interference
          SNR: 99.0dB
          freq: 570Hz
          dot: 100ms
          dash: 115ms
          ratio: 1.15x
          confusion: 100.0%

[t=07:03] 🔴 HIGH QRM — 50%+ confusion — multiple stations or heavy interference
          SNR: 99.0dB
          freq: 570Hz
          dot: 100ms
          dash: 115ms
          ratio: 1.15x
          confusion: 100.0%

[t=07:04] 🔴 HIGH QRM — 50%+ confusion — multiple stations or heavy interference
          SNR: 99.0dB
          freq: 570Hz
          dot: 100ms
          dash: 115ms
          ratio: 1.15x
          confusion: 100.0%

[t=07:05] 🔴 HIGH QRM — 50%+ confusion — multiple stations or heavy interference
          SNR: 99.0dB
          freq: 570Hz
          dot: 100ms
          dash: 115ms
          ratio: 1.15x
          confusion: 100.0%

[t=07:06] 🔴 HIGH QRM — 50%+ confusion — multiple stations or heavy interference
          SNR: 99.0dB
          freq: 570Hz
          dot: 79ms
          dash: 115ms
          ratio: 1.46x
          confusion: 100.0%

[t=07:07] 🔴 HIGH QRM — 50%+ confusion — multiple stations or heavy interference
          SNR: 99.0dB
          freq: 570Hz
          dot: 100ms
          dash: 115ms
          ratio: 1.15x
          confusion: 100.0%

[t=07:08] 🔴 HIGH QRM — 50%+ confusion — multiple stations or heavy interference
          SNR: 99.0dB
          freq: 570Hz
          dot: 104ms
          dash: 115ms
          ratio: 1.11x
          confusion: 100.0%

[t=07:09] 🔴 HIGH QRM — 50%+ confusion — multiple stations or heavy interference
          SNR: 99.0dB
          freq: 570Hz
          dot: 79ms
          dash: 115ms
          ratio: 1.46x
          confusion: 100.0%

[t=07:10] 🔴 HIGH QRM — 50%+ confusion — multiple stations or heavy interference
          SNR: 99.0dB
          freq: 570Hz
          dot: 100ms
          dash: 115ms
          ratio: 1.15x
          confusion: 100.0%

[t=07:11] 🔴 HIGH QRM — 50%+ confusion — multiple stations or heavy interference
          SNR: 99.0dB
          freq: 570Hz
          dot: 100ms
          dash: 115ms
          ratio: 1.15x
          confusion: 100.0%

[t=07:12] 🔴 HIGH QRM — 50%+ confusion — multiple stations or heavy interference
          SNR: 99.0dB
          freq: 570Hz
          dot: 100ms
          dash: 115ms
          ratio: 1.15x
          confusion: 100.0%

[t=07:13] 🔴 HIGH QRM — 50%+ confusion — multiple stations or heavy interference
          SNR: 99.0dB
          freq: 570Hz
          dot: 104ms
          dash: 115ms
          ratio: 1.11x
          confusion: 100.0%

[t=07:14] 🔴 HIGH QRM — 50%+ confusion — multiple stations or heavy interference
          SNR: 99.0dB
          freq: 570Hz
          dot: 100ms
          dash: 115ms
          ratio: 1.15x
          confusion: 100.0%

[t=07:15] 🔴 HIGH QRM — 50%+ confusion — multiple stations or heavy interference
          SNR: 99.0dB
          freq: 570Hz
          dot: 77ms
          dash: 115ms
          ratio: 1.48x
          confusion: 100.0%

[t=07:17] 🔴 HIGH QRM — 50%+ confusion — multiple stations or heavy interference
          SNR: 99.0dB
          freq: 570Hz
          dot: 100ms
          dash: 115ms
          ratio: 1.14x
          confusion: 100.0%

[t=07:18] 🔴 HIGH QRM — 50%+ confusion — multiple stations or heavy interference
          SNR: 99.0dB
          freq: 570Hz
          dot: 100ms
          dash: 115ms
          ratio: 1.15x
          confusion: 100.0%

[t=07:19] 🔴 HIGH QRM — 50%+ confusion — multiple stations or heavy interference
          SNR: 99.0dB
          freq: 570Hz
          dot: 30ms
          dash: 115ms
          ratio: 3.83x
          confusion: 100.0%

[t=07:20] 🔴 HIGH QRM — 50%+ confusion — multiple stations or heavy interference
          SNR: 99.0dB
          freq: 570Hz
          dot: 80ms
          dash: 115ms
          ratio: 1.43x
          confusion: 100.0%

[t=07:21] 🔴 HIGH QRM — 50%+ confusion — multiple stations or heavy interference
          SNR: 99.0dB
          freq: 570Hz
          dot: 100ms
          dash: 115ms
          ratio: 1.15x
          confusion: 100.0%

[t=07:22] 🔴 HIGH QRM — 50%+ confusion — multiple stations or heavy interference
          SNR: 99.0dB
          freq: 570Hz
          dot: 100ms
          dash: 115ms
          ratio: 1.15x
          confusion: 100.0%
