
[t=00:13] ⚠️  TIMING UNSTABLE — ratio=1.40x outside normal range 2.0-4.0x
          SNR: 27.4dB
          freq: 1746Hz
          dot: 82ms
          dash: 115ms
          ratio: 1.40x
          confusion: 0.0%

[t=00:14] ⚠️  TIMING UNSTABLE — ratio=1.21x outside normal range 2.0-4.0x
          SNR: 25.9dB
          freq: 1746Hz
          dot: 95ms
          dash: 115ms
          ratio: 1.21x
          confusion: 0.0%

[t=00:15] ⚠️  TIMING UNSTABLE — ratio=1.94x outside normal range 2.0-4.0x
          SNR: 26.1dB
          freq: 1773Hz
          dot: 40ms
          dash: 78ms
          ratio: 1.94x
          confusion: 0.0%

[t=00:20] ⚠️  TIMING UNSTABLE — ratio=1.35x outside normal range 2.0-4.0x
          SNR: 23.3dB
          freq: 1747Hz
          dot: 85ms
          dash: 115ms
          ratio: 1.35x
          confusion: 0.0%

[t=00:25] ⚠️  HIGH CONFUSION — 25%+ unrecognized — weak signal or timing errors
          SNR: 19.6dB
          freq: 1363Hz
          dot: 60ms
          dash: 165ms
          ratio: 2.75x
          confusion: 33.3%

[t=00:25] ⚠️  FREQUENCY DRIFT — 1773Hz → 1363Hz
          SNR: 19.6dB
          freq: 1363Hz
          dot: 60ms
          dash: 165ms
          ratio: 2.75x
          confusion: 33.3%

[t=00:28] ⚠️  TIMING UNSTABLE — ratio=1.18x outside normal range 2.0-4.0x
          SNR: 18.7dB
          freq: 1361Hz
          dot: 55ms
          dash: 65ms
          ratio: 1.18x
          confusion: 0.0%

[t=00:29] ⚠️  TIMING UNSTABLE — ratio=1.08x outside normal range 2.0-4.0x
          SNR: 19.2dB
          freq: 1361Hz
          dot: 60ms
          dash: 65ms
          ratio: 1.08x
          confusion: 0.0%

[t=00:32] ⚠️  TIMING UNSTABLE — ratio=1.19x outside normal range 2.0-4.0x
          SNR: 35.2dB
          freq: 1773Hz
          dot: 40ms
          dash: 48ms
          ratio: 1.19x
          confusion: 0.0%

[t=00:32] ⚠️  FREQUENCY DRIFT — 1360Hz → 1773Hz
          SNR: 35.2dB
          freq: 1773Hz
          dot: 40ms
          dash: 48ms
          ratio: 1.19x
          confusion: 0.0%

[t=00:36] ⚠️  TIMING UNSTABLE — ratio=1.16x outside normal range 2.0-4.0x
          SNR: 29.2dB
          freq: 1773Hz
          dot: 37ms
          dash: 43ms
          ratio: 1.16x
          confusion: 0.0%

[t=00:37] ⚠️  FREQUENCY DRIFT — 1773Hz → 1363Hz
          SNR: 20.5dB
          freq: 1363Hz
          dot: 34ms
          dash: 74ms
          ratio: 2.22x
          confusion: 0.0%

[t=00:38] ⚠️  TIMING UNSTABLE — ratio=1.18x outside normal range 2.0-4.0x
          SNR: 20.6dB
          freq: 1364Hz
          dot: 55ms
          dash: 65ms
          ratio: 1.18x
          confusion: 0.0%

[t=00:40] ⚠️  TIMING UNSTABLE — ratio=1.24x outside normal range 2.0-4.0x
          SNR: 20.2dB
          freq: 1364Hz
          dot: 54ms
          dash: 67ms
          ratio: 1.24x
          confusion: 0.0%

[t=00:41] ⚠️  TIMING UNSTABLE — ratio=1.09x outside normal range 2.0-4.0x
          SNR: 20.3dB
          freq: 1363Hz
          dot: 55ms
          dash: 60ms
          ratio: 1.09x
          confusion: 0.0%

[t=00:42] ⚠️  TIMING UNSTABLE — ratio=1.12x outside normal range 2.0-4.0x
          SNR: 18.6dB
          freq: 1363Hz
          dot: 60ms
          dash: 68ms
          ratio: 1.12x
          confusion: 0.0%

[t=00:44] ⚠️  TIMING UNSTABLE — ratio=1.00x outside normal range 2.0-4.0x
          SNR: 27.4dB
          freq: 1773Hz
          dot: 40ms
          dash: 40ms
          ratio: 1.00x
          confusion: 0.0%

[t=00:44] ⚠️  FREQUENCY DRIFT — 1363Hz → 1773Hz
          SNR: 27.4dB
          freq: 1773Hz
          dot: 40ms
          dash: 40ms
          ratio: 1.00x
          confusion: 0.0%

[t=00:45] ⚠️  TIMING UNSTABLE — ratio=1.12x outside normal range 2.0-4.0x
          SNR: 28.9dB
          freq: 1773Hz
          dot: 40ms
          dash: 45ms
          ratio: 1.12x
          confusion: 0.0%

[t=00:46] ⚠️  TIMING UNSTABLE — ratio=1.12x outside normal range 2.0-4.0x
          SNR: 29.0dB
          freq: 1773Hz
          dot: 40ms
          dash: 45ms
          ratio: 1.12x
          confusion: 0.0%

[t=00:51] ⚠️  HIGH CONFUSION — 25%+ unrecognized — weak signal or timing errors
          SNR: 25.9dB
          freq: 1773Hz
          dot: 30ms
          dash: 120ms
          ratio: 4.08x
          confusion: 33.3%

[t=00:52] ⚠️  HIGH CONFUSION — 25%+ unrecognized — weak signal or timing errors
          SNR: 21.3dB
          freq: 1759Hz
          dot: 45ms
          dash: 120ms
          ratio: 2.67x
          confusion: 33.3%

[t=00:54] ⚠️  TIMING UNSTABLE — ratio=1.08x outside normal range 2.0-4.0x
          SNR: 20.1dB
          freq: 1363Hz
          dot: 60ms
          dash: 65ms
          ratio: 1.08x
          confusion: 0.0%

[t=00:54] ⚠️  FREQUENCY DRIFT — 1759Hz → 1363Hz
          SNR: 20.1dB
          freq: 1363Hz
          dot: 60ms
          dash: 65ms
          ratio: 1.08x
          confusion: 0.0%

[t=00:55] ⚠️  TIMING UNSTABLE — ratio=1.00x outside normal range 2.0-4.0x
          SNR: 18.4dB
          freq: 1363Hz
          dot: 60ms
          dash: 60ms
          ratio: 1.00x
          confusion: 0.0%

[t=00:56] ⚠️  HIGH CONFUSION — 25%+ unrecognized — weak signal or timing errors
          SNR: 25.6dB
          freq: 1772Hz
          dot: 53ms
          dash: 147ms
          ratio: 2.78x
          confusion: 33.3%

[t=00:56] ⚠️  FREQUENCY DRIFT — 1363Hz → 1772Hz
          SNR: 25.6dB
          freq: 1772Hz
          dot: 53ms
          dash: 147ms
          ratio: 2.78x
          confusion: 33.3%

[t=00:57] ⚠️  HIGH CONFUSION — 25%+ unrecognized — weak signal or timing errors
          SNR: 27.0dB
          freq: 1772Hz
          dot: 48ms
          dash: 74ms
          ratio: 1.54x
          confusion: 33.3%

[t=00:59] ⚠️  TIMING UNSTABLE — ratio=1.84x outside normal range 2.0-4.0x
          SNR: 27.6dB
          freq: 1772Hz
          dot: 45ms
          dash: 83ms
          ratio: 1.84x
          confusion: 0.0%

[t=01:01] ⚠️  FREQUENCY DRIFT — 1744Hz → 1361Hz
          SNR: 26.3dB
          freq: 1361Hz
          dot: 65ms
          dash: 172ms
          ratio: 2.65x
          confusion: 0.0%

[t=01:02] ⚠️  TIMING UNSTABLE — ratio=1.82x outside normal range 2.0-4.0x
          SNR: 33.9dB
          freq: 1773Hz
          dot: 40ms
          dash: 73ms
          ratio: 1.82x
          confusion: 0.0%

[t=01:02] ⚠️  FREQUENCY DRIFT — 1361Hz → 1773Hz
          SNR: 33.9dB
          freq: 1773Hz
          dot: 40ms
          dash: 73ms
          ratio: 1.82x
          confusion: 0.0%

[t=01:06] ⚠️  TIMING UNSTABLE — ratio=1.83x outside normal range 2.0-4.0x
          SNR: 27.7dB
          freq: 1773Hz
          dot: 45ms
          dash: 82ms
          ratio: 1.83x
          confusion: 0.0%

[t=01:08] ⚠️  TIMING UNSTABLE — ratio=1.07x outside normal range 2.0-4.0x
          SNR: 19.6dB
          freq: 1362Hz
          dot: 61ms
          dash: 65ms
          ratio: 1.07x
          confusion: 0.0%

[t=01:08] ⚠️  FREQUENCY DRIFT — 1773Hz → 1362Hz
          SNR: 19.6dB
          freq: 1362Hz
          dot: 61ms
          dash: 65ms
          ratio: 1.07x
          confusion: 0.0%

[t=01:09] ⚠️  HIGH CONFUSION — 25%+ unrecognized — weak signal or timing errors
          SNR: 27.1dB
          freq: 1773Hz
          dot: 15ms
          dash: 47ms
          ratio: 3.13x
          confusion: 50.0%

[t=01:09] ⚠️  FREQUENCY DRIFT — 1362Hz → 1773Hz
          SNR: 27.1dB
          freq: 1773Hz
          dot: 15ms
          dash: 47ms
          ratio: 3.13x
          confusion: 50.0%

[t=01:10] ⚠️  TIMING UNSTABLE — ratio=5.00x outside normal range 2.0-4.0x
          SNR: 27.1dB
          freq: 1773Hz
          dot: 10ms
          dash: 50ms
          ratio: 5.00x
          confusion: 25.0%

[t=01:11] ⚠️  TIMING UNSTABLE — ratio=1.12x outside normal range 2.0-4.0x
          SNR: 29.1dB
          freq: 1774Hz
          dot: 45ms
          dash: 50ms
          ratio: 1.12x
          confusion: 0.0%

[t=01:12] ⚠️  TIMING UNSTABLE — ratio=1.70x outside normal range 2.0-4.0x
          SNR: 29.0dB
          freq: 1773Hz
          dot: 50ms
          dash: 85ms
          ratio: 1.70x
          confusion: 0.0%

[t=01:22] ⚠️  TIMING UNSTABLE — ratio=1.10x outside normal range 2.0-4.0x
          SNR: 21.3dB
          freq: 1747Hz
          dot: 50ms
          dash: 55ms
          ratio: 1.10x
          confusion: 0.0%

[t=01:25] 🔴 HIGH QRM — 50%+ confusion — multiple stations or heavy interference
          SNR: 18.4dB
          freq: 1747Hz
          dot: 10ms
          dash: 25ms
          ratio: 2.50x
          confusion: 100.0%

[t=01:26] ⚠️  FREQUENCY DRIFT — 1747Hz → 1363Hz
          SNR: 20.9dB
          freq: 1363Hz
          dot: 62ms
          dash: 175ms
          ratio: 2.85x
          confusion: 0.0%

[t=01:27] ⚠️  TIMING UNSTABLE — ratio=1.46x outside normal range 2.0-4.0x
          SNR: 28.9dB
          freq: 1773Hz
          dot: 48ms
          dash: 71ms
          ratio: 1.46x
          confusion: 0.0%

[t=01:27] ⚠️  FREQUENCY DRIFT — 1363Hz → 1773Hz
          SNR: 28.9dB
          freq: 1773Hz
          dot: 48ms
          dash: 71ms
          ratio: 1.46x
          confusion: 0.0%

[t=01:31] ⚠️  TIMING UNSTABLE — ratio=1.11x outside normal range 2.0-4.0x
          SNR: 27.6dB
          freq: 1773Hz
          dot: 45ms
          dash: 50ms
          ratio: 1.11x
          confusion: 0.0%

[t=01:34] ⚠️  TIMING UNSTABLE — ratio=1.95x outside normal range 2.0-4.0x
          SNR: 19.7dB
          freq: 1747Hz
          dot: 50ms
          dash: 98ms
          ratio: 1.95x
          confusion: 0.0%

[t=01:40] ⚠️  TIMING UNSTABLE — ratio=1.12x outside normal range 2.0-4.0x
          SNR: 27.2dB
          freq: 1773Hz
          dot: 40ms
          dash: 45ms
          ratio: 1.12x
          confusion: 0.0%

[t=01:41] ⚠️  FREQUENCY DRIFT — 1773Hz → 1363Hz
          SNR: 18.8dB
          freq: 1363Hz
          dot: 60ms
          dash: 170ms
          ratio: 2.83x
          confusion: 0.0%

[t=01:44] ⚠️  TIMING UNSTABLE — ratio=1.78x outside normal range 2.0-4.0x
          SNR: 19.0dB
          freq: 1363Hz
          dot: 60ms
          dash: 107ms
          ratio: 1.78x
          confusion: 0.0%

[t=01:45] ⚠️  FREQUENCY DRIFT — 1363Hz → 1774Hz
          SNR: 25.4dB
          freq: 1774Hz
          dot: 40ms
          dash: 100ms
          ratio: 2.50x
          confusion: 0.0%

[t=01:48] ⚠️  HIGH CONFUSION — 25%+ unrecognized — weak signal or timing errors
          SNR: 22.8dB
          freq: 1766Hz
          dot: 44ms
          dash: 115ms
          ratio: 2.58x
          confusion: 33.3%

[t=01:54] ⚠️  TIMING UNSTABLE — ratio=1.12x outside normal range 2.0-4.0x
          SNR: 19.2dB
          freq: 1766Hz
          dot: 103ms
          dash: 115ms
          ratio: 1.12x
          confusion: 0.0%

[t=01:56] ⚠️  TIMING UNSTABLE — ratio=1.04x outside normal range 2.0-4.0x
          SNR: 24.8dB
          freq: 1773Hz
          dot: 110ms
          dash: 115ms
          ratio: 1.04x
          confusion: 0.0%

[t=01:57] ⚠️  TIMING UNSTABLE — ratio=5.20x outside normal range 2.0-4.0x
          SNR: 24.4dB
          freq: 1773Hz
          dot: 15ms
          dash: 78ms
          ratio: 5.20x
          confusion: 0.0%

[t=02:00] 🔴 HIGH QRM — 50%+ confusion — multiple stations or heavy interference
          SNR: 22.5dB
          freq: 1363Hz
          dot: 10ms
          dash: 32ms
          ratio: 3.20x
          confusion: 100.0%

[t=02:00] ⚠️  FREQUENCY DRIFT — 1773Hz → 1363Hz
          SNR: 22.5dB
          freq: 1363Hz
          dot: 10ms
          dash: 32ms
          ratio: 3.20x
          confusion: 100.0%

[t=02:02] ⚠️  TIMING UNSTABLE — ratio=7.00x outside normal range 2.0-4.0x
          SNR: 24.3dB
          freq: 4540Hz
          dot: 15ms
          dash: 105ms
          ratio: 7.00x
          confusion: 25.0%

[t=02:02] ⚠️  FREQUENCY DRIFT — 1361Hz → 4540Hz
          SNR: 24.3dB
          freq: 4540Hz
          dot: 15ms
          dash: 105ms
          ratio: 7.00x
          confusion: 25.0%

[t=02:04] ⚠️  TIMING UNSTABLE — ratio=2.00x outside normal range 2.0-4.0x
          SNR: 28.2dB
          freq: 1765Hz
          dot: 40ms
          dash: 80ms
          ratio: 2.00x
          confusion: 0.0%

[t=02:04] ⚠️  FREQUENCY DRIFT — 4530Hz → 1765Hz
          SNR: 28.2dB
          freq: 1765Hz
          dot: 40ms
          dash: 80ms
          ratio: 2.00x
          confusion: 0.0%

[t=02:05] ⚠️  TIMING UNSTABLE — ratio=1.65x outside normal range 2.0-4.0x
          SNR: 29.8dB
          freq: 1766Hz
          dot: 40ms
          dash: 66ms
          ratio: 1.65x
          confusion: 0.0%

[t=02:06] ⚠️  TIMING UNSTABLE — ratio=1.65x outside normal range 2.0-4.0x
          SNR: 28.7dB
          freq: 1766Hz
          dot: 40ms
          dash: 66ms
          ratio: 1.65x
          confusion: 0.0%

[t=02:08] ⚠️  TIMING UNSTABLE — ratio=1.19x outside normal range 2.0-4.0x
          SNR: 25.1dB
          freq: 1766Hz
          dot: 40ms
          dash: 47ms
          ratio: 1.19x
          confusion: 0.0%

[t=02:09] ⚠️  FREQUENCY DRIFT — 1766Hz → 1357Hz
          SNR: 18.9dB
          freq: 1357Hz
          dot: 60ms
          dash: 170ms
          ratio: 2.83x
          confusion: 0.0%
