
[t=00:07] 🔴 HIGH QRM — 50%+ confusion — multiple stations or heavy interference
          SNR: 99.0dB
          freq: 570Hz
          dot: 45ms
          dash: 75ms
          ratio: 1.67x
          confusion: 100.0%

[t=00:09] 🔴 HIGH QRM — 50%+ confusion — multiple stations or heavy interference
          SNR: 99.0dB
          freq: 570Hz
          dot: 45ms
          dash: 75ms
          ratio: 1.67x
          confusion: 100.0%

[t=00:10] 🔴 HIGH QRM — 50%+ confusion — multiple stations or heavy interference
          SNR: 99.0dB
          freq: 570Hz
          dot: 45ms
          dash: 72ms
          ratio: 1.60x
          confusion: 100.0%

[t=00:11] 🔴 HIGH QRM — 50%+ confusion — multiple stations or heavy interference
          SNR: 99.0dB
          freq: 570Hz
          dot: 45ms
          dash: 75ms
          ratio: 1.67x
          confusion: 100.0%

[t=00:12] 🔴 HIGH QRM — 50%+ confusion — multiple stations or heavy interference
          SNR: 99.0dB
          freq: 570Hz
          dot: 45ms
          dash: 75ms
          ratio: 1.67x
          confusion: 100.0%

[t=00:13] 🔴 HIGH QRM — 50%+ confusion — multiple stations or heavy interference
          SNR: 99.0dB
          freq: 570Hz
          dot: 45ms
          dash: 75ms
          ratio: 1.67x
          confusion: 100.0%

[t=00:14] 🔴 HIGH QRM — 50%+ confusion — multiple stations or heavy interference
          SNR: 99.0dB
          freq: 570Hz
          dot: 45ms
          dash: 75ms
          ratio: 1.67x
          confusion: 100.0%

[t=00:15] 🔴 HIGH QRM — 50%+ confusion — multiple stations or heavy interference
          SNR: 99.0dB
          freq: 570Hz
          dot: 45ms
          dash: 75ms
          ratio: 1.67x
          confusion: 100.0%

[t=00:16] 🔴 HIGH QRM — 50%+ confusion — multiple stations or heavy interference
          SNR: 99.0dB
          freq: 570Hz
          dot: 45ms
          dash: 75ms
          ratio: 1.67x
          confusion: 100.0%

[t=00:17] 🔴 HIGH QRM — 50%+ confusion — multiple stations or heavy interference
          SNR: 99.0dB
          freq: 570Hz
          dot: 45ms
          dash: 75ms
          ratio: 1.67x
          confusion: 100.0%

[t=00:18] 🔴 HIGH QRM — 50%+ confusion — multiple stations or heavy interference
          SNR: 99.0dB
          freq: 570Hz
          dot: 45ms
          dash: 75ms
          ratio: 1.67x
          confusion: 100.0%

[t=00:19] 🔴 HIGH QRM — 50%+ confusion — multiple stations or heavy interference
          SNR: 99.0dB
          freq: 570Hz
          dot: 45ms
          dash: 75ms
          ratio: 1.67x
          confusion: 100.0%

[t=00:20] 🔴 HIGH QRM — 50%+ confusion — multiple stations or heavy interference
          SNR: 99.0dB
          freq: 570Hz
          dot: 45ms
          dash: 75ms
          ratio: 1.67x
          confusion: 100.0%

[t=00:21] 🔴 HIGH QRM — 50%+ confusion — multiple stations or heavy interference
          SNR: 99.0dB
          freq: 570Hz
          dot: 45ms
          dash: 75ms
          ratio: 1.67x
          confusion: 100.0%

[t=00:22] 🔴 HIGH QRM — 50%+ confusion — multiple stations or heavy interference
          SNR: 99.0dB
          freq: 570Hz
          dot: 45ms
          dash: 75ms
          ratio: 1.67x
          confusion: 100.0%

[t=00:23] 🔴 HIGH QRM — 50%+ confusion — multiple stations or heavy interference
          SNR: 99.0dB
          freq: 570Hz
          dot: 45ms
          dash: 75ms
          ratio: 1.67x
          confusion: 100.0%

[t=00:24] 🔴 HIGH QRM — 50%+ confusion — multiple stations or heavy interference
          SNR: 99.0dB
          freq: 570Hz
          dot: 45ms
          dash: 75ms
          ratio: 1.67x
          confusion: 100.0%

[t=00:25] 🔴 HIGH QRM — 50%+ confusion — multiple stations or heavy interference
          SNR: 99.0dB
          freq: 570Hz
          dot: 45ms
          dash: 75ms
          ratio: 1.67x
          confusion: 100.0%

[t=00:26] 🔴 HIGH QRM — 50%+ confusion — multiple stations or heavy interference
          SNR: 99.0dB
          freq: 570Hz
          dot: 45ms
          dash: 75ms
          ratio: 1.67x
          confusion: 100.0%

[t=00:27] 🔴 HIGH QRM — 50%+ confusion — multiple stations or heavy interference
          SNR: 99.0dB
          freq: 570Hz
          dot: 45ms
          dash: 75ms
          ratio: 1.67x
          confusion: 100.0%

[t=00:28] 🔴 HIGH QRM — 50%+ confusion — multiple stations or heavy interference
          SNR: 99.0dB
          freq: 570Hz
          dot: 45ms
          dash: 75ms
          ratio: 1.67x
          confusion: 100.0%

[t=00:29] 🔴 HIGH QRM — 50%+ confusion — multiple stations or heavy interference
          SNR: 99.0dB
          freq: 570Hz
          dot: 45ms
          dash: 75ms
          ratio: 1.67x
          confusion: 100.0%

[t=00:31] 🔴 HIGH QRM — 50%+ confusion — multiple stations or heavy interference
          SNR: 99.0dB
          freq: 570Hz
          dot: 45ms
          dash: 75ms
          ratio: 1.67x
          confusion: 100.0%

[t=00:32] 🔴 HIGH QRM — 50%+ confusion — multiple stations or heavy interference
          SNR: 99.0dB
          freq: 570Hz
          dot: 45ms
          dash: 75ms
          ratio: 1.67x
          confusion: 100.0%

[t=00:33] 🔴 HIGH QRM — 50%+ confusion — multiple stations or heavy interference
          SNR: 99.0dB
          freq: 570Hz
          dot: 45ms
          dash: 75ms
          ratio: 1.67x
          confusion: 100.0%

[t=00:34] 🔴 HIGH QRM — 50%+ confusion — multiple stations or heavy interference
          SNR: 99.0dB
          freq: 570Hz
          dot: 45ms
          dash: 75ms
          ratio: 1.67x
          confusion: 100.0%

[t=00:35] 🔴 HIGH QRM — 50%+ confusion — multiple stations or heavy interference
          SNR: 99.0dB
          freq: 570Hz
          dot: 45ms
          dash: 75ms
          ratio: 1.67x
          confusion: 100.0%

[t=00:36] 🔴 HIGH QRM — 50%+ confusion — multiple stations or heavy interference
          SNR: 99.0dB
          freq: 570Hz
          dot: 45ms
          dash: 75ms
          ratio: 1.67x
          confusion: 100.0%

[t=00:37] 🔴 HIGH QRM — 50%+ confusion — multiple stations or heavy interference
          SNR: 99.0dB
          freq: 570Hz
          dot: 45ms
          dash: 75ms
          ratio: 1.67x
          confusion: 100.0%

[t=00:38] 🔴 HIGH QRM — 50%+ confusion — multiple stations or heavy interference
          SNR: 99.0dB
          freq: 570Hz
          dot: 45ms
          dash: 75ms
          ratio: 1.67x
          confusion: 100.0%

[t=00:39] 🔴 HIGH QRM — 50%+ confusion — multiple stations or heavy interference
          SNR: 99.0dB
          freq: 570Hz
          dot: 45ms
          dash: 75ms
          ratio: 1.67x
          confusion: 100.0%

[t=00:40] 🔴 HIGH QRM — 50%+ confusion — multiple stations or heavy interference
          SNR: 99.0dB
          freq: 570Hz
          dot: 45ms
          dash: 75ms
          ratio: 1.67x
          confusion: 100.0%

[t=00:41] 🔴 HIGH QRM — 50%+ confusion — multiple stations or heavy interference
          SNR: 99.0dB
          freq: 570Hz
          dot: 45ms
          dash: 75ms
          ratio: 1.67x
          confusion: 100.0%

[t=00:42] 🔴 HIGH QRM — 50%+ confusion — multiple stations or heavy interference
          SNR: 99.0dB
          freq: 570Hz
          dot: 45ms
          dash: 72ms
          ratio: 1.60x
          confusion: 100.0%

[t=00:43] 🔴 HIGH QRM — 50%+ confusion — multiple stations or heavy interference
          SNR: 99.0dB
          freq: 570Hz
          dot: 45ms
          dash: 75ms
          ratio: 1.67x
          confusion: 100.0%

[t=00:44] 🔴 HIGH QRM — 50%+ confusion — multiple stations or heavy interference
          SNR: 99.0dB
          freq: 570Hz
          dot: 45ms
          dash: 75ms
          ratio: 1.67x
          confusion: 100.0%

[t=00:45] 🔴 HIGH QRM — 50%+ confusion — multiple stations or heavy interference
          SNR: 99.0dB
          freq: 570Hz
          dot: 45ms
          dash: 75ms
          ratio: 1.67x
          confusion: 100.0%

[t=00:46] 🔴 HIGH QRM — 50%+ confusion — multiple stations or heavy interference
          SNR: 99.0dB
          freq: 570Hz
          dot: 45ms
          dash: 75ms
          ratio: 1.67x
          confusion: 100.0%

[t=00:47] 🔴 HIGH QRM — 50%+ confusion — multiple stations or heavy interference
          SNR: 99.0dB
          freq: 570Hz
          dot: 45ms
          dash: 75ms
          ratio: 1.67x
          confusion: 100.0%

[t=00:48] 🔴 HIGH QRM — 50%+ confusion — multiple stations or heavy interference
          SNR: 99.0dB
          freq: 570Hz
          dot: 45ms
          dash: 75ms
          ratio: 1.67x
          confusion: 100.0%

[t=00:49] 🔴 HIGH QRM — 50%+ confusion — multiple stations or heavy interference
          SNR: 99.0dB
          freq: 570Hz
          dot: 45ms
          dash: 75ms
          ratio: 1.67x
          confusion: 100.0%

[t=00:50] 🔴 HIGH QRM — 50%+ confusion — multiple stations or heavy interference
          SNR: 99.0dB
          freq: 570Hz
          dot: 45ms
          dash: 75ms
          ratio: 1.67x
          confusion: 100.0%

[t=00:51] 🔴 HIGH QRM — 50%+ confusion — multiple stations or heavy interference
          SNR: 99.0dB
          freq: 570Hz
          dot: 45ms
          dash: 75ms
          ratio: 1.67x
          confusion: 100.0%

[t=00:52] 🔴 HIGH QRM — 50%+ confusion — multiple stations or heavy interference
          SNR: 99.0dB
          freq: 570Hz
          dot: 45ms
          dash: 75ms
          ratio: 1.67x
          confusion: 100.0%

[t=00:53] 🔴 HIGH QRM — 50%+ confusion — multiple stations or heavy interference
          SNR: 99.0dB
          freq: 570Hz
          dot: 45ms
          dash: 75ms
          ratio: 1.67x
          confusion: 100.0%

[t=00:54] 🔴 HIGH QRM — 50%+ confusion — multiple stations or heavy interference
          SNR: 99.0dB
          freq: 570Hz
          dot: 45ms
          dash: 75ms
          ratio: 1.67x
          confusion: 100.0%

[t=00:55] 🔴 HIGH QRM — 50%+ confusion — multiple stations or heavy interference
          SNR: 99.0dB
          freq: 570Hz
          dot: 45ms
          dash: 75ms
          ratio: 1.67x
          confusion: 100.0%

[t=00:57] 🔴 HIGH QRM — 50%+ confusion — multiple stations or heavy interference
          SNR: 99.0dB
          freq: 570Hz
          dot: 45ms
          dash: 75ms
          ratio: 1.67x
          confusion: 100.0%

[t=00:58] 🔴 HIGH QRM — 50%+ confusion — multiple stations or heavy interference
          SNR: 99.0dB
          freq: 570Hz
          dot: 45ms
          dash: 75ms
          ratio: 1.67x
          confusion: 100.0%

[t=00:59] 🔴 HIGH QRM — 50%+ confusion — multiple stations or heavy interference
          SNR: 99.0dB
          freq: 570Hz
          dot: 45ms
          dash: 75ms
          ratio: 1.67x
          confusion: 100.0%

[t=01:00] 🔴 HIGH QRM — 50%+ confusion — multiple stations or heavy interference
          SNR: 99.0dB
          freq: 570Hz
          dot: 45ms
          dash: 75ms
          ratio: 1.67x
          confusion: 100.0%

[t=01:01] 🔴 HIGH QRM — 50%+ confusion — multiple stations or heavy interference
          SNR: 99.0dB
          freq: 570Hz
          dot: 45ms
          dash: 75ms
          ratio: 1.67x
          confusion: 100.0%

[t=01:02] 🔴 HIGH QRM — 50%+ confusion — multiple stations or heavy interference
          SNR: 99.0dB
          freq: 570Hz
          dot: 45ms
          dash: 75ms
          ratio: 1.67x
          confusion: 100.0%

[t=01:03] 🔴 HIGH QRM — 50%+ confusion — multiple stations or heavy interference
          SNR: 99.0dB
          freq: 570Hz
          dot: 45ms
          dash: 75ms
          ratio: 1.67x
          confusion: 100.0%

[t=01:04] 🔴 HIGH QRM — 50%+ confusion — multiple stations or heavy interference
          SNR: 99.0dB
          freq: 570Hz
          dot: 45ms
          dash: 75ms
          ratio: 1.67x
          confusion: 100.0%

[t=01:05] 🔴 HIGH QRM — 50%+ confusion — multiple stations or heavy interference
          SNR: 99.0dB
          freq: 570Hz
          dot: 45ms
          dash: 75ms
          ratio: 1.67x
          confusion: 100.0%

[t=01:06] 🔴 HIGH QRM — 50%+ confusion — multiple stations or heavy interference
          SNR: 99.0dB
          freq: 570Hz
          dot: 45ms
          dash: 75ms
          ratio: 1.67x
          confusion: 100.0%

[t=01:07] 🔴 HIGH QRM — 50%+ confusion — multiple stations or heavy interference
          SNR: 99.0dB
          freq: 570Hz
          dot: 45ms
          dash: 75ms
          ratio: 1.67x
          confusion: 100.0%

[t=01:08] 🔴 HIGH QRM — 50%+ confusion — multiple stations or heavy interference
          SNR: 99.0dB
          freq: 570Hz
          dot: 45ms
          dash: 75ms
          ratio: 1.67x
          confusion: 100.0%

[t=01:09] 🔴 HIGH QRM — 50%+ confusion — multiple stations or heavy interference
          SNR: 99.0dB
          freq: 570Hz
          dot: 45ms
          dash: 75ms
          ratio: 1.67x
          confusion: 100.0%

[t=01:10] 🔴 HIGH QRM — 50%+ confusion — multiple stations or heavy interference
          SNR: 99.0dB
          freq: 570Hz
          dot: 45ms
          dash: 75ms
          ratio: 1.67x
          confusion: 100.0%

[t=01:11] 🔴 HIGH QRM — 50%+ confusion — multiple stations or heavy interference
          SNR: 99.0dB
          freq: 570Hz
          dot: 45ms
          dash: 75ms
          ratio: 1.67x
          confusion: 100.0%

[t=01:12] 🔴 HIGH QRM — 50%+ confusion — multiple stations or heavy interference
          SNR: 99.0dB
          freq: 570Hz
          dot: 45ms
          dash: 75ms
          ratio: 1.67x
          confusion: 100.0%

[t=01:13] 🔴 HIGH QRM — 50%+ confusion — multiple stations or heavy interference
          SNR: 99.0dB
          freq: 570Hz
          dot: 45ms
          dash: 75ms
          ratio: 1.67x
          confusion: 100.0%

[t=01:14] 🔴 HIGH QRM — 50%+ confusion — multiple stations or heavy interference
          SNR: 99.0dB
          freq: 570Hz
          dot: 45ms
          dash: 72ms
          ratio: 1.60x
          confusion: 100.0%

[t=01:15] 🔴 HIGH QRM — 50%+ confusion — multiple stations or heavy interference
          SNR: 99.0dB
          freq: 570Hz
          dot: 45ms
          dash: 75ms
          ratio: 1.67x
          confusion: 100.0%

[t=01:16] 🔴 HIGH QRM — 50%+ confusion — multiple stations or heavy interference
          SNR: 99.0dB
          freq: 570Hz
          dot: 45ms
          dash: 75ms
          ratio: 1.67x
          confusion: 100.0%

[t=01:17] 🔴 HIGH QRM — 50%+ confusion — multiple stations or heavy interference
          SNR: 99.0dB
          freq: 570Hz
          dot: 45ms
          dash: 75ms
          ratio: 1.67x
          confusion: 100.0%
