
[t=00:05] ⚠️  HIGH CONFUSION — 25%+ unrecognized — weak signal or timing errors
          SNR: 25.2dB
          freq: 758Hz
          dot: 15ms
          dash: 57ms
          ratio: 3.80x
          confusion: 50.0%

[t=00:06] ⚠️  HIGH CONFUSION — 25%+ unrecognized — weak signal or timing errors
          SNR: 24.7dB
          freq: 758Hz
          dot: 34ms
          dash: 71ms
          ratio: 2.10x
          confusion: 50.0%

[t=00:08] ⚠️  TIMING UNSTABLE — ratio=5.24x outside normal range 2.0-4.0x
          SNR: 30.0dB
          freq: 732Hz
          dot: 10ms
          dash: 55ms
          ratio: 5.24x
          confusion: 25.0%

[t=00:10] ⚠️  HIGH CONFUSION — 25%+ unrecognized — weak signal or timing errors
          SNR: 31.7dB
          freq: 732Hz
          dot: 36ms
          dash: 55ms
          ratio: 1.55x
          confusion: 33.3%

[t=00:11] ⚠️  TIMING UNSTABLE — ratio=1.30x outside normal range 2.0-4.0x
          SNR: 27.4dB
          freq: 732Hz
          dot: 45ms
          dash: 58ms
          ratio: 1.30x
          confusion: 25.0%

[t=00:12] 🔴 HIGH QRM — 50%+ confusion — multiple stations or heavy interference
          SNR: 25.1dB
          freq: 705Hz
          dot: 15ms
          dash: 58ms
          ratio: 3.90x
          confusion: 100.0%

[t=00:13] 🔴 HIGH QRM — 50%+ confusion — multiple stations or heavy interference
          SNR: 22.6dB
          freq: 729Hz
          dot: 10ms
          dash: 50ms
          ratio: 5.00x
          confusion: 100.0%

[t=00:15] 🔴 HIGH QRM — 50%+ confusion — multiple stations or heavy interference
          SNR: 24.8dB
          freq: 729Hz
          dot: 10ms
          dash: 84ms
          ratio: 8.35x
          confusion: 100.0%

[t=00:16] ⚠️  TIMING UNSTABLE — ratio=1.20x outside normal range 2.0-4.0x
          SNR: 31.1dB
          freq: 733Hz
          dot: 46ms
          dash: 55ms
          ratio: 1.20x
          confusion: 20.0%

[t=00:17] ⚠️  TIMING UNSTABLE — ratio=2.00x outside normal range 2.0-4.0x
          SNR: 31.1dB
          freq: 733Hz
          dot: 29ms
          dash: 58ms
          ratio: 2.00x
          confusion: 16.7%

[t=00:20] ⚠️  TIMING UNSTABLE — ratio=1.22x outside normal range 2.0-4.0x
          SNR: 26.1dB
          freq: 728Hz
          dot: 45ms
          dash: 55ms
          ratio: 1.22x
          confusion: 20.0%

[t=00:21] ⚠️  TIMING UNSTABLE — ratio=1.09x outside normal range 2.0-4.0x
          SNR: 27.1dB
          freq: 728Hz
          dot: 55ms
          dash: 60ms
          ratio: 1.09x
          confusion: 20.0%

[t=00:22] 🔴 HIGH QRM — 50%+ confusion — multiple stations or heavy interference
          SNR: 23.6dB
          freq: 728Hz
          dot: 20ms
          dash: 81ms
          ratio: 4.05x
          confusion: 100.0%

[t=00:23] ⚠️  HIGH CONFUSION — 25%+ unrecognized — weak signal or timing errors
          SNR: 23.0dB
          freq: 733Hz
          dot: 20ms
          dash: 114ms
          ratio: 5.72x
          confusion: 33.3%

[t=00:24] 🔴 HIGH QRM — 50%+ confusion — multiple stations or heavy interference
          SNR: 23.2dB
          freq: 733Hz
          dot: 26ms
          dash: 73ms
          ratio: 2.81x
          confusion: 66.7%

[t=00:26] ⚠️  HIGH CONFUSION — 25%+ unrecognized — weak signal or timing errors
          SNR: 26.3dB
          freq: 733Hz
          dot: 55ms
          dash: 80ms
          ratio: 1.45x
          confusion: 33.3%

[t=00:27] ⚠️  HIGH CONFUSION — 25%+ unrecognized — weak signal or timing errors
          SNR: 27.3dB
          freq: 733Hz
          dot: 30ms
          dash: 65ms
          ratio: 2.17x
          confusion: 50.0%

[t=00:28] ⚠️  HIGH CONFUSION — 25%+ unrecognized — weak signal or timing errors
          SNR: 24.3dB
          freq: 734Hz
          dot: 29ms
          dash: 86ms
          ratio: 2.98x
          confusion: 33.3%

[t=00:29] 🔴 HIGH QRM — 50%+ confusion — multiple stations or heavy interference
          SNR: 20.4dB
          freq: 734Hz
          dot: 20ms
          dash: 85ms
          ratio: 4.25x
          confusion: 100.0%

[t=00:30] ⚠️  HIGH CONFUSION — 25%+ unrecognized — weak signal or timing errors
          SNR: 22.2dB
          freq: 734Hz
          dot: 10ms
          dash: 62ms
          ratio: 6.20x
          confusion: 33.3%

[t=00:31] ⚠️  HIGH CONFUSION — 25%+ unrecognized — weak signal or timing errors
          SNR: 23.2dB
          freq: 705Hz
          dot: 10ms
          dash: 61ms
          ratio: 6.10x
          confusion: 33.3%

[t=00:32] ⚠️  HIGH CONFUSION — 25%+ unrecognized — weak signal or timing errors
          SNR: 28.1dB
          freq: 705Hz
          dot: 10ms
          dash: 45ms
          ratio: 4.50x
          confusion: 50.0%

[t=00:33] ⚠️  TIMING UNSTABLE — ratio=1.22x outside normal range 2.0-4.0x
          SNR: 28.0dB
          freq: 705Hz
          dot: 45ms
          dash: 55ms
          ratio: 1.22x
          confusion: 25.0%

[t=00:35] ⚠️  HIGH CONFUSION — 25%+ unrecognized — weak signal or timing errors
          SNR: 29.1dB
          freq: 705Hz
          dot: 31ms
          dash: 54ms
          ratio: 1.73x
          confusion: 50.0%

[t=00:36] ⚠️  HIGH CONFUSION — 25%+ unrecognized — weak signal or timing errors
          SNR: 25.5dB
          freq: 705Hz
          dot: 30ms
          dash: 50ms
          ratio: 1.67x
          confusion: 50.0%

[t=00:37] ⚠️  HIGH CONFUSION — 25%+ unrecognized — weak signal or timing errors
          SNR: 24.9dB
          freq: 717Hz
          dot: 28ms
          dash: 70ms
          ratio: 2.55x
          confusion: 50.0%

[t=00:38] ⚠️  TIMING UNSTABLE — ratio=1.20x outside normal range 2.0-4.0x
          SNR: 26.8dB
          freq: 728Hz
          dot: 50ms
          dash: 60ms
          ratio: 1.20x
          confusion: 16.7%

[t=00:39] ⚠️  TIMING UNSTABLE — ratio=1.69x outside normal range 2.0-4.0x
          SNR: 27.4dB
          freq: 728Hz
          dot: 55ms
          dash: 93ms
          ratio: 1.69x
          confusion: 20.0%

[t=00:40] ⚠️  TIMING UNSTABLE — ratio=1.10x outside normal range 2.0-4.0x
          SNR: 30.6dB
          freq: 728Hz
          dot: 50ms
          dash: 55ms
          ratio: 1.10x
          confusion: 0.0%

[t=00:41] ⚠️  TIMING UNSTABLE — ratio=1.10x outside normal range 2.0-4.0x
          SNR: 30.0dB
          freq: 728Hz
          dot: 50ms
          dash: 55ms
          ratio: 1.10x
          confusion: 0.0%

[t=00:42] ⚠️  TIMING UNSTABLE — ratio=1.65x outside normal range 2.0-4.0x
          SNR: 28.2dB
          freq: 728Hz
          dot: 34ms
          dash: 56ms
          ratio: 1.65x
          confusion: 20.0%

[t=00:44] 🔴 HIGH QRM — 50%+ confusion — multiple stations or heavy interference
          SNR: 29.2dB
          freq: 706Hz
          dot: 24ms
          dash: 50ms
          ratio: 2.04x
          confusion: 66.7%

[t=00:46] ⚠️  HIGH CONFUSION — 25%+ unrecognized — weak signal or timing errors
          SNR: 31.5dB
          freq: 706Hz
          dot: 40ms
          dash: 45ms
          ratio: 1.12x
          confusion: 50.0%

[t=00:47] ⚠️  TIMING UNSTABLE — ratio=4.76x outside normal range 2.0-4.0x
          SNR: 25.5dB
          freq: 706Hz
          dot: 10ms
          dash: 50ms
          ratio: 4.76x
          confusion: 25.0%

[t=00:48] ⚠️  HIGH CONFUSION — 25%+ unrecognized — weak signal or timing errors
          SNR: 21.3dB
          freq: 735Hz
          dot: 10ms
          dash: 86ms
          ratio: 8.60x
          confusion: 50.0%

[t=00:49] 🔴 HIGH QRM — 50%+ confusion — multiple stations or heavy interference
          SNR: 20.0dB
          freq: 735Hz
          dot: 36ms
          dash: 94ms
          ratio: 2.61x
          confusion: 100.0%

[t=00:50] 🔴 HIGH QRM — 50%+ confusion — multiple stations or heavy interference
          SNR: 23.0dB
          freq: 734Hz
          dot: 25ms
          dash: 70ms
          ratio: 2.82x
          confusion: 100.0%

[t=00:51] 🔴 HIGH QRM — 50%+ confusion — multiple stations or heavy interference
          SNR: 22.2dB
          freq: 734Hz
          dot: 26ms
          dash: 70ms
          ratio: 2.69x
          confusion: 100.0%

[t=00:52] 🔴 HIGH QRM — 50%+ confusion — multiple stations or heavy interference
          SNR: 20.4dB
          freq: 734Hz
          dot: 15ms
          dash: 60ms
          ratio: 4.00x
          confusion: 100.0%

[t=00:53] 🔴 HIGH QRM — 50%+ confusion — multiple stations or heavy interference
          SNR: 19.4dB
          freq: 734Hz
          dot: 30ms
          dash: 85ms
          ratio: 2.90x
          confusion: 100.0%

[t=00:54] 🔴 HIGH QRM — 50%+ confusion — multiple stations or heavy interference
          SNR: 19.5dB
          freq: 734Hz
          dot: 40ms
          dash: 123ms
          ratio: 3.07x
          confusion: 100.0%

[t=00:55] 🔴 HIGH QRM — 50%+ confusion — multiple stations or heavy interference
          SNR: 19.6dB
          freq: 734Hz
          dot: 38ms
          dash: 156ms
          ratio: 4.09x
          confusion: 100.0%

[t=00:56] 🔴 HIGH QRM — 50%+ confusion — multiple stations or heavy interference
          SNR: 18.5dB
          freq: 734Hz
          dot: 52ms
          dash: 149ms
          ratio: 2.87x
          confusion: 100.0%

[t=00:57] ⚠️  HIGH CONFUSION — 25%+ unrecognized — weak signal or timing errors
          SNR: 23.6dB
          freq: 728Hz
          dot: 59ms
          dash: 145ms
          ratio: 2.46x
          confusion: 50.0%

[t=00:59] ⚠️  TIMING UNSTABLE — ratio=5.50x outside normal range 2.0-4.0x
          SNR: 27.5dB
          freq: 728Hz
          dot: 10ms
          dash: 55ms
          ratio: 5.50x
          confusion: 20.0%

[t=01:00] ⚠️  TIMING UNSTABLE — ratio=1.10x outside normal range 2.0-4.0x
          SNR: 28.5dB
          freq: 728Hz
          dot: 50ms
          dash: 55ms
          ratio: 1.10x
          confusion: 0.0%

[t=01:01] ⚠️  TIMING UNSTABLE — ratio=1.14x outside normal range 2.0-4.0x
          SNR: 29.0dB
          freq: 728Hz
          dot: 52ms
          dash: 58ms
          ratio: 1.14x
          confusion: 0.0%

[t=01:03] ⚠️  TIMING UNSTABLE — ratio=5.78x outside normal range 2.0-4.0x
          SNR: 23.5dB
          freq: 734Hz
          dot: 24ms
          dash: 141ms
          ratio: 5.78x
          confusion: 25.0%

[t=01:04] 🔴 HIGH QRM — 50%+ confusion — multiple stations or heavy interference
          SNR: 18.8dB
          freq: 734Hz
          dot: 30ms
          dash: 70ms
          ratio: 2.33x
          confusion: 100.0%

[t=01:05] 🔴 HIGH QRM — 50%+ confusion — multiple stations or heavy interference
          SNR: 18.2dB
          freq: 735Hz
          dot: 35ms
          dash: 74ms
          ratio: 2.10x
          confusion: 100.0%

[t=01:06] 🔴 HIGH QRM — 50%+ confusion — multiple stations or heavy interference
          SNR: 21.6dB
          freq: 735Hz
          dot: 10ms
          dash: 65ms
          ratio: 6.50x
          confusion: 100.0%

[t=01:08] 🔴 HIGH QRM — 50%+ confusion — multiple stations or heavy interference
          SNR: 24.8dB
          freq: 706Hz
          dot: 45ms
          dash: 65ms
          ratio: 1.44x
          confusion: 66.7%

[t=01:10] ⚠️  HIGH CONFUSION — 25%+ unrecognized — weak signal or timing errors
          SNR: 25.5dB
          freq: 706Hz
          dot: 45ms
          dash: 59ms
          ratio: 1.32x
          confusion: 33.3%

[t=01:11] 🔴 HIGH QRM — 50%+ confusion — multiple stations or heavy interference
          SNR: 22.8dB
          freq: 705Hz
          dot: 20ms
          dash: 71ms
          ratio: 3.64x
          confusion: 100.0%

[t=01:12] ⚠️  HIGH CONFUSION — 25%+ unrecognized — weak signal or timing errors
          SNR: 19.9dB
          freq: 734Hz
          dot: 15ms
          dash: 85ms
          ratio: 5.67x
          confusion: 50.0%

[t=01:13] 🔴 HIGH QRM — 50%+ confusion — multiple stations or heavy interference
          SNR: 20.4dB
          freq: 734Hz
          dot: 30ms
          dash: 78ms
          ratio: 2.62x
          confusion: 100.0%

[t=01:14] ⚠️  HIGH CONFUSION — 25%+ unrecognized — weak signal or timing errors
          SNR: 23.8dB
          freq: 705Hz
          dot: 44ms
          dash: 78ms
          ratio: 1.79x
          confusion: 33.3%

[t=01:15] ⚠️  HIGH CONFUSION — 25%+ unrecognized — weak signal or timing errors
          SNR: 25.8dB
          freq: 705Hz
          dot: 45ms
          dash: 50ms
          ratio: 1.11x
          confusion: 50.0%

[t=01:16] ⚠️  HIGH CONFUSION — 25%+ unrecognized — weak signal or timing errors
          SNR: 26.1dB
          freq: 705Hz
          dot: 29ms
          dash: 50ms
          ratio: 1.72x
          confusion: 50.0%

[t=01:17] 🔴 HIGH QRM — 50%+ confusion — multiple stations or heavy interference
          SNR: 24.0dB
          freq: 728Hz
          dot: 15ms
          dash: 50ms
          ratio: 3.23x
          confusion: 66.7%

[t=01:18] ⚠️  HIGH CONFUSION — 25%+ unrecognized — weak signal or timing errors
          SNR: 21.6dB
          freq: 728Hz
          dot: 21ms
          dash: 95ms
          ratio: 4.44x
          confusion: 50.0%

[t=01:20] ⚠️  HIGH CONFUSION — 25%+ unrecognized — weak signal or timing errors
          SNR: 24.1dB
          freq: 706Hz
          dot: 30ms
          dash: 66ms
          ratio: 2.20x
          confusion: 50.0%

[t=01:21] ⚠️  TIMING UNSTABLE — ratio=1.07x outside normal range 2.0-4.0x
          SNR: 27.8dB
          freq: 705Hz
          dot: 45ms
          dash: 48ms
          ratio: 1.07x
          confusion: 16.7%

[t=01:22] 🔴 HIGH QRM — 50%+ confusion — multiple stations or heavy interference
          SNR: 26.9dB
          freq: 705Hz
          dot: 45ms
          dash: 50ms
          ratio: 1.11x
          confusion: 75.0%

[t=01:24] ⚠️  HIGH CONFUSION — 25%+ unrecognized — weak signal or timing errors
          SNR: 21.8dB
          freq: 706Hz
          dot: 10ms
          dash: 72ms
          ratio: 7.25x
          confusion: 50.0%

[t=01:25] ⚠️  HIGH CONFUSION — 25%+ unrecognized — weak signal or timing errors
          SNR: 23.0dB
          freq: 706Hz
          dot: 45ms
          dash: 55ms
          ratio: 1.22x
          confusion: 50.0%

[t=01:26] 🔴 HIGH QRM — 50%+ confusion — multiple stations or heavy interference
          SNR: 23.1dB
          freq: 706Hz
          dot: 45ms
          dash: 55ms
          ratio: 1.22x
          confusion: 100.0%

[t=01:27] 🔴 HIGH QRM — 50%+ confusion — multiple stations or heavy interference
          SNR: 22.4dB
          freq: 705Hz
          dot: 41ms
          dash: 62ms
          ratio: 1.51x
          confusion: 100.0%

[t=01:28] 🔴 HIGH QRM — 50%+ confusion — multiple stations or heavy interference
          SNR: 19.2dB
          freq: 734Hz
          dot: 20ms
          dash: 85ms
          ratio: 4.25x
          confusion: 100.0%

[t=01:29] 🔴 HIGH QRM — 50%+ confusion — multiple stations or heavy interference
          SNR: 19.0dB
          freq: 734Hz
          dot: 26ms
          dash: 83ms
          ratio: 3.25x
          confusion: 100.0%

[t=01:31] 🔴 HIGH QRM — 50%+ confusion — multiple stations or heavy interference
          SNR: 18.8dB
          freq: 730Hz
          dot: 15ms
          dash: 72ms
          ratio: 4.83x
          confusion: 100.0%

[t=01:32] 🔴 HIGH QRM — 50%+ confusion — multiple stations or heavy interference
          SNR: 19.2dB
          freq: 725Hz
          dot: 15ms
          dash: 64ms
          ratio: 4.30x
          confusion: 100.0%

[t=01:33] 🔴 HIGH QRM — 50%+ confusion — multiple stations or heavy interference
          SNR: 21.7dB
          freq: 726Hz
          dot: 20ms
          dash: 67ms
          ratio: 3.35x
          confusion: 100.0%

[t=01:34] 🔴 HIGH QRM — 50%+ confusion — multiple stations or heavy interference
          SNR: 23.5dB
          freq: 702Hz
          dot: 15ms
          dash: 56ms
          ratio: 3.77x
          confusion: 100.0%

[t=01:35] 🔴 HIGH QRM — 50%+ confusion — multiple stations or heavy interference
          SNR: 23.2dB
          freq: 702Hz
          dot: 27ms
          dash: 76ms
          ratio: 2.81x
          confusion: 100.0%

[t=01:36] 🔴 HIGH QRM — 50%+ confusion — multiple stations or heavy interference
          SNR: 24.5dB
          freq: 702Hz
          dot: 20ms
          dash: 67ms
          ratio: 3.35x
          confusion: 100.0%

[t=01:37] 🔴 HIGH QRM — 50%+ confusion — multiple stations or heavy interference
          SNR: 22.8dB
          freq: 727Hz
          dot: 10ms
          dash: 60ms
          ratio: 6.00x
          confusion: 100.0%

[t=01:38] ⚠️  HIGH CONFUSION — 25%+ unrecognized — weak signal or timing errors
          SNR: 23.5dB
          freq: 727Hz
          dot: 11ms
          dash: 65ms
          ratio: 5.65x
          confusion: 50.0%

[t=01:39] 🔴 HIGH QRM — 50%+ confusion — multiple stations or heavy interference
          SNR: 22.8dB
          freq: 729Hz
          dot: 11ms
          dash: 60ms
          ratio: 5.45x
          confusion: 66.7%

[t=01:41] 🔴 HIGH QRM — 50%+ confusion — multiple stations or heavy interference
          SNR: 22.5dB
          freq: 728Hz
          dot: 10ms
          dash: 65ms
          ratio: 6.50x
          confusion: 100.0%

[t=01:42] 🔴 HIGH QRM — 50%+ confusion — multiple stations or heavy interference
          SNR: 20.8dB
          freq: 729Hz
          dot: 15ms
          dash: 63ms
          ratio: 4.20x
          confusion: 100.0%

[t=01:44] 🔴 HIGH QRM — 50%+ confusion — multiple stations or heavy interference
          SNR: 19.9dB
          freq: 731Hz
          dot: 20ms
          dash: 70ms
          ratio: 3.50x
          confusion: 100.0%

[t=01:45] 🔴 HIGH QRM — 50%+ confusion — multiple stations or heavy interference
          SNR: 19.8dB
          freq: 730Hz
          dot: 15ms
          dash: 74ms
          ratio: 4.97x
          confusion: 100.0%

[t=01:46] 🔴 HIGH QRM — 50%+ confusion — multiple stations or heavy interference
          SNR: 18.9dB
          freq: 734Hz
          dot: 22ms
          dash: 88ms
          ratio: 3.89x
          confusion: 100.0%

[t=01:47] 🔴 HIGH QRM — 50%+ confusion — multiple stations or heavy interference
          SNR: 18.3dB
          freq: 734Hz
          dot: 20ms
          dash: 70ms
          ratio: 3.50x
          confusion: 100.0%

[t=01:48] 🔴 HIGH QRM — 50%+ confusion — multiple stations or heavy interference
          SNR: 19.6dB
          freq: 735Hz
          dot: 36ms
          dash: 110ms
          ratio: 3.08x
          confusion: 100.0%

[t=01:49] ⚠️  HIGH CONFUSION — 25%+ unrecognized — weak signal or timing errors
          SNR: 23.5dB
          freq: 706Hz
          dot: 45ms
          dash: 120ms
          ratio: 2.67x
          confusion: 33.3%

[t=01:50] ⚠️  HIGH CONFUSION — 25%+ unrecognized — weak signal or timing errors
          SNR: 25.3dB
          freq: 706Hz
          dot: 45ms
          dash: 79ms
          ratio: 1.76x
          confusion: 40.0%

[t=01:51] ⚠️  TIMING UNSTABLE — ratio=1.55x outside normal range 2.0-4.0x
          SNR: 25.1dB
          freq: 706Hz
          dot: 40ms
          dash: 62ms
          ratio: 1.55x
          confusion: 20.0%

[t=01:52] ⚠️  TIMING UNSTABLE — ratio=1.13x outside normal range 2.0-4.0x
          SNR: 26.3dB
          freq: 706Hz
          dot: 45ms
          dash: 51ms
          ratio: 1.13x
          confusion: 25.0%

[t=01:53] ⚠️  TIMING UNSTABLE — ratio=1.14x outside normal range 2.0-4.0x
          SNR: 27.7dB
          freq: 705Hz
          dot: 44ms
          dash: 50ms
          ratio: 1.14x
          confusion: 20.0%

[t=01:54] ⚠️  TIMING UNSTABLE — ratio=1.11x outside normal range 2.0-4.0x
          SNR: 28.4dB
          freq: 705Hz
          dot: 45ms
          dash: 50ms
          ratio: 1.11x
          confusion: 0.0%

[t=01:55] ⚠️  TIMING UNSTABLE — ratio=1.25x outside normal range 2.0-4.0x
          SNR: 27.0dB
          freq: 706Hz
          dot: 40ms
          dash: 50ms
          ratio: 1.25x
          confusion: 20.0%

[t=01:57] ⚠️  HIGH CONFUSION — 25%+ unrecognized — weak signal or timing errors
          SNR: 24.6dB
          freq: 706Hz
          dot: 20ms
          dash: 76ms
          ratio: 3.90x
          confusion: 50.0%

[t=01:58] ⚠️  HIGH CONFUSION — 25%+ unrecognized — weak signal or timing errors
          SNR: 20.6dB
          freq: 729Hz
          dot: 15ms
          dash: 60ms
          ratio: 4.00x
          confusion: 50.0%

[t=01:59] 🔴 HIGH QRM — 50%+ confusion — multiple stations or heavy interference
          SNR: 18.8dB
          freq: 727Hz
          dot: 15ms
          dash: 55ms
          ratio: 3.67x
          confusion: 100.0%

[t=02:00] 🔴 HIGH QRM — 50%+ confusion — multiple stations or heavy interference
          SNR: 18.7dB
          freq: 727Hz
          dot: 14ms
          dash: 86ms
          ratio: 6.14x
          confusion: 100.0%

[t=02:01] 🔴 HIGH QRM — 50%+ confusion — multiple stations or heavy interference
          SNR: 22.3dB
          freq: 703Hz
          dot: 25ms
          dash: 82ms
          ratio: 3.30x
          confusion: 66.7%

[t=02:02] ⚠️  TIMING UNSTABLE — ratio=2.00x outside normal range 2.0-4.0x
          SNR: 27.4dB
          freq: 703Hz
          dot: 25ms
          dash: 50ms
          ratio: 2.00x
          confusion: 25.0%

[t=02:03] ⚠️  TIMING UNSTABLE — ratio=1.12x outside normal range 2.0-4.0x
          SNR: 30.2dB
          freq: 702Hz
          dot: 40ms
          dash: 45ms
          ratio: 1.12x
          confusion: 14.3%

[t=02:04] ⚠️  TIMING UNSTABLE — ratio=1.11x outside normal range 2.0-4.0x
          SNR: 29.9dB
          freq: 702Hz
          dot: 45ms
          dash: 50ms
          ratio: 1.11x
          confusion: 0.0%

[t=02:05] ⚠️  TIMING UNSTABLE — ratio=1.11x outside normal range 2.0-4.0x
          SNR: 29.2dB
          freq: 702Hz
          dot: 45ms
          dash: 50ms
          ratio: 1.11x
          confusion: 20.0%

[t=02:06] ⚠️  TIMING UNSTABLE — ratio=1.11x outside normal range 2.0-4.0x
          SNR: 27.0dB
          freq: 702Hz
          dot: 45ms
          dash: 50ms
          ratio: 1.11x
          confusion: 20.0%

[t=02:07] 🔴 HIGH QRM — 50%+ confusion — multiple stations or heavy interference
          SNR: 24.9dB
          freq: 702Hz
          dot: 20ms
          dash: 50ms
          ratio: 2.50x
          confusion: 100.0%

[t=02:09] 🔴 HIGH QRM — 50%+ confusion — multiple stations or heavy interference
          SNR: 18.9dB
          freq: 727Hz
          dot: 15ms
          dash: 70ms
          ratio: 4.67x
          confusion: 100.0%

[t=02:10] 🔴 HIGH QRM — 50%+ confusion — multiple stations or heavy interference
          SNR: 18.4dB
          freq: 729Hz
          dot: 42ms
          dash: 113ms
          ratio: 2.69x
          confusion: 100.0%

[t=02:11] 🔴 HIGH QRM — 50%+ confusion — multiple stations or heavy interference
          SNR: 18.1dB
          freq: 732Hz
          dot: 28ms
          dash: 124ms
          ratio: 4.37x
          confusion: 100.0%

[t=02:12] 🔴 HIGH QRM — 50%+ confusion — multiple stations or heavy interference
          SNR: 17.9dB
          freq: 732Hz
          dot: 30ms
          dash: 143ms
          ratio: 4.77x
          confusion: 100.0%

[t=02:13] 🔴 HIGH QRM — 50%+ confusion — multiple stations or heavy interference
          SNR: 18.0dB
          freq: 732Hz
          dot: 38ms
          dash: 150ms
          ratio: 4.00x
          confusion: 100.0%

[t=02:14] 🔴 HIGH QRM — 50%+ confusion — multiple stations or heavy interference
          SNR: 18.0dB
          freq: 732Hz
          dot: 66ms
          dash: 166ms
          ratio: 2.52x
          confusion: 100.0%

[t=02:15] 🔴 HIGH QRM — 50%+ confusion — multiple stations or heavy interference
          SNR: 18.1dB
          freq: 732Hz
          dot: 36ms
          dash: 134ms
          ratio: 3.72x
          confusion: 100.0%

[t=02:16] 🔴 HIGH QRM — 50%+ confusion — multiple stations or heavy interference
          SNR: 17.9dB
          freq: 732Hz
          dot: 35ms
          dash: 110ms
          ratio: 3.14x
          confusion: 100.0%

[t=02:17] 🔴 HIGH QRM — 50%+ confusion — multiple stations or heavy interference
          SNR: 18.1dB
          freq: 732Hz
          dot: 28ms
          dash: 98ms
          ratio: 3.55x
          confusion: 100.0%

[t=02:18] ⚠️  HIGH CONFUSION — 25%+ unrecognized — weak signal or timing errors
          SNR: 21.1dB
          freq: 731Hz
          dot: 30ms
          dash: 96ms
          ratio: 3.20x
          confusion: 50.0%

[t=02:19] 🔴 HIGH QRM — 50%+ confusion — multiple stations or heavy interference
          SNR: 23.8dB
          freq: 732Hz
          dot: 26ms
          dash: 84ms
          ratio: 3.31x
          confusion: 100.0%

[t=02:20] ⚠️  HIGH CONFUSION — 25%+ unrecognized — weak signal or timing errors
          SNR: 23.6dB
          freq: 731Hz
          dot: 30ms
          dash: 80ms
          ratio: 2.67x
          confusion: 33.3%

[t=02:21] 🔴 HIGH QRM — 50%+ confusion — multiple stations or heavy interference
          SNR: 20.7dB
          freq: 731Hz
          dot: 15ms
          dash: 78ms
          ratio: 5.20x
          confusion: 100.0%

[t=02:23] 🔴 HIGH QRM — 50%+ confusion — multiple stations or heavy interference
          SNR: 18.4dB
          freq: 729Hz
          dot: 15ms
          dash: 84ms
          ratio: 5.60x
          confusion: 100.0%

[t=02:24] 🔴 HIGH QRM — 50%+ confusion — multiple stations or heavy interference
          SNR: 18.4dB
          freq: 729Hz
          dot: 15ms
          dash: 88ms
          ratio: 5.87x
          confusion: 100.0%

[t=02:25] ⚠️  HIGH CONFUSION — 25%+ unrecognized — weak signal or timing errors
          SNR: 26.0dB
          freq: 728Hz
          dot: 15ms
          dash: 58ms
          ratio: 3.90x
          confusion: 33.3%

[t=02:26] 🔴 HIGH QRM — 50%+ confusion — multiple stations or heavy interference
          SNR: 25.8dB
          freq: 731Hz
          dot: 10ms
          dash: 59ms
          ratio: 5.95x
          confusion: 66.7%

[t=02:27] ⚠️  HIGH CONFUSION — 25%+ unrecognized — weak signal or timing errors
          SNR: 26.8dB
          freq: 728Hz
          dot: 15ms
          dash: 57ms
          ratio: 3.80x
          confusion: 33.3%

[t=02:28] 🔴 HIGH QRM — 50%+ confusion — multiple stations or heavy interference
          SNR: 21.3dB
          freq: 731Hz
          dot: 15ms
          dash: 84ms
          ratio: 5.60x
          confusion: 100.0%

[t=02:29] 🔴 HIGH QRM — 50%+ confusion — multiple stations or heavy interference
          SNR: 21.6dB
          freq: 727Hz
          dot: 18ms
          dash: 82ms
          ratio: 4.71x
          confusion: 100.0%

[t=02:30] 🔴 HIGH QRM — 50%+ confusion — multiple stations or heavy interference
          SNR: 18.7dB
          freq: 731Hz
          dot: 18ms
          dash: 71ms
          ratio: 3.86x
          confusion: 100.0%

[t=02:31] 🔴 HIGH QRM — 50%+ confusion — multiple stations or heavy interference
          SNR: 18.8dB
          freq: 731Hz
          dot: 15ms
          dash: 40ms
          ratio: 2.67x
          confusion: 100.0%

[t=02:32] 🔴 HIGH QRM — 50%+ confusion — multiple stations or heavy interference
          SNR: 18.4dB
          freq: 731Hz
          dot: 18ms
          dash: 60ms
          ratio: 3.24x
          confusion: 100.0%

[t=02:33] 🔴 HIGH QRM — 50%+ confusion — multiple stations or heavy interference
          SNR: 18.5dB
          freq: 729Hz
          dot: 25ms
          dash: 69ms
          ratio: 2.76x
          confusion: 100.0%

[t=02:34] 🔴 HIGH QRM — 50%+ confusion — multiple stations or heavy interference
          SNR: 18.5dB
          freq: 734Hz
          dot: 20ms
          dash: 70ms
          ratio: 3.39x
          confusion: 100.0%

[t=02:35] 🔴 HIGH QRM — 50%+ confusion — multiple stations or heavy interference
          SNR: 18.1dB
          freq: 734Hz
          dot: 35ms
          dash: 117ms
          ratio: 3.34x
          confusion: 100.0%

[t=02:36] 🔴 HIGH QRM — 50%+ confusion — multiple stations or heavy interference
          SNR: 18.3dB
          freq: 734Hz
          dot: 47ms
          dash: 135ms
          ratio: 2.87x
          confusion: 100.0%

[t=02:37] ⚠️  HIGH CONFUSION — 25%+ unrecognized — weak signal or timing errors
          SNR: 20.9dB
          freq: 705Hz
          dot: 25ms
          dash: 117ms
          ratio: 4.68x
          confusion: 50.0%

[t=02:39] ⚠️  TIMING UNSTABLE — ratio=1.82x outside normal range 2.0-4.0x
          SNR: 25.1dB
          freq: 706Hz
          dot: 45ms
          dash: 82ms
          ratio: 1.82x
          confusion: 25.0%

[t=02:40] ⚠️  HIGH CONFUSION — 25%+ unrecognized — weak signal or timing errors
          SNR: 26.4dB
          freq: 706Hz
          dot: 45ms
          dash: 53ms
          ratio: 1.18x
          confusion: 40.0%

[t=02:42] ⚠️  HIGH CONFUSION — 25%+ unrecognized — weak signal or timing errors
          SNR: 23.7dB
          freq: 706Hz
          dot: 45ms
          dash: 68ms
          ratio: 1.50x
          confusion: 33.3%

[t=02:43] 🔴 HIGH QRM — 50%+ confusion — multiple stations or heavy interference
          SNR: 25.4dB
          freq: 706Hz
          dot: 38ms
          dash: 50ms
          ratio: 1.30x
          confusion: 66.7%

[t=02:44] ⚠️  HIGH CONFUSION — 25%+ unrecognized — weak signal or timing errors
          SNR: 24.0dB
          freq: 706Hz
          dot: 15ms
          dash: 50ms
          ratio: 3.33x
          confusion: 50.0%

[t=02:45] ⚠️  HIGH CONFUSION — 25%+ unrecognized — weak signal or timing errors
          SNR: 21.9dB
          freq: 734Hz
          dot: 10ms
          dash: 112ms
          ratio: 11.25x
          confusion: 33.3%

[t=02:46] 🔴 HIGH QRM — 50%+ confusion — multiple stations or heavy interference
          SNR: 21.9dB
          freq: 734Hz
          dot: 32ms
          dash: 91ms
          ratio: 2.84x
          confusion: 100.0%

[t=02:47] ⚠️  HIGH CONFUSION — 25%+ unrecognized — weak signal or timing errors
          SNR: 24.3dB
          freq: 705Hz
          dot: 45ms
          dash: 70ms
          ratio: 1.56x
          confusion: 33.3%

[t=02:49] ⚠️  HIGH CONFUSION — 25%+ unrecognized — weak signal or timing errors
          SNR: 26.1dB
          freq: 705Hz
          dot: 44ms
          dash: 50ms
          ratio: 1.14x
          confusion: 33.3%

[t=02:50] 🔴 HIGH QRM — 50%+ confusion — multiple stations or heavy interference
          SNR: 24.0dB
          freq: 785Hz
          dot: 45ms
          dash: 126ms
          ratio: 2.80x
          confusion: 66.7%

[t=02:50] ⚠️  FREQUENCY DRIFT — 705Hz → 785Hz
          SNR: 24.0dB
          freq: 785Hz
          dot: 45ms
          dash: 126ms
          ratio: 2.80x
          confusion: 66.7%

[t=02:51] ⚠️  HIGH CONFUSION — 25%+ unrecognized — weak signal or timing errors
          SNR: 23.0dB
          freq: 785Hz
          dot: 35ms
          dash: 100ms
          ratio: 2.86x
          confusion: 50.0%

[t=02:52] 🔴 HIGH QRM — 50%+ confusion — multiple stations or heavy interference
          SNR: 22.8dB
          freq: 702Hz
          dot: 10ms
          dash: 50ms
          ratio: 5.00x
          confusion: 100.0%

[t=02:52] ⚠️  FREQUENCY DRIFT — 785Hz → 702Hz
          SNR: 22.8dB
          freq: 702Hz
          dot: 10ms
          dash: 50ms
          ratio: 5.00x
          confusion: 100.0%

[t=02:53] 🔴 HIGH QRM — 50%+ confusion — multiple stations or heavy interference
          SNR: 23.7dB
          freq: 702Hz
          dot: 45ms
          dash: 51ms
          ratio: 1.14x
          confusion: 66.7%

[t=02:54] ⚠️  HIGH CONFUSION — 25%+ unrecognized — weak signal or timing errors
          SNR: 24.4dB
          freq: 784Hz
          dot: 45ms
          dash: 66ms
          ratio: 1.47x
          confusion: 50.0%

[t=02:54] ⚠️  FREQUENCY DRIFT — 702Hz → 784Hz
          SNR: 24.4dB
          freq: 784Hz
          dot: 45ms
          dash: 66ms
          ratio: 1.47x
          confusion: 50.0%

[t=02:56] ⚠️  HIGH CONFUSION — 25%+ unrecognized — weak signal or timing errors
          SNR: 21.9dB
          freq: 784Hz
          dot: 15ms
          dash: 65ms
          ratio: 4.33x
          confusion: 50.0%

[t=02:57] 🔴 HIGH QRM — 50%+ confusion — multiple stations or heavy interference
          SNR: 20.0dB
          freq: 731Hz
          dot: 20ms
          dash: 115ms
          ratio: 5.75x
          confusion: 100.0%

[t=02:57] ⚠️  FREQUENCY DRIFT — 784Hz → 731Hz
          SNR: 20.0dB
          freq: 731Hz
          dot: 20ms
          dash: 115ms
          ratio: 5.75x
          confusion: 100.0%

[t=02:58] 🔴 HIGH QRM — 50%+ confusion — multiple stations or heavy interference
          SNR: 18.5dB
          freq: 731Hz
          dot: 25ms
          dash: 94ms
          ratio: 3.74x
          confusion: 100.0%

[t=02:59] 🔴 HIGH QRM — 50%+ confusion — multiple stations or heavy interference
          SNR: 18.4dB
          freq: 731Hz
          dot: 29ms
          dash: 160ms
          ratio: 5.44x
          confusion: 100.0%

[t=03:01] 🔴 HIGH QRM — 50%+ confusion — multiple stations or heavy interference
          SNR: 18.7dB
          freq: 731Hz
          dot: 35ms
          dash: 127ms
          ratio: 3.63x
          confusion: 100.0%

[t=03:02] 🔴 HIGH QRM — 50%+ confusion — multiple stations or heavy interference
          SNR: 23.2dB
          freq: 702Hz
          dot: 35ms
          dash: 95ms
          ratio: 2.71x
          confusion: 100.0%

[t=03:03] ⚠️  HIGH CONFUSION — 25%+ unrecognized — weak signal or timing errors
          SNR: 30.1dB
          freq: 702Hz
          dot: 45ms
          dash: 54ms
          ratio: 1.21x
          confusion: 50.0%

[t=03:04] ⚠️  HIGH CONFUSION — 25%+ unrecognized — weak signal or timing errors
          SNR: 28.3dB
          freq: 702Hz
          dot: 30ms
          dash: 50ms
          ratio: 1.69x
          confusion: 40.0%

[t=03:06] ⚠️  HIGH CONFUSION — 25%+ unrecognized — weak signal or timing errors
          SNR: 24.3dB
          freq: 703Hz
          dot: 15ms
          dash: 92ms
          ratio: 6.17x
          confusion: 50.0%

[t=03:07] 🔴 HIGH QRM — 50%+ confusion — multiple stations or heavy interference
          SNR: 22.6dB
          freq: 703Hz
          dot: 45ms
          dash: 132ms
          ratio: 2.93x
          confusion: 100.0%

[t=03:08] 🔴 HIGH QRM — 50%+ confusion — multiple stations or heavy interference
          SNR: 22.8dB
          freq: 731Hz
          dot: 25ms
          dash: 92ms
          ratio: 3.70x
          confusion: 100.0%

[t=03:09] 🔴 HIGH QRM — 50%+ confusion — multiple stations or heavy interference
          SNR: 18.4dB
          freq: 731Hz
          dot: 11ms
          dash: 100ms
          ratio: 9.05x
          confusion: 100.0%

[t=03:10] 🔴 HIGH QRM — 50%+ confusion — multiple stations or heavy interference
          SNR: 18.2dB
          freq: 731Hz
          dot: 10ms
          dash: 82ms
          ratio: 8.25x
          confusion: 100.0%

[t=03:11] ⚠️  HIGH CONFUSION — 25%+ unrecognized — weak signal or timing errors
          SNR: 23.6dB
          freq: 703Hz
          dot: 25ms
          dash: 84ms
          ratio: 3.36x
          confusion: 50.0%

[t=03:13] 🔴 HIGH QRM — 50%+ confusion — multiple stations or heavy interference
          SNR: 27.8dB
          freq: 704Hz
          dot: 45ms
          dash: 50ms
          ratio: 1.11x
          confusion: 66.7%

[t=03:14] 🔴 HIGH QRM — 50%+ confusion — multiple stations or heavy interference
          SNR: 28.2dB
          freq: 704Hz
          dot: 50ms
          dash: 101ms
          ratio: 2.02x
          confusion: 66.7%

[t=03:15] ⚠️  HIGH CONFUSION — 25%+ unrecognized — weak signal or timing errors
          SNR: 24.9dB
          freq: 732Hz
          dot: 34ms
          dash: 107ms
          ratio: 3.10x
          confusion: 33.3%

[t=03:16] ⚠️  HIGH CONFUSION — 25%+ unrecognized — weak signal or timing errors
          SNR: 20.0dB
          freq: 732Hz
          dot: 17ms
          dash: 123ms
          ratio: 7.24x
          confusion: 50.0%

[t=03:17] 🔴 HIGH QRM — 50%+ confusion — multiple stations or heavy interference
          SNR: 18.3dB
          freq: 732Hz
          dot: 21ms
          dash: 105ms
          ratio: 5.00x
          confusion: 100.0%

[t=03:18] 🔴 HIGH QRM — 50%+ confusion — multiple stations or heavy interference
          SNR: 18.3dB
          freq: 732Hz
          dot: 20ms
          dash: 120ms
          ratio: 6.00x
          confusion: 100.0%

[t=03:19] 🔴 HIGH QRM — 50%+ confusion — multiple stations or heavy interference
          SNR: 17.9dB
          freq: 732Hz
          dot: 53ms
          dash: 135ms
          ratio: 2.55x
          confusion: 100.0%

[t=03:20] 🔴 HIGH QRM — 50%+ confusion — multiple stations or heavy interference
          SNR: 18.9dB
          freq: 732Hz
          dot: 15ms
          dash: 77ms
          ratio: 5.13x
          confusion: 100.0%

[t=03:21] 🔴 HIGH QRM — 50%+ confusion — multiple stations or heavy interference
          SNR: 21.8dB
          freq: 703Hz
          dot: 25ms
          dash: 65ms
          ratio: 2.60x
          confusion: 100.0%

[t=03:22] 🔴 HIGH QRM — 50%+ confusion — multiple stations or heavy interference
          SNR: 24.5dB
          freq: 703Hz
          dot: 40ms
          dash: 50ms
          ratio: 1.28x
          confusion: 66.7%

[t=03:23] 🔴 HIGH QRM — 50%+ confusion — multiple stations or heavy interference
          SNR: 25.5dB
          freq: 703Hz
          dot: 30ms
          dash: 65ms
          ratio: 2.17x
          confusion: 66.7%

[t=03:24] 🔴 HIGH QRM — 50%+ confusion — multiple stations or heavy interference
          SNR: 23.7dB
          freq: 703Hz
          dot: 30ms
          dash: 56ms
          ratio: 1.87x
          confusion: 66.7%

[t=03:25] ⚠️  HIGH CONFUSION — 25%+ unrecognized — weak signal or timing errors
          SNR: 21.4dB
          freq: 732Hz
          dot: 20ms
          dash: 90ms
          ratio: 4.41x
          confusion: 33.3%

[t=03:26] 🔴 HIGH QRM — 50%+ confusion — multiple stations or heavy interference
          SNR: 18.6dB
          freq: 731Hz
          dot: 24ms
          dash: 100ms
          ratio: 4.10x
          confusion: 100.0%

[t=03:28] 🔴 HIGH QRM — 50%+ confusion — multiple stations or heavy interference
          SNR: 22.9dB
          freq: 731Hz
          dot: 25ms
          dash: 69ms
          ratio: 2.76x
          confusion: 100.0%

[t=03:29] ⚠️  TIMING UNSTABLE — ratio=1.19x outside normal range 2.0-4.0x
          SNR: 28.8dB
          freq: 703Hz
          dot: 40ms
          dash: 48ms
          ratio: 1.19x
          confusion: 20.0%

[t=03:30] ⚠️  TIMING UNSTABLE — ratio=1.00x outside normal range 2.0-4.0x
          SNR: 28.2dB
          freq: 702Hz
          dot: 50ms
          dash: 50ms
          ratio: 1.00x
          confusion: 0.0%

[t=03:31] 🔴 HIGH QRM — 50%+ confusion — multiple stations or heavy interference
          SNR: 26.1dB
          freq: 703Hz
          dot: 15ms
          dash: 50ms
          ratio: 3.33x
          confusion: 100.0%

[t=03:32] 🔴 HIGH QRM — 50%+ confusion — multiple stations or heavy interference
          SNR: 26.8dB
          freq: 703Hz
          dot: 45ms
          dash: 50ms
          ratio: 1.11x
          confusion: 66.7%

[t=03:34] ⚠️  HIGH CONFUSION — 25%+ unrecognized — weak signal or timing errors
          SNR: 27.1dB
          freq: 703Hz
          dot: 14ms
          dash: 50ms
          ratio: 3.57x
          confusion: 50.0%

[t=03:35] ⚠️  HIGH CONFUSION — 25%+ unrecognized — weak signal or timing errors
          SNR: 24.0dB
          freq: 731Hz
          dot: 20ms
          dash: 75ms
          ratio: 3.75x
          confusion: 33.3%

[t=03:36] 🔴 HIGH QRM — 50%+ confusion — multiple stations or heavy interference
          SNR: 20.7dB
          freq: 731Hz
          dot: 15ms
          dash: 71ms
          ratio: 4.73x
          confusion: 100.0%

[t=03:37] 🔴 HIGH QRM — 50%+ confusion — multiple stations or heavy interference
          SNR: 18.9dB
          freq: 731Hz
          dot: 20ms
          dash: 70ms
          ratio: 3.50x
          confusion: 100.0%

[t=03:39] 🔴 HIGH QRM — 50%+ confusion — multiple stations or heavy interference
          SNR: 18.6dB
          freq: 731Hz
          dot: 29ms
          dash: 87ms
          ratio: 3.00x
          confusion: 100.0%

[t=03:40] 🔴 HIGH QRM — 50%+ confusion — multiple stations or heavy interference
          SNR: 18.5dB
          freq: 822Hz
          dot: 22ms
          dash: 101ms
          ratio: 4.59x
          confusion: 100.0%

[t=03:40] ⚠️  FREQUENCY DRIFT — 731Hz → 822Hz
          SNR: 18.5dB
          freq: 822Hz
          dot: 22ms
          dash: 101ms
          ratio: 4.59x
          confusion: 100.0%

[t=03:41] ⚠️  HIGH CONFUSION — 25%+ unrecognized — weak signal or timing errors
          SNR: 24.6dB
          freq: 702Hz
          dot: 45ms
          dash: 55ms
          ratio: 1.22x
          confusion: 40.0%

[t=03:41] ⚠️  FREQUENCY DRIFT — 822Hz → 702Hz
          SNR: 24.6dB
          freq: 702Hz
          dot: 45ms
          dash: 55ms
          ratio: 1.22x
          confusion: 40.0%

[t=03:42] ⚠️  TIMING UNSTABLE — ratio=1.31x outside normal range 2.0-4.0x
          SNR: 27.4dB
          freq: 702Hz
          dot: 45ms
          dash: 59ms
          ratio: 1.31x
          confusion: 16.7%

[t=03:43] 🔴 HIGH QRM — 50%+ confusion — multiple stations or heavy interference
          SNR: 25.8dB
          freq: 702Hz
          dot: 48ms
          dash: 75ms
          ratio: 1.55x
          confusion: 66.7%

[t=03:44] ⚠️  HIGH CONFUSION — 25%+ unrecognized — weak signal or timing errors
          SNR: 23.4dB
          freq: 702Hz
          dot: 27ms
          dash: 50ms
          ratio: 1.85x
          confusion: 33.3%

[t=03:45] 🔴 HIGH QRM — 50%+ confusion — multiple stations or heavy interference
          SNR: 19.5dB
          freq: 731Hz
          dot: 15ms
          dash: 61ms
          ratio: 4.07x
          confusion: 100.0%

[t=03:46] 🔴 HIGH QRM — 50%+ confusion — multiple stations or heavy interference
          SNR: 18.4dB
          freq: 731Hz
          dot: 25ms
          dash: 98ms
          ratio: 3.92x
          confusion: 100.0%

[t=03:47] 🔴 HIGH QRM — 50%+ confusion — multiple stations or heavy interference
          SNR: 19.7dB
          freq: 731Hz
          dot: 45ms
          dash: 126ms
          ratio: 2.80x
          confusion: 100.0%

[t=03:48] ⚠️  HIGH CONFUSION — 25%+ unrecognized — weak signal or timing errors
          SNR: 24.2dB
          freq: 704Hz
          dot: 40ms
          dash: 82ms
          ratio: 2.05x
          confusion: 33.3%

[t=03:49] ⚠️  HIGH CONFUSION — 25%+ unrecognized — weak signal or timing errors
          SNR: 25.3dB
          freq: 704Hz
          dot: 40ms
          dash: 50ms
          ratio: 1.25x
          confusion: 50.0%

[t=03:51] ⚠️  HIGH CONFUSION — 25%+ unrecognized — weak signal or timing errors
          SNR: 25.1dB
          freq: 704Hz
          dot: 15ms
          dash: 50ms
          ratio: 3.33x
          confusion: 33.3%

[t=03:52] ⚠️  HIGH CONFUSION — 25%+ unrecognized — weak signal or timing errors
          SNR: 23.6dB
          freq: 704Hz
          dot: 14ms
          dash: 58ms
          ratio: 4.14x
          confusion: 50.0%

[t=03:53] ⚠️  HIGH CONFUSION — 25%+ unrecognized — weak signal or timing errors
          SNR: 23.6dB
          freq: 704Hz
          dot: 32ms
          dash: 98ms
          ratio: 3.00x
          confusion: 33.3%

[t=03:54] ⚠️  HIGH CONFUSION — 25%+ unrecognized — weak signal or timing errors
          SNR: 24.8dB
          freq: 703Hz
          dot: 30ms
          dash: 98ms
          ratio: 3.27x
          confusion: 33.3%

[t=03:55] ⚠️  HIGH CONFUSION — 25%+ unrecognized — weak signal or timing errors
          SNR: 27.2dB
          freq: 704Hz
          dot: 44ms
          dash: 46ms
          ratio: 1.07x
          confusion: 50.0%

[t=03:56] ⚠️  TIMING UNSTABLE — ratio=1.04x outside normal range 2.0-4.0x
          SNR: 28.2dB
          freq: 704Hz
          dot: 45ms
          dash: 47ms
          ratio: 1.04x
          confusion: 16.7%

[t=03:57] ⚠️  HIGH CONFUSION — 25%+ unrecognized — weak signal or timing errors
          SNR: 26.3dB
          freq: 704Hz
          dot: 45ms
          dash: 50ms
          ratio: 1.11x
          confusion: 50.0%

[t=03:58] ⚠️  TIMING UNSTABLE — ratio=1.11x outside normal range 2.0-4.0x
          SNR: 28.2dB
          freq: 704Hz
          dot: 45ms
          dash: 50ms
          ratio: 1.11x
          confusion: 25.0%

[t=03:59] ⚠️  TIMING UNSTABLE — ratio=5.00x outside normal range 2.0-4.0x
          SNR: 27.8dB
          freq: 704Hz
          dot: 10ms
          dash: 50ms
          ratio: 5.00x
          confusion: 25.0%

[t=04:01] 🔴 HIGH QRM — 50%+ confusion — multiple stations or heavy interference
          SNR: 26.5dB
          freq: 704Hz
          dot: 30ms
          dash: 50ms
          ratio: 1.69x
          confusion: 66.7%

[t=04:02] ⚠️  HIGH CONFUSION — 25%+ unrecognized — weak signal or timing errors
          SNR: 21.4dB
          freq: 704Hz
          dot: 15ms
          dash: 58ms
          ratio: 3.87x
          confusion: 50.0%

[t=04:03] 🔴 HIGH QRM — 50%+ confusion — multiple stations or heavy interference
          SNR: 19.0dB
          freq: 733Hz
          dot: 20ms
          dash: 91ms
          ratio: 4.55x
          confusion: 100.0%

[t=04:04] 🔴 HIGH QRM — 50%+ confusion — multiple stations or heavy interference
          SNR: 18.9dB
          freq: 733Hz
          dot: 20ms
          dash: 76ms
          ratio: 3.82x
          confusion: 100.0%
